******************************************************************************
                  TI ARM Linker PC v18.1.2                     
******************************************************************************
>> Linked Tue Oct 23 18:24:59 2018

OUTPUT FILE NAME:   <Lab3_starter.out>
ENTRY POINT SYMBOL: "_c_int00_noargs"  address: 000021f9


MEMORY CONFIGURATION

         name            origin    length      used     unused   attr    fill
----------------------  --------  ---------  --------  --------  ----  --------
  MAIN                  00000000   00040000  00002fce  0003d032  R  X
  INFO                  00200000   00004000  00000000  00004000  R  X
  SRAM_CODE             01000000   00010000  0000026e  0000fd92  RW X
  SRAM_DATA             20000000   00010000  0000026e  0000fd92  RW  


SEGMENT ALLOCATION MAP

run origin  load origin   length   init length attrs members
----------  ----------- ---------- ----------- ----- -------
00000000    00000000    00002fd0   00002fd0    r-x
  00000000    00000000    000000e4   000000e4    r-- .intvecs
  000000e4    000000e4    000027ba   000027ba    r-x .text
  000028a0    000028a0    000006e8   000006e8    r-- .const
  00002f88    00002f88    00000048   00000048    r-- .cinit
20000000    20000000    00000070   00000000    rw-
  20000000    20000000    0000004a   00000000    rw- .bss
  2000004c    2000004c    00000024   00000000    rw- .data
2000fe00    2000fe00    00000200   00000000    rw-
  2000fe00    2000fe00    00000200   00000000    rw- .stack


SECTION ALLOCATION MAP

 output                                  attributes/
section   page    origin      length       input sections
--------  ----  ----------  ----------   ----------------
.intvecs   0    00000000    000000e4     
                  00000000    000000e4     startup_msp432p401r_ccs.obj (.intvecs:retain)

.text      0    000000e4    000027ba     
                  000000e4    0000047e     grlib.a : string.obj (.text:Graphics_drawString)
                  00000562    0000022a             : circle.obj (.text:Graphics_fillCircle)
                  0000078c    000001d8     Crystalfontz128x128_ST7735.obj (.text:Crystalfontz128x128_PixelDrawMultiple)
                  00000964    00000160     graphics_HAL.obj (.text:MoveCircle)
                  00000ac4    00000160     msp432p4xx_driverlib.lib : adc14.o (.text:_getIndexForMemRegister)
                  00000c24    00000134     Crystalfontz128x128_ST7735.obj (.text:Crystalfontz128x128_SetDrawFrame)
                  00000d58    0000012c     Crystalfontz128x128_ST7735.obj (.text:Crystalfontz128x128_Init)
                  00000e84    000000f0     Lab3_starter_main.obj (.text:ModifyLEDColor)
                  00000f74    000000ce     ButtonLED_HAL.obj (.text:Debounce)
                  00001042    00000002     startup_msp432p401r_ccs.obj (.text:Default_Handler)
                  00001044    000000c8     Lab3_starter_main.obj (.text:main)
                  0000110c    000000bc     system_msp432p401r.obj (.text:SystemInit)
                  000011c8    000000b0     msp432p4xx_driverlib.lib : spi.o (.text:SPI_initMaster)
                  00001278    000000a8                              : adc14.o (.text:ADC14_configureMultiSequenceMode)
                  00001320    000000a8     Timer32_HAL.obj (.text:OneShotSWTimerExpired)
                  000013c8    000000a4     msp432p4xx_driverlib.lib : adc14.o (.text:ADC14_configureConversionMemory)
                  0000146c    000000a2     grlib.a : rectangle.obj (.text:Graphics_drawRectangle)
                  0000150e    0000009c     Crystalfontz128x128_ST7735.obj (.text:Crystalfontz128x128_RectFill)
                  000015aa    0000009c     grlib.a : line.obj (.text:Graphics_drawLineH)
                  00001646    0000009c             : line.obj (.text:Graphics_drawLineV)
                  000016e2    0000009c     rtsv7M4_T_le_v4SPD16_eabi.lib : memcpy_t2.asm.obj (.text)
                  0000177e    00000002     --HOLE-- [fill = 0]
                  00001780    00000088     msp432p4xx_driverlib.lib : gpio.o (.text:GPIO_setAsPeripheralModuleFunctionInputPin)
                  00001808    00000088                              : gpio.o (.text:GPIO_setAsPeripheralModuleFunctionOutputPin)
                  00001890    00000082     graphics_HAL.obj (.text:make_5digit_NumString)
                  00001912    00000002     --HOLE-- [fill = 0]
                  00001914    00000080     msp432p4xx_driverlib.lib : interrupt.o (.text:Interrupt_enableInterrupt)
                  00001994    0000007f     graphics_HAL.obj (.text:drawXY)
                  00001a13    00000001     --HOLE-- [fill = 0]
                  00001a14    00000078     graphics_HAL.obj (.text:draw_Base)
                  00001a8c    00000068     msp432p4xx_driverlib.lib : timer32.o (.text:Timer32_initModule)
                  00001af4    00000068     rtsv7M4_T_le_v4SPD16_eabi.lib : copy_decompress_lzss.c.obj (.text:decompress:lzss:__TI_decompress_lzss)
                  00001b5c    00000064     Timer32_HAL.obj (.text:initHWTimer0)
                  00001bc0    00000064     Timer32_HAL.obj (.text:initHWTimer1)
                  00001c24    00000060     Crystalfontz128x128_ST7735.obj (.text:Crystalfontz128x128_LineDrawH)
                  00001c84    00000060     Crystalfontz128x128_ST7735.obj (.text:Crystalfontz128x128_LineDrawV)
                  00001ce4    00000058     msp432p4xx_driverlib.lib : gpio.o (.text:GPIO_setAsInputPinWithPullUpResistor)
                  00001d3c    00000056     Timer32_HAL.obj (.text:startHWTimer)
                  00001d92    00000002     --HOLE-- [fill = 0]
                  00001d94    00000054     msp432p4xx_driverlib.lib : adc14.o (.text:ADC14_initModule)
                  00001de8    00000054     Crystalfontz128x128_ST7735.obj (.text:Crystalfontz128x128_SetOrientation)
                  00001e3c    00000054     Lab3_starter_main.obj (.text:initialize)
                  00001e90    00000052     grlib.a : context.obj (.text:Graphics_initContext)
                  00001ee2    0000004c     ButtonLED_HAL.obj (.text:ButtonPushed)
                  00001f2e    0000004a     graphics_HAL.obj (.text:make_3digit_NumString)
                  00001f78    00000048     ButtonLED_HAL.obj (.text:initButton)
                  00001fc0    00000044     graphics_HAL.obj (.text:InitGraphics)
                  00002004    00000044     rtsv7M4_T_le_v4SPD16_eabi.lib : autoinit.c.obj (.text:__TI_auto_init_nobinit_nopinit:__TI_auto_init_nobinit_nopinit)
                  00002048    00000040     Crystalfontz128x128_ST7735.obj (.text:Crystalfontz128x128_PixelDraw)
                  00002088    00000040     msp432p4xx_driverlib.lib : gpio.o (.text:GPIO_setAsOutputPin)
                  000020c8    00000040     grlib.a : string.obj (.text:Graphics_getNumberOfLeadingZeros)
                  00002108    00000040     HAL_MSP_EXP432P401R_Crystalfontz128x128_ST7735.obj (.text:HAL_LCD_SpiInit)
                  00002148    00000040     msp432p4xx_driverlib.lib : spi.o (.text:is_A_Module)
                  00002188    00000038     HAL_MSP_EXP432P401R_Crystalfontz128x128_ST7735.obj (.text:HAL_LCD_writeCommand)
                  000021c0    00000038     msp432p4xx_driverlib.lib : timer32.o (.text:Timer32_startTimer)
                  000021f8    00000038     rtsv7M4_T_le_v4SPD16_eabi.lib : boot_cortex_m.c.obj (.text:_c_int00_noargs:_c_int00_noargs)
                  00002230    00000036     grlib.a : display.obj (.text:Graphics_drawHorizontalLineOnDisplay)
                  00002266    00000036             : display.obj (.text:Graphics_drawVerticalLineOnDisplay)
                  0000229c    00000034     msp432p4xx_driverlib.lib : adc14.o (.text:ADC14_enableSampleTimer)
                  000022d0    00000034                              : timer32.o (.text:Timer32_setCount)
                  00002304    00000030                              : gpio.o (.text:GPIO_getInputPinValue)
                  00002334    00000030     HAL_MSP_EXP432P401R_Crystalfontz128x128_ST7735.obj (.text:HAL_LCD_PortInit)
                  00002364    00000030     ADC_HAL.obj (.text:initJoyStick)
                  00002394    0000002c     msp432p4xx_driverlib.lib : adc14.o (.text:ADC14_toggleConversionTrigger)
                  000023c0    0000002c     Crystalfontz128x128_ST7735.obj (.text:Crystalfontz128x128_ClearScreen)
                  000023ec    0000002c     grlib.a : display.obj (.text:Graphics_drawPixelOnDisplay)
                  00002418    0000002c     HAL_MSP_EXP432P401R_Crystalfontz128x128_ST7735.obj (.text:HAL_LCD_writeData)
                  00002444    00000028     msp432p4xx_driverlib.lib : adc14.o (.text:ADC14_enableConversion)
                  0000246c    00000028     Crystalfontz128x128_ST7735.obj (.text:Crystalfontz128x128_ColorTranslate)
                  00002494    00000028     msp432p4xx_driverlib.lib : gpio.o (.text:GPIO_setOutputHighOnPin)
                  000024bc    00000028                              : gpio.o (.text:GPIO_setOutputLowOnPin)
                  000024e4    00000028                              : gpio.o (.text:GPIO_toggleOutputOnPin)
                  0000250c    00000026     Timer32_HAL.obj (.text:WaitCycles)
                  00002532    00000002     --HOLE-- [fill = 0]
                  00002534    00000024     msp432p4xx_driverlib.lib : wdt_a.o (.text:WDT_A_holdTimer)
                  00002558    00000024     ADC_HAL.obj (.text:initADC)
                  0000257c    0000001e     Timer32_HAL.obj (.text:InitOneShotSWTimer)
                  0000259a    0000001e     Timer32_HAL.obj (.text:StartOneShotSWTimer)
                  000025b8    0000001c     msp432p4xx_driverlib.lib : adc14.o (.text:ADC14_getResult)
                  000025d4    0000001c                              : spi.o (.text:SPI_enableModule)
                  000025f0    0000001c     Timer32_HAL.obj (.text:T32_INT1_IRQHandler)
                  0000260c    0000001c     ADC_HAL.obj (.text:getSampleJoyStick)
                  00002628    0000001a     grlib.a : display.obj (.text:Graphics_clearDisplayOnDisplay)
                  00002642    0000001a             : context.obj (.text:Graphics_setBackgroundColor)
                  0000265c    0000001a             : context.obj (.text:Graphics_setFont)
                  00002676    00000018     rtsv7M4_T_le_v4SPD16_eabi.lib : ll_mul_t2.asm.obj (.text)
                  0000268e    00000016     msp432p4xx_driverlib.lib : spi.o (.text:EUSCI_A_SPI_enable)
                  000026a4    00000016                              : spi.o (.text:EUSCI_B_SPI_enable)
                  000026ba    00000016     grlib.a : context.obj (.text:Graphics_setForegroundColor)
                  000026d0    00000016             : display.obj (.text:Graphics_translateColorOnDisplay)
                  000026e6    00000014     ButtonLED_HAL.obj (.text:LaunchpadLeftButton_pressed)
                  000026fa    00000014     ButtonLED_HAL.obj (.text:LaunchpadRightButton_pressed)
                  0000270e    00000014     msp432p4xx_driverlib.lib : timer32.o (.text:Timer32_clearInterruptFlag)
                  00002722    00000012     grlib.a : context.obj (.text:Graphics_clearDisplay)
                  00002734    00000012     rtsv7M4_T_le_v4SPD16_eabi.lib : copy_zero_init.c.obj (.text:decompress:ZI:__TI_zero_init_nomemset:__TI_zero_init_nomemset)
                  00002746    00000002     --HOLE-- [fill = 0]
                  00002748    00000010     msp432p4xx_driverlib.lib : adc14.o (.text:ADCIsConversionRunning)
                  00002758    0000000e     graphics_HAL.obj (.text:InitFonts)
                  00002766    0000000e     msp432p4xx_driverlib.lib : timer32.o (.text:Timer32_getValue)
                  00002774    0000000e     rtsv7M4_T_le_v4SPD16_eabi.lib : copy_decompress_none.c.obj (.text:decompress:none:__TI_decompress_none)
                  00002782    00000002     --HOLE-- [fill = 0]
                  00002784    0000000c     msp432p4xx_driverlib.lib : adc14.o (.text:ADC14_enableModule)
                  00002790    0000000c     startup_msp432p401r_ccs.obj (.text:Reset_Handler)
                  0000279c    0000000c     ButtonLED_HAL.obj (.text:initialize_BoosterpackLED_blue)
                  000027a8    0000000c     ButtonLED_HAL.obj (.text:initialize_BoosterpackLED_green)
                  000027b4    0000000c     ButtonLED_HAL.obj (.text:initialize_BoosterpackLED_red)
                  000027c0    0000000c     ButtonLED_HAL.obj (.text:initialize_LaunchpadLED1)
                  000027cc    0000000c     ButtonLED_HAL.obj (.text:initialize_LaunchpadLED2_blue)
                  000027d8    0000000c     ButtonLED_HAL.obj (.text:initialize_LaunchpadLED2_green)
                  000027e4    0000000c     ButtonLED_HAL.obj (.text:initialize_LaunchpadLED2_red)
                  000027f0    0000000c     ADC_HAL.obj (.text:startADC)
                  000027fc    0000000c     ButtonLED_HAL.obj (.text:toggle_BoosterpackLED_blue)
                  00002808    0000000c     ButtonLED_HAL.obj (.text:toggle_BoosterpackLED_green)
                  00002814    0000000c     ButtonLED_HAL.obj (.text:toggle_BoosterpackLED_red)
                  00002820    0000000c     ButtonLED_HAL.obj (.text:turnOff_BoosterpackLED_blue)
                  0000282c    0000000c     ButtonLED_HAL.obj (.text:turnOff_BoosterpackLED_green)
                  00002838    0000000c     ButtonLED_HAL.obj (.text:turnOff_LaunchpadLED1)
                  00002844    0000000c     ButtonLED_HAL.obj (.text:turnOff_LaunchpadLED2_blue)
                  00002850    0000000c     ButtonLED_HAL.obj (.text:turnOff_LaunchpadLED2_green)
                  0000285c    0000000c     ButtonLED_HAL.obj (.text:turnOff_LaunchpadLED2_red)
                  00002868    0000000c     ButtonLED_HAL.obj (.text:turnOn_BoosterpackLED_red)
                  00002874    0000000c     ButtonLED_HAL.obj (.text:turnOn_LaunchpadLED1)
                  00002880    0000000c     ButtonLED_HAL.obj (.text:turnOn_LaunchpadLED2_red)
                  0000288c    0000000a     Crystalfontz128x128_ST7735.obj (.text:Crystalfontz128x128_Flush)
                  00002896    00000004     rtsv7M4_T_le_v4SPD16_eabi.lib : pre_init.c.obj (.text:_system_pre_init)
                  0000289a    00000004                                   : exit.c.obj (.text:abort:abort)

.const     0    000028a0    000006e8     
                  000028a0    00000521     grlib.a : fontcmtt12.obj (.const:.string:g_pucCmtt12Data)
                  00002dc1    00000003     --HOLE-- [fill = 0]
                  00002dc4    000000c8             : fontcmtt12.obj (.const:g_sFontCmtt12)
                  00002e8c    00000080     msp432p4xx_driverlib.lib : adc14.o (.const:_ctlRegs)
                  00002f0c    00000030                              : gpio.o (.const:GPIO_PORT_TO_BASE)
                  00002f3c    00000020     Crystalfontz128x128_ST7735.obj (.const:g_sCrystalfontz128x128_funcs)
                  00002f5c    0000001c     HAL_MSP_EXP432P401R_Crystalfontz128x128_ST7735.obj (.const:$P$T0$1)
                  00002f78    00000008     Crystalfontz128x128_ST7735.obj (.const:$P$T0$1)
                  00002f80    00000008     msp432p4xx_driverlib.lib : interrupt.o (.const:g_pulEnRegs)

.cinit     0    00002f88    00000048     
                  00002f88    00000020     (.cinit..data.load) [load image, compression = lzss]
                  00002fa8    0000000c     (__TI_handler_table)
                  00002fb4    00000004     --HOLE-- [fill = 0]
                  00002fb8    00000008     (.cinit..bss.load) [load image, compression = zero_init]
                  00002fc0    00000010     (__TI_cinit_table)

.init_array 
*          0    00000000    00000000     UNINITIALIZED

.binit     0    00000000    00000000     

.bss       0    20000000    0000004a     UNINITIALIZED
                  20000000    00000018     (.common:timer0)
                  20000018    00000018     (.common:timer1)
                  20000030    00000010     graphics_HAL.obj (.bss:yMoveTimer$5)
                  20000040    00000002     (.common:Lcd_ScreenHeigth)
                  20000042    00000002     (.common:Lcd_ScreenWidth)
                  20000044    00000002     (.common:Lcd_TouchTrim)
                  20000046    00000001     (.common:Lcd_FlagRead)
                  20000047    00000001     (.common:Lcd_FontSolid)
                  20000048    00000001     (.common:Lcd_Orientation)
                  20000049    00000001     (.common:Lcd_PenSolid)

.data      0    2000004c    00000024     UNINITIALIZED
                  2000004c    00000011     graphics_HAL.obj (.data)
                  2000005d    00000001     Lab3_starter_main.obj (.data)
                  2000005e    00000002     --HOLE--
                  20000060    00000010     Crystalfontz128x128_ST7735.obj (.data:g_sCrystalfontz128x128)

.stack     0    2000fe00    00000200     UNINITIALIZED
                  2000fe00    00000004     rtsv7M4_T_le_v4SPD16_eabi.lib : boot_cortex_m.c.obj (.stack)
                  2000fe04    000001fc     --HOLE--

MODULE SUMMARY

       Module                                               code    ro data   rw data
       ------                                               ----    -------   -------
    .\
       graphics_HAL.obj                                     885     0         66     
       Timer32_HAL.obj                                      580     0         96     
       ButtonLED_HAL.obj                                    622     0         0      
       Lab3_starter_main.obj                                524     0         2      
       system_msp432p401r.obj                               188     0         0      
       ADC_HAL.obj                                          124     0         0      
    +--+----------------------------------------------------+-------+---------+---------+
       Total:                                               2923    0         164    
                                                                                     
    .\LcdDriver\
       Crystalfontz128x128_ST7735.obj                       1670    40        52     
       HAL_MSP_EXP432P401R_Crystalfontz128x128_ST7735.obj   212     28        0      
    +--+----------------------------------------------------+-------+---------+---------+
       Total:                                               1882    68        52     
                                                                                     
    .\ccs\
       startup_msp432p401r_ccs.obj                          14      228       0      
    +--+----------------------------------------------------+-------+---------+---------+
       Total:                                               14      228       0      
                                                                                     
    C:/ti/simplelink_msp432p4_sdk_2_20_00_12/source/ti/devices/msp432p4xx/driverlib/ccs/msp432p4xx_driverlib.lib
       adc14.o                                              960     128       0      
       gpio.o                                               592     48        0      
       spi.o                                                312     0         0      
       timer32.o                                            246     0         0      
       interrupt.o                                          128     8         0      
       wdt_a.o                                              36      0         0      
    +--+----------------------------------------------------+-------+---------+---------+
       Total:                                               2274    184       0      
                                                                                     
    C:/ti/simplelink_msp432p4_sdk_2_20_00_12/source/ti/grlib/lib/ccs/m4f/grlib.a
       fontcmtt12.obj                                       0       1513      0      
       string.obj                                           1214    0         0      
       circle.obj                                           554     0         0      
       line.obj                                             312     0         0      
       display.obj                                          200     0         0      
       context.obj                                          174     0         0      
       rectangle.obj                                        162     0         0      
    +--+----------------------------------------------------+-------+---------+---------+
       Total:                                               2616    1513      0      
                                                                                     
    C:\ti\ccsv8\tools\compiler\ti-cgt-arm_18.1.2.LTS\lib\rtsv7M4_T_le_v4SPD16_eabi.lib
       memcpy_t2.asm.obj                                    156     0         0      
       copy_decompress_lzss.c.obj                           104     0         0      
       autoinit.c.obj                                       68      0         0      
       boot_cortex_m.c.obj                                  56      0         0      
       ll_mul_t2.asm.obj                                    24      0         0      
       copy_zero_init.c.obj                                 18      0         0      
       copy_decompress_none.c.obj                           14      0         0      
       exit.c.obj                                           4       0         0      
       pre_init.c.obj                                       4       0         0      
    +--+----------------------------------------------------+-------+---------+---------+
       Total:                                               448     0         0      
                                                                                     
       Stack:                                               0       0         1024   
       Linker Generated:                                    0       68        0      
    +--+----------------------------------------------------+-------+---------+---------+
       Grand Total:                                         10157   2061      1240   


LINKER GENERATED COPY TABLES

__TI_cinit_table @ 00002fc0 records: 2, size/record: 8, table size: 16
	.data: load addr=00002f88, load size=00000020 bytes, run addr=2000004c, run size=00000024 bytes, compression=lzss
	.bss: load addr=00002fb8, load size=00000008 bytes, run addr=20000000, run size=0000004a bytes, compression=zero_init


LINKER GENERATED HANDLER TABLE

__TI_handler_table @ 00002fa8 records: 3, size/record: 4, table size: 12
	index: 0, handler: __TI_decompress_lzss
	index: 1, handler: __TI_decompress_none
	index: 2, handler: __TI_zero_init


GLOBAL SYMBOLS: SORTED ALPHABETICALLY BY Name 

address   name                                       
-------   ----                                       
00001043  ADC14_IRQHandler                           
000013c9  ADC14_configureConversionMemory            
00001279  ADC14_configureMultiSequenceMode           
00002445  ADC14_enableConversion                     
00002785  ADC14_enableModule                         
0000229d  ADC14_enableSampleTimer                    
000025b9  ADC14_getResult                            
00001d95  ADC14_initModule                           
00002395  ADC14_toggleConversionTrigger              
00001043  AES256_IRQHandler                          
00001043  BusFault_Handler                           
00001ee3  ButtonPushed                               
0000289b  C$$EXIT                                    
00001043  COMP_E0_IRQHandler                         
00001043  COMP_E1_IRQHandler                         
00001043  CS_IRQHandler                              
00000d59  Crystalfontz128x128_Init                   
00000c25  Crystalfontz128x128_SetDrawFrame           
00001de9  Crystalfontz128x128_SetOrientation         
00001043  DMA_ERR_IRQHandler                         
00001043  DMA_INT0_IRQHandler                        
00001043  DMA_INT1_IRQHandler                        
00001043  DMA_INT2_IRQHandler                        
00001043  DMA_INT3_IRQHandler                        
00000f75  Debounce                                   
00001043  DebugMon_Handler                           
00001043  Default_Handler                            
00001043  EUSCIA0_IRQHandler                         
00001043  EUSCIA1_IRQHandler                         
00001043  EUSCIA2_IRQHandler                         
00001043  EUSCIA3_IRQHandler                         
00001043  EUSCIB0_IRQHandler                         
00001043  EUSCIB1_IRQHandler                         
00001043  EUSCIB2_IRQHandler                         
00001043  EUSCIB3_IRQHandler                         
0000268f  EUSCI_A_SPI_enable                         
000026a5  EUSCI_B_SPI_enable                         
00001043  FLCTL_IRQHandler                           
00001043  FPU_IRQHandler                             
00002305  GPIO_getInputPinValue                      
00001ce5  GPIO_setAsInputPinWithPullUpResistor       
00002089  GPIO_setAsOutputPin                        
00001781  GPIO_setAsPeripheralModuleFunctionInputPin 
00001809  GPIO_setAsPeripheralModuleFunctionOutputPin
00002495  GPIO_setOutputHighOnPin                    
000024bd  GPIO_setOutputLowOnPin                     
000024e5  GPIO_toggleOutputOnPin                     
00002723  Graphics_clearDisplay                      
00002629  Graphics_clearDisplayOnDisplay             
00002231  Graphics_drawHorizontalLineOnDisplay       
000015ab  Graphics_drawLineH                         
00001647  Graphics_drawLineV                         
000023ed  Graphics_drawPixelOnDisplay                
0000146d  Graphics_drawRectangle                     
000000e5  Graphics_drawString                        
00002267  Graphics_drawVerticalLineOnDisplay         
00000563  Graphics_fillCircle                        
00001e91  Graphics_initContext                       
00002643  Graphics_setBackgroundColor                
0000265d  Graphics_setFont                           
000026bb  Graphics_setForegroundColor                
000026d1  Graphics_translateColorOnDisplay           
00002335  HAL_LCD_PortInit                           
00002109  HAL_LCD_SpiInit                            
00002189  HAL_LCD_writeCommand                       
00002419  HAL_LCD_writeData                          
00001043  HardFault_Handler                          
00002759  InitFonts                                  
00001fc1  InitGraphics                               
0000257d  InitOneShotSWTimer                         
00001915  Interrupt_enableInterrupt                  
000026e7  LaunchpadLeftButton_pressed                
000026fb  LaunchpadRightButton_pressed               
20000046  Lcd_FlagRead                               
20000047  Lcd_FontSolid                              
20000048  Lcd_Orientation                            
20000049  Lcd_PenSolid                               
20000040  Lcd_ScreenHeigth                           
20000042  Lcd_ScreenWidth                            
20000044  Lcd_TouchTrim                              
00001043  MemManage_Handler                          
00000e85  ModifyLEDColor                             
00000965  MoveCircle                                 
00001043  NMI_Handler                                
00001321  OneShotSWTimerExpired                      
00001043  PCM_IRQHandler                             
00001043  PORT1_IRQHandler                           
00001043  PORT2_IRQHandler                           
00001043  PORT3_IRQHandler                           
00001043  PORT4_IRQHandler                           
00001043  PORT5_IRQHandler                           
00001043  PORT6_IRQHandler                           
00001043  PSS_IRQHandler                             
00001043  PendSV_Handler                             
00001043  RTC_C_IRQHandler                           
00002791  Reset_Handler                              
000025d5  SPI_enableModule                           
000011c9  SPI_initMaster                             
00001043  SVC_Handler                                
0000259b  StartOneShotSWTimer                        
00001043  SysTick_Handler                            
0000110d  SystemInit                                 
000025f1  T32_INT1_IRQHandler                        
000025f1  T32_INT1_IRQHandler                        
00001043  T32_INT2_IRQHandler                        
00001043  T32_INTC_IRQHandler                        
00001043  TA0_0_IRQHandler                           
00001043  TA0_N_IRQHandler                           
00001043  TA1_0_IRQHandler                           
00001043  TA1_N_IRQHandler                           
00001043  TA2_0_IRQHandler                           
00001043  TA2_N_IRQHandler                           
00001043  TA3_0_IRQHandler                           
00001043  TA3_N_IRQHandler                           
0000270f  Timer32_clearInterruptFlag                 
00002767  Timer32_getValue                           
00001a8d  Timer32_initModule                         
000022d1  Timer32_setCount                           
000021c1  Timer32_startTimer                         
00001043  UsageFault_Handler                         
4000480c  WDTCTL_SYM                                 
00001043  WDT_A_IRQHandler                           
00002535  WDT_A_holdTimer                            
0000250d  WaitCycles                                 
20010000  __STACK_END                                
00000200  __STACK_SIZE                               
00002fc0  __TI_CINIT_Base                            
00002fd0  __TI_CINIT_Limit                           
00002fa8  __TI_Handler_Table_Base                    
00002fb4  __TI_Handler_Table_Limit                   
00002005  __TI_auto_init_nobinit_nopinit             
00001af5  __TI_decompress_lzss                       
00002775  __TI_decompress_none                       
ffffffff  __TI_pprof_out_hndl                        
ffffffff  __TI_prof_data_size                        
ffffffff  __TI_prof_data_start                       
00000000  __TI_static_base__                         
00002735  __TI_zero_init_nomemset                    
00002677  __aeabi_lmul                               
000016e3  __aeabi_memcpy                             
000016e3  __aeabi_memcpy4                            
000016e3  __aeabi_memcpy8                            
ffffffff  __binit__                                  
ffffffff  __c_args__                                 
UNDEFED   __mpu_init                                 
2000fe00  __stack                                    
000021f9  _c_int00_noargs                            
UNDEFED   _system_post_cinit                         
00002897  _system_pre_init                           
0000289b  abort                                      
ffffffff  binit                                      
00001995  drawXY                                     
00001a15  draw_Base                                  
20000060  g_sCrystalfontz128x128                     
00002f3c  g_sCrystalfontz128x128_funcs               
00002dc4  g_sFontCmtt12                              
0000260d  getSampleJoyStick                          
00002559  initADC                                    
00001f79  initButton                                 
00001b5d  initHWTimer0                               
00001bc1  initHWTimer1                               
00002365  initJoyStick                               
00001e3d  initialize                                 
0000279d  initialize_BoosterpackLED_blue             
000027a9  initialize_BoosterpackLED_green            
000027b5  initialize_BoosterpackLED_red              
000027c1  initialize_LaunchpadLED1                   
000027cd  initialize_LaunchpadLED2_blue              
000027d9  initialize_LaunchpadLED2_green             
000027e5  initialize_LaunchpadLED2_red               
00000000  interruptVectors                           
00001045  main                                       
00001f2f  make_3digit_NumString                      
00001891  make_5digit_NumString                      
000016e3  memcpy                                     
000027f1  startADC                                   
00001d3d  startHWTimer                               
20000000  timer0                                     
20000018  timer1                                     
000027fd  toggle_BoosterpackLED_blue                 
00002809  toggle_BoosterpackLED_green                
00002815  toggle_BoosterpackLED_red                  
00002821  turnOff_BoosterpackLED_blue                
0000282d  turnOff_BoosterpackLED_green               
00002839  turnOff_LaunchpadLED1                      
00002845  turnOff_LaunchpadLED2_blue                 
00002851  turnOff_LaunchpadLED2_green                
0000285d  turnOff_LaunchpadLED2_red                  
00002869  turnOn_BoosterpackLED_red                  
00002875  turnOn_LaunchpadLED1                       
00002881  turnOn_LaunchpadLED2_red                   


GLOBAL SYMBOLS: SORTED BY Symbol Address 

address   name                                       
-------   ----                                       
00000000  __TI_static_base__                         
00000000  interruptVectors                           
000000e5  Graphics_drawString                        
00000200  __STACK_SIZE                               
00000563  Graphics_fillCircle                        
00000965  MoveCircle                                 
00000c25  Crystalfontz128x128_SetDrawFrame           
00000d59  Crystalfontz128x128_Init                   
00000e85  ModifyLEDColor                             
00000f75  Debounce                                   
00001043  ADC14_IRQHandler                           
00001043  AES256_IRQHandler                          
00001043  BusFault_Handler                           
00001043  COMP_E0_IRQHandler                         
00001043  COMP_E1_IRQHandler                         
00001043  CS_IRQHandler                              
00001043  DMA_ERR_IRQHandler                         
00001043  DMA_INT0_IRQHandler                        
00001043  DMA_INT1_IRQHandler                        
00001043  DMA_INT2_IRQHandler                        
00001043  DMA_INT3_IRQHandler                        
00001043  DebugMon_Handler                           
00001043  Default_Handler                            
00001043  EUSCIA0_IRQHandler                         
00001043  EUSCIA1_IRQHandler                         
00001043  EUSCIA2_IRQHandler                         
00001043  EUSCIA3_IRQHandler                         
00001043  EUSCIB0_IRQHandler                         
00001043  EUSCIB1_IRQHandler                         
00001043  EUSCIB2_IRQHandler                         
00001043  EUSCIB3_IRQHandler                         
00001043  FLCTL_IRQHandler                           
00001043  FPU_IRQHandler                             
00001043  HardFault_Handler                          
00001043  MemManage_Handler                          
00001043  NMI_Handler                                
00001043  PCM_IRQHandler                             
00001043  PORT1_IRQHandler                           
00001043  PORT2_IRQHandler                           
00001043  PORT3_IRQHandler                           
00001043  PORT4_IRQHandler                           
00001043  PORT5_IRQHandler                           
00001043  PORT6_IRQHandler                           
00001043  PSS_IRQHandler                             
00001043  PendSV_Handler                             
00001043  RTC_C_IRQHandler                           
00001043  SVC_Handler                                
00001043  SysTick_Handler                            
00001043  T32_INT2_IRQHandler                        
00001043  T32_INTC_IRQHandler                        
00001043  TA0_0_IRQHandler                           
00001043  TA0_N_IRQHandler                           
00001043  TA1_0_IRQHandler                           
00001043  TA1_N_IRQHandler                           
00001043  TA2_0_IRQHandler                           
00001043  TA2_N_IRQHandler                           
00001043  TA3_0_IRQHandler                           
00001043  TA3_N_IRQHandler                           
00001043  UsageFault_Handler                         
00001043  WDT_A_IRQHandler                           
00001045  main                                       
0000110d  SystemInit                                 
000011c9  SPI_initMaster                             
00001279  ADC14_configureMultiSequenceMode           
00001321  OneShotSWTimerExpired                      
000013c9  ADC14_configureConversionMemory            
0000146d  Graphics_drawRectangle                     
000015ab  Graphics_drawLineH                         
00001647  Graphics_drawLineV                         
000016e3  __aeabi_memcpy                             
000016e3  __aeabi_memcpy4                            
000016e3  __aeabi_memcpy8                            
000016e3  memcpy                                     
00001781  GPIO_setAsPeripheralModuleFunctionInputPin 
00001809  GPIO_setAsPeripheralModuleFunctionOutputPin
00001891  make_5digit_NumString                      
00001915  Interrupt_enableInterrupt                  
00001995  drawXY                                     
00001a15  draw_Base                                  
00001a8d  Timer32_initModule                         
00001af5  __TI_decompress_lzss                       
00001b5d  initHWTimer0                               
00001bc1  initHWTimer1                               
00001ce5  GPIO_setAsInputPinWithPullUpResistor       
00001d3d  startHWTimer                               
00001d95  ADC14_initModule                           
00001de9  Crystalfontz128x128_SetOrientation         
00001e3d  initialize                                 
00001e91  Graphics_initContext                       
00001ee3  ButtonPushed                               
00001f2f  make_3digit_NumString                      
00001f79  initButton                                 
00001fc1  InitGraphics                               
00002005  __TI_auto_init_nobinit_nopinit             
00002089  GPIO_setAsOutputPin                        
00002109  HAL_LCD_SpiInit                            
00002189  HAL_LCD_writeCommand                       
000021c1  Timer32_startTimer                         
000021f9  _c_int00_noargs                            
00002231  Graphics_drawHorizontalLineOnDisplay       
00002267  Graphics_drawVerticalLineOnDisplay         
0000229d  ADC14_enableSampleTimer                    
000022d1  Timer32_setCount                           
00002305  GPIO_getInputPinValue                      
00002335  HAL_LCD_PortInit                           
00002365  initJoyStick                               
00002395  ADC14_toggleConversionTrigger              
000023ed  Graphics_drawPixelOnDisplay                
00002419  HAL_LCD_writeData                          
00002445  ADC14_enableConversion                     
00002495  GPIO_setOutputHighOnPin                    
000024bd  GPIO_setOutputLowOnPin                     
000024e5  GPIO_toggleOutputOnPin                     
0000250d  WaitCycles                                 
00002535  WDT_A_holdTimer                            
00002559  initADC                                    
0000257d  InitOneShotSWTimer                         
0000259b  StartOneShotSWTimer                        
000025b9  ADC14_getResult                            
000025d5  SPI_enableModule                           
000025f1  T32_INT1_IRQHandler                        
000025f1  T32_INT1_IRQHandler                        
0000260d  getSampleJoyStick                          
00002629  Graphics_clearDisplayOnDisplay             
00002643  Graphics_setBackgroundColor                
0000265d  Graphics_setFont                           
00002677  __aeabi_lmul                               
0000268f  EUSCI_A_SPI_enable                         
000026a5  EUSCI_B_SPI_enable                         
000026bb  Graphics_setForegroundColor                
000026d1  Graphics_translateColorOnDisplay           
000026e7  LaunchpadLeftButton_pressed                
000026fb  LaunchpadRightButton_pressed               
0000270f  Timer32_clearInterruptFlag                 
00002723  Graphics_clearDisplay                      
00002735  __TI_zero_init_nomemset                    
00002759  InitFonts                                  
00002767  Timer32_getValue                           
00002775  __TI_decompress_none                       
00002785  ADC14_enableModule                         
00002791  Reset_Handler                              
0000279d  initialize_BoosterpackLED_blue             
000027a9  initialize_BoosterpackLED_green            
000027b5  initialize_BoosterpackLED_red              
000027c1  initialize_LaunchpadLED1                   
000027cd  initialize_LaunchpadLED2_blue              
000027d9  initialize_LaunchpadLED2_green             
000027e5  initialize_LaunchpadLED2_red               
000027f1  startADC                                   
000027fd  toggle_BoosterpackLED_blue                 
00002809  toggle_BoosterpackLED_green                
00002815  toggle_BoosterpackLED_red                  
00002821  turnOff_BoosterpackLED_blue                
0000282d  turnOff_BoosterpackLED_green               
00002839  turnOff_LaunchpadLED1                      
00002845  turnOff_LaunchpadLED2_blue                 
00002851  turnOff_LaunchpadLED2_green                
0000285d  turnOff_LaunchpadLED2_red                  
00002869  turnOn_BoosterpackLED_red                  
00002875  turnOn_LaunchpadLED1                       
00002881  turnOn_LaunchpadLED2_red                   
00002897  _system_pre_init                           
0000289b  C$$EXIT                                    
0000289b  abort                                      
00002dc4  g_sFontCmtt12                              
00002f3c  g_sCrystalfontz128x128_funcs               
00002fa8  __TI_Handler_Table_Base                    
00002fb4  __TI_Handler_Table_Limit                   
00002fc0  __TI_CINIT_Base                            
00002fd0  __TI_CINIT_Limit                           
20000000  timer0                                     
20000018  timer1                                     
20000040  Lcd_ScreenHeigth                           
20000042  Lcd_ScreenWidth                            
20000044  Lcd_TouchTrim                              
20000046  Lcd_FlagRead                               
20000047  Lcd_FontSolid                              
20000048  Lcd_Orientation                            
20000049  Lcd_PenSolid                               
20000060  g_sCrystalfontz128x128                     
2000fe00  __stack                                    
20010000  __STACK_END                                
4000480c  WDTCTL_SYM                                 
ffffffff  __TI_pprof_out_hndl                        
ffffffff  __TI_prof_data_size                        
ffffffff  __TI_prof_data_start                       
ffffffff  __binit__                                  
ffffffff  __c_args__                                 
ffffffff  binit                                      
UNDEFED   __mpu_init                                 
UNDEFED   _system_post_cinit                         

[191 symbols]
