<?xml version="1.0" encoding="ISO-8859-1" ?>
<link_info>
   <banner>TI ARM Linker PC v18.1.2.LTS</banner>
   <copyright>Copyright (c) 1996-2017 Texas Instruments Incorporated</copyright>
   <link_time>0x5bfdd95f</link_time>
   <link_errors>0x0</link_errors>
   <output_file>Lab3_starter.out</output_file>
   <entry_point>
      <name>_c_int00_noargs</name>
      <address>0x5a2d</address>
   </entry_point>
   <input_file_list>
      <input_file id="fl-2">
         <path>.\</path>
         <kind>object</kind>
         <file>ADC_HAL.obj</file>
         <name>ADC_HAL.obj</name>
      </input_file>
      <input_file id="fl-3">
         <path>.\</path>
         <kind>object</kind>
         <file>ButtonLED_HAL.obj</file>
         <name>ButtonLED_HAL.obj</name>
      </input_file>
      <input_file id="fl-4">
         <path>.\</path>
         <kind>object</kind>
         <file>Lab3_starter_main.obj</file>
         <name>Lab3_starter_main.obj</name>
      </input_file>
      <input_file id="fl-5">
         <path>.\</path>
         <kind>object</kind>
         <file>Timer32_HAL.obj</file>
         <name>Timer32_HAL.obj</name>
      </input_file>
      <input_file id="fl-6">
         <path>.\</path>
         <kind>object</kind>
         <file>graphics_HAL.obj</file>
         <name>graphics_HAL.obj</name>
      </input_file>
      <input_file id="fl-7">
         <path>.\</path>
         <kind>object</kind>
         <file>song.obj</file>
         <name>song.obj</name>
      </input_file>
      <input_file id="fl-8">
         <path>.\</path>
         <kind>object</kind>
         <file>sound.obj</file>
         <name>sound.obj</name>
      </input_file>
      <input_file id="fl-9">
         <path>.\</path>
         <kind>object</kind>
         <file>system_msp432p401r.obj</file>
         <name>system_msp432p401r.obj</name>
      </input_file>
      <input_file id="fl-a">
         <path>.\LcdDriver\</path>
         <kind>object</kind>
         <file>Crystalfontz128x128_ST7735.obj</file>
         <name>Crystalfontz128x128_ST7735.obj</name>
      </input_file>
      <input_file id="fl-b">
         <path>.\LcdDriver\</path>
         <kind>object</kind>
         <file>HAL_MSP_EXP432P401R_Crystalfontz128x128_ST7735.obj</file>
         <name>HAL_MSP_EXP432P401R_Crystalfontz128x128_ST7735.obj</name>
      </input_file>
      <input_file id="fl-c">
         <path>.\ccs\</path>
         <kind>object</kind>
         <file>startup_msp432p401r_ccs.obj</file>
         <name>startup_msp432p401r_ccs.obj</name>
      </input_file>
      <input_file id="fl-d">
         <path>.\fonts\</path>
         <kind>object</kind>
         <file>fontcmtt16.obj</file>
         <name>fontcmtt16.obj</name>
      </input_file>
      <input_file id="fl-16">
         <kind>object</kind>
         <file>&lt;internal&gt;</file>
         <name>&lt;internal&gt;</name>
      </input_file>
      <input_file id="fl-17">
         <path>C:\ti\simplelink_msp432p4_sdk_2_20_00_12\source\ti\grlib\lib\ccs\m4f\</path>
         <kind>archive</kind>
         <file>grlib.a</file>
         <name>circle.obj</name>
      </input_file>
      <input_file id="fl-18">
         <path>C:\ti\simplelink_msp432p4_sdk_2_20_00_12\source\ti\grlib\lib\ccs\m4f\</path>
         <kind>archive</kind>
         <file>grlib.a</file>
         <name>context.obj</name>
      </input_file>
      <input_file id="fl-19">
         <path>C:\ti\simplelink_msp432p4_sdk_2_20_00_12\source\ti\grlib\lib\ccs\m4f\</path>
         <kind>archive</kind>
         <file>grlib.a</file>
         <name>display.obj</name>
      </input_file>
      <input_file id="fl-1a">
         <path>C:\ti\simplelink_msp432p4_sdk_2_20_00_12\source\ti\grlib\lib\ccs\m4f\</path>
         <kind>archive</kind>
         <file>grlib.a</file>
         <name>line.obj</name>
      </input_file>
      <input_file id="fl-1b">
         <path>C:\ti\simplelink_msp432p4_sdk_2_20_00_12\source\ti\grlib\lib\ccs\m4f\</path>
         <kind>archive</kind>
         <file>grlib.a</file>
         <name>rectangle.obj</name>
      </input_file>
      <input_file id="fl-1c">
         <path>C:\ti\simplelink_msp432p4_sdk_2_20_00_12\source\ti\grlib\lib\ccs\m4f\</path>
         <kind>archive</kind>
         <file>grlib.a</file>
         <name>string.obj</name>
      </input_file>
      <input_file id="fl-1d">
         <path>C:\ti\simplelink_msp432p4_sdk_2_20_00_12\source\ti\devices\msp432p4xx\driverlib\ccs\</path>
         <kind>archive</kind>
         <file>msp432p4xx_driverlib.lib</file>
         <name>adc14.o</name>
      </input_file>
      <input_file id="fl-1e">
         <path>C:\ti\simplelink_msp432p4_sdk_2_20_00_12\source\ti\devices\msp432p4xx\driverlib\ccs\</path>
         <kind>archive</kind>
         <file>msp432p4xx_driverlib.lib</file>
         <name>gpio.o</name>
      </input_file>
      <input_file id="fl-1f">
         <path>C:\ti\simplelink_msp432p4_sdk_2_20_00_12\source\ti\devices\msp432p4xx\driverlib\ccs\</path>
         <kind>archive</kind>
         <file>msp432p4xx_driverlib.lib</file>
         <name>interrupt.o</name>
      </input_file>
      <input_file id="fl-20">
         <path>C:\ti\simplelink_msp432p4_sdk_2_20_00_12\source\ti\devices\msp432p4xx\driverlib\ccs\</path>
         <kind>archive</kind>
         <file>msp432p4xx_driverlib.lib</file>
         <name>spi.o</name>
      </input_file>
      <input_file id="fl-21">
         <path>C:\ti\simplelink_msp432p4_sdk_2_20_00_12\source\ti\devices\msp432p4xx\driverlib\ccs\</path>
         <kind>archive</kind>
         <file>msp432p4xx_driverlib.lib</file>
         <name>timer32.o</name>
      </input_file>
      <input_file id="fl-22">
         <path>C:\ti\simplelink_msp432p4_sdk_2_20_00_12\source\ti\devices\msp432p4xx\driverlib\ccs\</path>
         <kind>archive</kind>
         <file>msp432p4xx_driverlib.lib</file>
         <name>timer_a.o</name>
      </input_file>
      <input_file id="fl-23">
         <path>C:\ti\simplelink_msp432p4_sdk_2_20_00_12\source\ti\devices\msp432p4xx\driverlib\ccs\</path>
         <kind>archive</kind>
         <file>msp432p4xx_driverlib.lib</file>
         <name>wdt_a.o</name>
      </input_file>
      <input_file id="fl-24">
         <path>C:\ti\simplelink_msp432p4_sdk_2_20_00_12\source\ti\devices\msp432p4xx\driverlib\ccs\</path>
         <kind>archive</kind>
         <file>msp432p4xx_driverlib.lib</file>
         <name>cpu.o</name>
      </input_file>
      <input_file id="fl-25">
         <path>C:\ti\simplelink_msp432p4_sdk_2_20_00_12\source\ti\devices\msp432p4xx\driverlib\ccs\</path>
         <kind>archive</kind>
         <file>msp432p4xx_driverlib.lib</file>
         <name>sysctl_a.o</name>
      </input_file>
      <input_file id="fl-db">
         <path>C:\ti\ccv8\ccsv8\tools\compiler\ti-cgt-arm_18.1.2.LTS\lib\</path>
         <kind>archive</kind>
         <file>rtsv7M4_T_le_v4SPD16_eabi.lib</file>
         <name>memset_t2.asm.obj</name>
      </input_file>
      <input_file id="fl-dc">
         <path>C:\ti\ccv8\ccsv8\tools\compiler\ti-cgt-arm_18.1.2.LTS\lib\</path>
         <kind>archive</kind>
         <file>rtsv7M4_T_le_v4SPD16_eabi.lib</file>
         <name>fd_div_t2.asm.obj</name>
      </input_file>
      <input_file id="fl-dd">
         <path>C:\ti\ccv8\ccsv8\tools\compiler\ti-cgt-arm_18.1.2.LTS\lib\</path>
         <kind>archive</kind>
         <file>rtsv7M4_T_le_v4SPD16_eabi.lib</file>
         <name>fd_tou_t2.asm.obj</name>
      </input_file>
      <input_file id="fl-de">
         <path>C:\ti\ccv8\ccsv8\tools\compiler\ti-cgt-arm_18.1.2.LTS\lib\</path>
         <kind>archive</kind>
         <file>rtsv7M4_T_le_v4SPD16_eabi.lib</file>
         <name>ll_mul_t2.asm.obj</name>
      </input_file>
      <input_file id="fl-df">
         <path>C:\ti\ccv8\ccsv8\tools\compiler\ti-cgt-arm_18.1.2.LTS\lib\</path>
         <kind>archive</kind>
         <file>rtsv7M4_T_le_v4SPD16_eabi.lib</file>
         <name>memcpy_t2.asm.obj</name>
      </input_file>
      <input_file id="fl-e0">
         <path>C:\ti\ccv8\ccsv8\tools\compiler\ti-cgt-arm_18.1.2.LTS\lib\</path>
         <kind>archive</kind>
         <file>rtsv7M4_T_le_v4SPD16_eabi.lib</file>
         <name>copy_zero_init.c.obj</name>
      </input_file>
      <input_file id="fl-e1">
         <path>C:\ti\ccv8\ccsv8\tools\compiler\ti-cgt-arm_18.1.2.LTS\lib\</path>
         <kind>archive</kind>
         <file>rtsv7M4_T_le_v4SPD16_eabi.lib</file>
         <name>copy_decompress_none.c.obj</name>
      </input_file>
      <input_file id="fl-e2">
         <path>C:\ti\ccv8\ccsv8\tools\compiler\ti-cgt-arm_18.1.2.LTS\lib\</path>
         <kind>archive</kind>
         <file>rtsv7M4_T_le_v4SPD16_eabi.lib</file>
         <name>copy_decompress_lzss.c.obj</name>
      </input_file>
      <input_file id="fl-e3">
         <path>C:\ti\ccv8\ccsv8\tools\compiler\ti-cgt-arm_18.1.2.LTS\lib\</path>
         <kind>archive</kind>
         <file>rtsv7M4_T_le_v4SPD16_eabi.lib</file>
         <name>boot_cortex_m.c.obj</name>
      </input_file>
      <input_file id="fl-e4">
         <path>C:\ti\ccv8\ccsv8\tools\compiler\ti-cgt-arm_18.1.2.LTS\lib\</path>
         <kind>archive</kind>
         <file>rtsv7M4_T_le_v4SPD16_eabi.lib</file>
         <name>exit.c.obj</name>
      </input_file>
      <input_file id="fl-e5">
         <path>C:\ti\ccv8\ccsv8\tools\compiler\ti-cgt-arm_18.1.2.LTS\lib\</path>
         <kind>archive</kind>
         <file>rtsv7M4_T_le_v4SPD16_eabi.lib</file>
         <name>_lock.c.obj</name>
      </input_file>
      <input_file id="fl-e6">
         <path>C:\ti\ccv8\ccsv8\tools\compiler\ti-cgt-arm_18.1.2.LTS\lib\</path>
         <kind>archive</kind>
         <file>rtsv7M4_T_le_v4SPD16_eabi.lib</file>
         <name>args_main.c.obj</name>
      </input_file>
      <input_file id="fl-e7">
         <path>C:\ti\ccv8\ccsv8\tools\compiler\ti-cgt-arm_18.1.2.LTS\lib\</path>
         <kind>archive</kind>
         <file>rtsv7M4_T_le_v4SPD16_eabi.lib</file>
         <name>sprintf.c.obj</name>
      </input_file>
      <input_file id="fl-e8">
         <path>C:\ti\ccv8\ccsv8\tools\compiler\ti-cgt-arm_18.1.2.LTS\lib\</path>
         <kind>archive</kind>
         <file>rtsv7M4_T_le_v4SPD16_eabi.lib</file>
         <name>autoinit.c.obj</name>
      </input_file>
      <input_file id="fl-e9">
         <path>C:\ti\ccv8\ccsv8\tools\compiler\ti-cgt-arm_18.1.2.LTS\lib\</path>
         <kind>archive</kind>
         <file>rtsv7M4_T_le_v4SPD16_eabi.lib</file>
         <name>pre_init.c.obj</name>
      </input_file>
      <input_file id="fl-ea">
         <path>C:\ti\ccv8\ccsv8\tools\compiler\ti-cgt-arm_18.1.2.LTS\lib\</path>
         <kind>archive</kind>
         <file>rtsv7M4_T_le_v4SPD16_eabi.lib</file>
         <name>cpy_tbl.c.obj</name>
      </input_file>
      <input_file id="fl-eb">
         <path>C:\ti\ccv8\ccsv8\tools\compiler\ti-cgt-arm_18.1.2.LTS\lib\</path>
         <kind>archive</kind>
         <file>rtsv7M4_T_le_v4SPD16_eabi.lib</file>
         <name>_printfi.c.obj</name>
      </input_file>
      <input_file id="fl-ec">
         <path>C:\ti\ccv8\ccsv8\tools\compiler\ti-cgt-arm_18.1.2.LTS\lib\</path>
         <kind>archive</kind>
         <file>rtsv7M4_T_le_v4SPD16_eabi.lib</file>
         <name>atoi.c.obj</name>
      </input_file>
      <input_file id="fl-ed">
         <path>C:\ti\ccv8\ccsv8\tools\compiler\ti-cgt-arm_18.1.2.LTS\lib\</path>
         <kind>archive</kind>
         <file>rtsv7M4_T_le_v4SPD16_eabi.lib</file>
         <name>ctype.c.obj</name>
      </input_file>
      <input_file id="fl-ee">
         <path>C:\ti\ccv8\ccsv8\tools\compiler\ti-cgt-arm_18.1.2.LTS\lib\</path>
         <kind>archive</kind>
         <file>rtsv7M4_T_le_v4SPD16_eabi.lib</file>
         <name>ltoa.c.obj</name>
      </input_file>
      <input_file id="fl-ef">
         <path>C:\ti\ccv8\ccsv8\tools\compiler\ti-cgt-arm_18.1.2.LTS\lib\</path>
         <kind>archive</kind>
         <file>rtsv7M4_T_le_v4SPD16_eabi.lib</file>
         <name>memccpy.c.obj</name>
      </input_file>
      <input_file id="fl-f0">
         <path>C:\ti\ccv8\ccsv8\tools\compiler\ti-cgt-arm_18.1.2.LTS\lib\</path>
         <kind>archive</kind>
         <file>rtsv7M4_T_le_v4SPD16_eabi.lib</file>
         <name>strchr.c.obj</name>
      </input_file>
      <input_file id="fl-f1">
         <path>C:\ti\ccv8\ccsv8\tools\compiler\ti-cgt-arm_18.1.2.LTS\lib\</path>
         <kind>archive</kind>
         <file>rtsv7M4_T_le_v4SPD16_eabi.lib</file>
         <name>strlen.c.obj</name>
      </input_file>
      <input_file id="fl-f2">
         <path>C:\ti\ccv8\ccsv8\tools\compiler\ti-cgt-arm_18.1.2.LTS\lib\</path>
         <kind>archive</kind>
         <file>rtsv7M4_T_le_v4SPD16_eabi.lib</file>
         <name>s_frexp.c.obj</name>
      </input_file>
      <input_file id="fl-f3">
         <path>C:\ti\ccv8\ccsv8\tools\compiler\ti-cgt-arm_18.1.2.LTS\lib\</path>
         <kind>archive</kind>
         <file>rtsv7M4_T_le_v4SPD16_eabi.lib</file>
         <name>s_scalbn.c.obj</name>
      </input_file>
      <input_file id="fl-f4">
         <path>C:\ti\ccv8\ccsv8\tools\compiler\ti-cgt-arm_18.1.2.LTS\lib\</path>
         <kind>archive</kind>
         <file>rtsv7M4_T_le_v4SPD16_eabi.lib</file>
         <name>s_copysign.c.obj</name>
      </input_file>
      <input_file id="fl-f5">
         <path>C:\ti\ccv8\ccsv8\tools\compiler\ti-cgt-arm_18.1.2.LTS\lib\</path>
         <kind>archive</kind>
         <file>rtsv7M4_T_le_v4SPD16_eabi.lib</file>
         <name>wcslen.c.obj</name>
      </input_file>
      <input_file id="fl-f6">
         <path>C:\ti\ccv8\ccsv8\tools\compiler\ti-cgt-arm_18.1.2.LTS\lib\</path>
         <kind>archive</kind>
         <file>rtsv7M4_T_le_v4SPD16_eabi.lib</file>
         <name>fd_add_t2.asm.obj</name>
      </input_file>
      <input_file id="fl-f7">
         <path>C:\ti\ccv8\ccsv8\tools\compiler\ti-cgt-arm_18.1.2.LTS\lib\</path>
         <kind>archive</kind>
         <file>rtsv7M4_T_le_v4SPD16_eabi.lib</file>
         <name>fd_cmp_t2.asm.obj</name>
      </input_file>
      <input_file id="fl-f8">
         <path>C:\ti\ccv8\ccsv8\tools\compiler\ti-cgt-arm_18.1.2.LTS\lib\</path>
         <kind>archive</kind>
         <file>rtsv7M4_T_le_v4SPD16_eabi.lib</file>
         <name>fd_mul_t2.asm.obj</name>
      </input_file>
      <input_file id="fl-f9">
         <path>C:\ti\ccv8\ccsv8\tools\compiler\ti-cgt-arm_18.1.2.LTS\lib\</path>
         <kind>archive</kind>
         <file>rtsv7M4_T_le_v4SPD16_eabi.lib</file>
         <name>fd_toi_t2.asm.obj</name>
      </input_file>
      <input_file id="fl-fa">
         <path>C:\ti\ccv8\ccsv8\tools\compiler\ti-cgt-arm_18.1.2.LTS\lib\</path>
         <kind>archive</kind>
         <file>rtsv7M4_T_le_v4SPD16_eabi.lib</file>
         <name>i_tofd_t2.asm.obj</name>
      </input_file>
      <input_file id="fl-fb">
         <path>C:\ti\ccv8\ccsv8\tools\compiler\ti-cgt-arm_18.1.2.LTS\lib\</path>
         <kind>archive</kind>
         <file>rtsv7M4_T_le_v4SPD16_eabi.lib</file>
         <name>ull_div_t2.asm.obj</name>
      </input_file>
      <input_file id="fl-fc">
         <path>C:\ti\ccv8\ccsv8\tools\compiler\ti-cgt-arm_18.1.2.LTS\lib\</path>
         <kind>archive</kind>
         <file>rtsv7M4_T_le_v4SPD16_eabi.lib</file>
         <name>errno.c.obj</name>
      </input_file>
      <input_file id="fl-fd">
         <path>C:\ti\ccv8\ccsv8\tools\compiler\ti-cgt-arm_18.1.2.LTS\lib\</path>
         <kind>archive</kind>
         <file>rtsv7M4_T_le_v4SPD16_eabi.lib</file>
         <name>div0.asm.obj</name>
      </input_file>
   </input_file_list>
   <object_component_list>
      <object_component id="oc-23">
         <name>.intvecs:retain</name>
         <load_address>0x0</load_address>
         <run_address>0x0</run_address>
         <size>0xe4</size>
         <input_file_ref idref="fl-c"/>
      </object_component>
      <object_component id="oc-685">
         <name>.text:__TI_printfi</name>
         <load_address>0xe4</load_address>
         <run_address>0xe4</run_address>
         <size>0xa5e</size>
         <input_file_ref idref="fl-eb"/>
      </object_component>
      <object_component id="oc-6a">
         <name>.text:Default_Handler</name>
         <load_address>0xb42</load_address>
         <run_address>0xb42</run_address>
         <size>0x2</size>
         <input_file_ref idref="fl-c"/>
      </object_component>
      <object_component id="oc-470">
         <name>.text:InitSongList</name>
         <load_address>0xb44</load_address>
         <run_address>0xb44</run_address>
         <size>0x488</size>
         <input_file_ref idref="fl-7"/>
      </object_component>
      <object_component id="oc-27f">
         <name>.text:Graphics_drawString</name>
         <load_address>0xfcc</load_address>
         <run_address>0xfcc</run_address>
         <size>0x47e</size>
         <input_file_ref idref="fl-1c"/>
      </object_component>
      <object_component id="oc-783">
         <name>.text</name>
         <load_address>0x144a</load_address>
         <run_address>0x144a</run_address>
         <size>0x2</size>
         <input_file_ref idref="fl-fd"/>
      </object_component>
      <object_component id="oc-4d8">
         <name>.text:MoveYellowCircle</name>
         <load_address>0x144c</load_address>
         <run_address>0x144c</run_address>
         <size>0x2e8</size>
         <input_file_ref idref="fl-4"/>
      </object_component>
      <object_component id="oc-4d6">
         <name>.text:MoveRedCircle</name>
         <load_address>0x1734</load_address>
         <run_address>0x1734</run_address>
         <size>0x28c</size>
         <input_file_ref idref="fl-4"/>
      </object_component>
      <object_component id="oc-4da">
         <name>.text:MoveBlueCircle</name>
         <load_address>0x19c0</load_address>
         <run_address>0x19c0</run_address>
         <size>0x288</size>
         <input_file_ref idref="fl-4"/>
      </object_component>
      <object_component id="oc-125">
         <name>.text:SongChoice</name>
         <load_address>0x1c48</load_address>
         <run_address>0x1c48</run_address>
         <size>0x284</size>
         <input_file_ref idref="fl-4"/>
      </object_component>
      <object_component id="oc-113">
         <name>.text:Up</name>
         <load_address>0x1ecc</load_address>
         <run_address>0x1ecc</run_address>
         <size>0x280</size>
         <input_file_ref idref="fl-4"/>
      </object_component>
      <object_component id="oc-6d5">
         <name>.text:_pconv_a</name>
         <load_address>0x214c</load_address>
         <run_address>0x214c</run_address>
         <size>0x270</size>
         <input_file_ref idref="fl-eb"/>
      </object_component>
      <object_component id="oc-5c1">
         <name>.text:Graphics_drawCircle</name>
         <load_address>0x23bc</load_address>
         <run_address>0x23bc</run_address>
         <size>0x26e</size>
         <input_file_ref idref="fl-17"/>
      </object_component>
      <object_component id="oc-5a4">
         <name>.text:Graphics_fillCircle</name>
         <load_address>0x262a</load_address>
         <run_address>0x262a</run_address>
         <size>0x22a</size>
         <input_file_ref idref="fl-17"/>
      </object_component>
      <object_component id="oc-37d">
         <name>.text:Crystalfontz128x128_PixelDrawMultiple</name>
         <load_address>0x2854</load_address>
         <run_address>0x2854</run_address>
         <size>0x1d8</size>
         <input_file_ref idref="fl-a"/>
      </object_component>
      <object_component id="oc-6c3">
         <name>.text:_pconv_g</name>
         <load_address>0x2a2c</load_address>
         <run_address>0x2a2c</run_address>
         <size>0x1d0</size>
         <input_file_ref idref="fl-eb"/>
      </object_component>
      <object_component id="oc-72a">
         <name>.text</name>
         <load_address>0x2bfc</load_address>
         <run_address>0x2bfc</run_address>
         <size>0x1b6</size>
         <input_file_ref idref="fl-f6"/>
      </object_component>
      <object_component id="oc-9c">
         <name>.text:main</name>
         <load_address>0x2db4</load_address>
         <run_address>0x2db4</run_address>
         <size>0x194</size>
         <input_file_ref idref="fl-4"/>
      </object_component>
      <object_component id="oc-63c">
         <name>.text:Graphics_clipLine</name>
         <load_address>0x2f48</load_address>
         <run_address>0x2f48</run_address>
         <size>0x180</size>
         <input_file_ref idref="fl-1a"/>
      </object_component>
      <object_component id="oc-5bb">
         <name>.text:Graphics_drawLine</name>
         <load_address>0x30c8</load_address>
         <run_address>0x30c8</run_address>
         <size>0x174</size>
         <input_file_ref idref="fl-1a"/>
      </object_component>
      <object_component id="oc-430">
         <name>.text:_getIndexForMemRegister</name>
         <load_address>0x323c</load_address>
         <run_address>0x323c</run_address>
         <size>0x160</size>
         <input_file_ref idref="fl-1d"/>
      </object_component>
      <object_component id="oc-2ea">
         <name>.text:rock</name>
         <load_address>0x339c</load_address>
         <run_address>0x339c</run_address>
         <size>0x14c</size>
         <input_file_ref idref="fl-4"/>
      </object_component>
      <object_component id="oc-66c">
         <name>.text:privateTimer_AProcessClockSourceDivider</name>
         <load_address>0x34e8</load_address>
         <run_address>0x34e8</run_address>
         <size>0x144</size>
         <input_file_ref idref="fl-22"/>
      </object_component>
      <object_component id="oc-6cf">
         <name>.text:_pconv_e</name>
         <load_address>0x362c</load_address>
         <run_address>0x362c</run_address>
         <size>0x13c</size>
         <input_file_ref idref="fl-eb"/>
      </object_component>
      <object_component id="oc-616">
         <name>.text</name>
         <load_address>0x3768</load_address>
         <run_address>0x3768</run_address>
         <size>0x136</size>
         <input_file_ref idref="fl-dc"/>
      </object_component>
      <object_component id="oc-537">
         <name>.text:Crystalfontz128x128_SetDrawFrame</name>
         <load_address>0x38a0</load_address>
         <run_address>0x38a0</run_address>
         <size>0x134</size>
         <input_file_ref idref="fl-a"/>
      </object_component>
      <object_component id="oc-348">
         <name>.text:Crystalfontz128x128_Init</name>
         <load_address>0x39d4</load_address>
         <run_address>0x39d4</run_address>
         <size>0x12c</size>
         <input_file_ref idref="fl-a"/>
      </object_component>
      <object_component id="oc-73c">
         <name>.text:fcvt</name>
         <load_address>0x3b00</load_address>
         <run_address>0x3b00</run_address>
         <size>0x120</size>
         <input_file_ref idref="fl-eb"/>
      </object_component>
      <object_component id="oc-750">
         <name>.text:scalbn</name>
         <load_address>0x3c20</load_address>
         <run_address>0x3c20</run_address>
         <size>0x110</size>
         <input_file_ref idref="fl-f3"/>
      </object_component>
      <object_component id="oc-710">
         <name>.text</name>
         <load_address>0x3d30</load_address>
         <run_address>0x3d30</run_address>
         <size>0xfc</size>
         <input_file_ref idref="fl-f8"/>
      </object_component>
      <object_component id="oc-ae">
         <name>.text:SystemInit</name>
         <load_address>0x3e2c</load_address>
         <run_address>0x3e2c</run_address>
         <size>0xbc</size>
         <input_file_ref idref="fl-9"/>
      </object_component>
      <object_component id="oc-11f">
         <name>.text:howToPlay</name>
         <load_address>0x3ee8</load_address>
         <run_address>0x3ee8</run_address>
         <size>0xb8</size>
         <input_file_ref idref="fl-4"/>
      </object_component>
      <object_component id="oc-6b8">
         <name>.text:_ltostr</name>
         <load_address>0x3fa0</load_address>
         <run_address>0x3fa0</run_address>
         <size>0xb1</size>
         <input_file_ref idref="fl-eb"/>
      </object_component>
      <object_component id="oc-5e4">
         <name>.text:SPI_initMaster</name>
         <load_address>0x4052</load_address>
         <run_address>0x4052</run_address>
         <size>0xb0</size>
         <input_file_ref idref="fl-20"/>
      </object_component>
      <object_component id="oc-3ea">
         <name>.text:ADC14_configureMultiSequenceMode</name>
         <load_address>0x4104</load_address>
         <run_address>0x4104</run_address>
         <size>0xa8</size>
         <input_file_ref idref="fl-1d"/>
      </object_component>
      <object_component id="oc-4d0">
         <name>.text:OneShotSWTimerExpired</name>
         <load_address>0x41ac</load_address>
         <run_address>0x41ac</run_address>
         <size>0xa8</size>
         <input_file_ref idref="fl-5"/>
      </object_component>
      <object_component id="oc-3f7">
         <name>.text:ADC14_configureConversionMemory</name>
         <load_address>0x4254</load_address>
         <run_address>0x4254</run_address>
         <size>0xa4</size>
         <input_file_ref idref="fl-1d"/>
      </object_component>
      <object_component id="oc-10d">
         <name>.text:Down2</name>
         <load_address>0x42f8</load_address>
         <run_address>0x42f8</run_address>
         <size>0xa4</size>
         <input_file_ref idref="fl-4"/>
      </object_component>
      <object_component id="oc-38f">
         <name>.text:Crystalfontz128x128_RectFill</name>
         <load_address>0x439c</load_address>
         <run_address>0x439c</run_address>
         <size>0x9c</size>
         <input_file_ref idref="fl-a"/>
      </object_component>
      <object_component id="oc-107">
         <name>.text:Down</name>
         <load_address>0x4438</load_address>
         <run_address>0x4438</run_address>
         <size>0x9c</size>
         <input_file_ref idref="fl-4"/>
      </object_component>
      <object_component id="oc-418">
         <name>.text:Graphics_drawLineH</name>
         <load_address>0x44d4</load_address>
         <run_address>0x44d4</run_address>
         <size>0x9c</size>
         <input_file_ref idref="fl-1a"/>
      </object_component>
      <object_component id="oc-636">
         <name>.text:Graphics_drawLineV</name>
         <load_address>0x4570</load_address>
         <run_address>0x4570</run_address>
         <size>0x9c</size>
         <input_file_ref idref="fl-1a"/>
      </object_component>
      <object_component id="oc-fb">
         <name>.text:Menu</name>
         <load_address>0x460c</load_address>
         <run_address>0x460c</run_address>
         <size>0x9c</size>
         <input_file_ref idref="fl-4"/>
      </object_component>
      <object_component id="oc-34">
         <name>.text</name>
         <load_address>0x46a8</load_address>
         <run_address>0x46a8</run_address>
         <size>0x9c</size>
         <input_file_ref idref="fl-df"/>
      </object_component>
      <object_component id="oc-709">
         <name>.text</name>
         <load_address>0x4744</load_address>
         <run_address>0x4744</run_address>
         <size>0x96</size>
         <input_file_ref idref="fl-fb"/>
      </object_component>
      <object_component id="oc-5ae">
         <name>.text:PlayNote</name>
         <load_address>0x47dc</load_address>
         <run_address>0x47dc</run_address>
         <size>0x94</size>
         <input_file_ref idref="fl-8"/>
      </object_component>
      <object_component id="oc-3fd">
         <name>.text:GPIO_setAsPeripheralModuleFunctionInputPin</name>
         <load_address>0x4870</load_address>
         <run_address>0x4870</run_address>
         <size>0x88</size>
         <input_file_ref idref="fl-1e"/>
      </object_component>
      <object_component id="oc-58c">
         <name>.text:GPIO_setAsPeripheralModuleFunctionOutputPin</name>
         <load_address>0x48f8</load_address>
         <run_address>0x48f8</run_address>
         <size>0x88</size>
         <input_file_ref idref="fl-1e"/>
      </object_component>
      <object_component id="oc-6be">
         <name>.text:__aeabi_cdcmple</name>
         <load_address>0x4980</load_address>
         <run_address>0x4980</run_address>
         <size>0x86</size>
         <input_file_ref idref="fl-f7"/>
      </object_component>
      <object_component id="oc-715">
         <name>.text:__aeabi_cdrcmple</name>
         <load_address>0x4a06</load_address>
         <run_address>0x4a06</run_address>
         <size>0x86</size>
         <input_file_ref idref="fl-f7"/>
      </object_component>
      <object_component id="oc-564">
         <name>.text:Interrupt_enableInterrupt</name>
         <load_address>0x4a8c</load_address>
         <run_address>0x4a8c</run_address>
         <size>0x80</size>
         <input_file_ref idref="fl-1f"/>
      </object_component>
      <object_component id="oc-90">
         <name>.text</name>
         <load_address>0x4b0c</load_address>
         <run_address>0x4b0c</run_address>
         <size>0x7a</size>
         <input_file_ref idref="fl-db"/>
      </object_component>
      <object_component id="oc-dd">
         <name>.text:initialize</name>
         <load_address>0x4b88</load_address>
         <run_address>0x4b88</run_address>
         <size>0x78</size>
         <input_file_ref idref="fl-4"/>
      </object_component>
      <object_component id="oc-620">
         <name>.text:Timer_A_generatePWM</name>
         <load_address>0x4c00</load_address>
         <run_address>0x4c00</run_address>
         <size>0x74</size>
         <input_file_ref idref="fl-22"/>
      </object_component>
      <object_component id="oc-735">
         <name>.text:_mcpy</name>
         <load_address>0x4c74</load_address>
         <run_address>0x4c74</run_address>
         <size>0x6e</size>
         <input_file_ref idref="fl-eb"/>
      </object_component>
      <object_component id="oc-f5">
         <name>.text:Splash</name>
         <load_address>0x4ce4</load_address>
         <run_address>0x4ce4</run_address>
         <size>0x68</size>
         <input_file_ref idref="fl-4"/>
      </object_component>
      <object_component id="oc-1f1">
         <name>.text:Timer32_initModule</name>
         <load_address>0x4d4c</load_address>
         <run_address>0x4d4c</run_address>
         <size>0x68</size>
         <input_file_ref idref="fl-21"/>
      </object_component>
      <object_component id="oc-14">
         <name>.text:decompress:lzss:__TI_decompress_lzss</name>
         <load_address>0x4db4</load_address>
         <run_address>0x4db4</run_address>
         <size>0x68</size>
         <input_file_ref idref="fl-e2"/>
      </object_component>
      <object_component id="oc-67e">
         <name>.text:Graphics_getClipCode</name>
         <load_address>0x4e1c</load_address>
         <run_address>0x4e1c</run_address>
         <size>0x64</size>
         <input_file_ref idref="fl-1a"/>
      </object_component>
      <object_component id="oc-74a">
         <name>.text:frexp</name>
         <load_address>0x4e80</load_address>
         <run_address>0x4e80</run_address>
         <size>0x64</size>
         <input_file_ref idref="fl-f2"/>
      </object_component>
      <object_component id="oc-257">
         <name>.text:initHWTimer0</name>
         <load_address>0x4ee4</load_address>
         <run_address>0x4ee4</run_address>
         <size>0x64</size>
         <input_file_ref idref="fl-5"/>
      </object_component>
      <object_component id="oc-25d">
         <name>.text:initHWTimer1</name>
         <load_address>0x4f48</load_address>
         <run_address>0x4f48</run_address>
         <size>0x64</size>
         <input_file_ref idref="fl-5"/>
      </object_component>
      <object_component id="oc-383">
         <name>.text:Crystalfontz128x128_LineDrawH</name>
         <load_address>0x4fac</load_address>
         <run_address>0x4fac</run_address>
         <size>0x60</size>
         <input_file_ref idref="fl-a"/>
      </object_component>
      <object_component id="oc-389">
         <name>.text:Crystalfontz128x128_LineDrawV</name>
         <load_address>0x500c</load_address>
         <run_address>0x500c</run_address>
         <size>0x60</size>
         <input_file_ref idref="fl-a"/>
      </object_component>
      <object_component id="oc-594">
         <name>.text:Graphics_drawPixel</name>
         <load_address>0x506c</load_address>
         <run_address>0x506c</run_address>
         <size>0x5a</size>
         <input_file_ref idref="fl-18"/>
      </object_component>
      <object_component id="oc-6c9">
         <name>.text:_pconv_f</name>
         <load_address>0x50c6</load_address>
         <run_address>0x50c6</run_address>
         <size>0x56</size>
         <input_file_ref idref="fl-eb"/>
      </object_component>
      <object_component id="oc-3d5">
         <name>.text:startHWTimer</name>
         <load_address>0x511c</load_address>
         <run_address>0x511c</run_address>
         <size>0x56</size>
         <input_file_ref idref="fl-5"/>
      </object_component>
      <object_component id="oc-3e4">
         <name>.text:ADC14_initModule</name>
         <load_address>0x5174</load_address>
         <run_address>0x5174</run_address>
         <size>0x54</size>
         <input_file_ref idref="fl-1d"/>
      </object_component>
      <object_component id="oc-34e">
         <name>.text:Crystalfontz128x128_SetOrientation</name>
         <load_address>0x51c8</load_address>
         <run_address>0x51c8</run_address>
         <size>0x54</size>
         <input_file_ref idref="fl-a"/>
      </object_component>
      <object_component id="oc-71f">
         <name>.text:ltoa</name>
         <load_address>0x521c</load_address>
         <run_address>0x521c</run_address>
         <size>0x54</size>
         <input_file_ref idref="fl-ee"/>
      </object_component>
      <object_component id="oc-1be">
         <name>.text:Graphics_initContext</name>
         <load_address>0x5270</load_address>
         <run_address>0x5270</run_address>
         <size>0x52</size>
         <input_file_ref idref="fl-18"/>
      </object_component>
      <object_component id="oc-72f">
         <name>.text:_ecpy</name>
         <load_address>0x52c2</load_address>
         <run_address>0x52c2</run_address>
         <size>0x52</size>
         <input_file_ref idref="fl-eb"/>
      </object_component>
      <object_component id="oc-482">
         <name>.text:DrawFirstFret</name>
         <load_address>0x5314</load_address>
         <run_address>0x5314</run_address>
         <size>0x4c</size>
         <input_file_ref idref="fl-4"/>
      </object_component>
      <object_component id="oc-494">
         <name>.text:DrawFourthFret</name>
         <load_address>0x5360</load_address>
         <run_address>0x5360</run_address>
         <size>0x4c</size>
         <input_file_ref idref="fl-4"/>
      </object_component>
      <object_component id="oc-476">
         <name>.text:DrawLeftSide</name>
         <load_address>0x53ac</load_address>
         <run_address>0x53ac</run_address>
         <size>0x4c</size>
         <input_file_ref idref="fl-4"/>
      </object_component>
      <object_component id="oc-47c">
         <name>.text:DrawRightSide</name>
         <load_address>0x53f8</load_address>
         <run_address>0x53f8</run_address>
         <size>0x4c</size>
         <input_file_ref idref="fl-4"/>
      </object_component>
      <object_component id="oc-488">
         <name>.text:DrawSecondFret</name>
         <load_address>0x5444</load_address>
         <run_address>0x5444</run_address>
         <size>0x4c</size>
         <input_file_ref idref="fl-4"/>
      </object_component>
      <object_component id="oc-48e">
         <name>.text:DrawThirdFret</name>
         <load_address>0x5490</load_address>
         <run_address>0x5490</run_address>
         <size>0x4c</size>
         <input_file_ref idref="fl-4"/>
      </object_component>
      <object_component id="oc-4ac">
         <name>.text:DrawVerticalFour</name>
         <load_address>0x54dc</load_address>
         <run_address>0x54dc</run_address>
         <size>0x4c</size>
         <input_file_ref idref="fl-4"/>
      </object_component>
      <object_component id="oc-49a">
         <name>.text:DrawVerticalOne</name>
         <load_address>0x5528</load_address>
         <run_address>0x5528</run_address>
         <size>0x4c</size>
         <input_file_ref idref="fl-4"/>
      </object_component>
      <object_component id="oc-4a6">
         <name>.text:DrawVerticalThree</name>
         <load_address>0x5574</load_address>
         <run_address>0x5574</run_address>
         <size>0x4c</size>
         <input_file_ref idref="fl-4"/>
      </object_component>
      <object_component id="oc-4a0">
         <name>.text:DrawVerticalTwo</name>
         <load_address>0x55c0</load_address>
         <run_address>0x55c0</run_address>
         <size>0x4c</size>
         <input_file_ref idref="fl-4"/>
      </object_component>
      <object_component id="oc-5c7">
         <name>.text:Point</name>
         <load_address>0x560c</load_address>
         <run_address>0x560c</run_address>
         <size>0x4c</size>
         <input_file_ref idref="fl-4"/>
      </object_component>
      <object_component id="oc-6b2">
         <name>.text:atoi</name>
         <load_address>0x5658</load_address>
         <run_address>0x5658</run_address>
         <size>0x4c</size>
         <input_file_ref idref="fl-ec"/>
      </object_component>
      <object_component id="oc-71a">
         <name>.text</name>
         <load_address>0x56a4</load_address>
         <run_address>0x56a4</run_address>
         <size>0x48</size>
         <input_file_ref idref="fl-f9"/>
      </object_component>
      <object_component id="oc-d7">
         <name>.text:InitGraphics</name>
         <load_address>0x56ec</load_address>
         <run_address>0x56ec</run_address>
         <size>0x44</size>
         <input_file_ref idref="fl-6"/>
      </object_component>
      <object_component id="oc-4ca">
         <name>.text:PlaySong</name>
         <load_address>0x5730</load_address>
         <run_address>0x5730</run_address>
         <size>0x44</size>
         <input_file_ref idref="fl-7"/>
      </object_component>
      <object_component id="oc-16d">
         <name>.text:__TI_auto_init_nobinit_nopinit:__TI_auto_init_nobinit_nopinit</name>
         <load_address>0x5774</load_address>
         <run_address>0x5774</run_address>
         <size>0x44</size>
         <input_file_ref idref="fl-e8"/>
      </object_component>
      <object_component id="oc-61b">
         <name>.text</name>
         <load_address>0x57b8</load_address>
         <run_address>0x57b8</run_address>
         <size>0x44</size>
         <input_file_ref idref="fl-dd"/>
      </object_component>
      <object_component id="oc-377">
         <name>.text:Crystalfontz128x128_PixelDraw</name>
         <load_address>0x57fc</load_address>
         <run_address>0x57fc</run_address>
         <size>0x40</size>
         <input_file_ref idref="fl-a"/>
      </object_component>
      <object_component id="oc-3b5">
         <name>.text:GPIO_setAsOutputPin</name>
         <load_address>0x583c</load_address>
         <run_address>0x583c</run_address>
         <size>0x40</size>
         <input_file_ref idref="fl-1e"/>
      </object_component>
      <object_component id="oc-412">
         <name>.text:Graphics_getNumberOfLeadingZeros</name>
         <load_address>0x587c</load_address>
         <run_address>0x587c</run_address>
         <size>0x40</size>
         <input_file_ref idref="fl-1c"/>
      </object_component>
      <object_component id="oc-525">
         <name>.text:HAL_LCD_SpiInit</name>
         <load_address>0x58bc</load_address>
         <run_address>0x58bc</run_address>
         <size>0x40</size>
         <input_file_ref idref="fl-b"/>
      </object_component>
      <object_component id="oc-64b">
         <name>.text:is_A_Module</name>
         <load_address>0x58fc</load_address>
         <run_address>0x58fc</run_address>
         <size>0x40</size>
         <input_file_ref idref="fl-20"/>
      </object_component>
      <object_component id="oc-644">
         <name>.text:sprintf</name>
         <load_address>0x593c</load_address>
         <run_address>0x593c</run_address>
         <size>0x40</size>
         <input_file_ref idref="fl-e7"/>
      </object_component>
      <object_component id="oc-742">
         <name>.text:_fcpy</name>
         <load_address>0x597c</load_address>
         <run_address>0x597c</run_address>
         <size>0x3e</size>
         <input_file_ref idref="fl-eb"/>
      </object_component>
      <object_component id="oc-52b">
         <name>.text:HAL_LCD_writeCommand</name>
         <load_address>0x59bc</load_address>
         <run_address>0x59bc</run_address>
         <size>0x38</size>
         <input_file_ref idref="fl-b"/>
      </object_component>
      <object_component id="oc-1fd">
         <name>.text:Timer32_startTimer</name>
         <load_address>0x59f4</load_address>
         <run_address>0x59f4</run_address>
         <size>0x38</size>
         <input_file_ref idref="fl-21"/>
      </object_component>
      <object_component id="oc-52">
         <name>.text:_c_int00_noargs:_c_int00_noargs</name>
         <load_address>0x5a2c</load_address>
         <run_address>0x5a2c</run_address>
         <size>0x38</size>
         <input_file_ref idref="fl-e3"/>
      </object_component>
      <object_component id="oc-57b">
         <name>.text:Graphics_drawHorizontalLineOnDisplay</name>
         <load_address>0x5a64</load_address>
         <run_address>0x5a64</run_address>
         <size>0x36</size>
         <input_file_ref idref="fl-19"/>
      </object_component>
      <object_component id="oc-677">
         <name>.text:Graphics_drawVerticalLineOnDisplay</name>
         <load_address>0x5a9a</load_address>
         <run_address>0x5a9a</run_address>
         <size>0x36</size>
         <input_file_ref idref="fl-19"/>
      </object_component>
      <object_component id="oc-3f0">
         <name>.text:ADC14_enableSampleTimer</name>
         <load_address>0x5ad0</load_address>
         <run_address>0x5ad0</run_address>
         <size>0x34</size>
         <input_file_ref idref="fl-1d"/>
      </object_component>
      <object_component id="oc-4b2">
         <name>.text:DrawGreenCircle</name>
         <load_address>0x5b04</load_address>
         <run_address>0x5b04</run_address>
         <size>0x34</size>
         <input_file_ref idref="fl-4"/>
      </object_component>
      <object_component id="oc-4b8">
         <name>.text:DrawRedCircle</name>
         <load_address>0x5b38</load_address>
         <run_address>0x5b38</run_address>
         <size>0x34</size>
         <input_file_ref idref="fl-4"/>
      </object_component>
      <object_component id="oc-4be">
         <name>.text:DrawYellowCircle</name>
         <load_address>0x5b6c</load_address>
         <run_address>0x5b6c</run_address>
         <size>0x34</size>
         <input_file_ref idref="fl-4"/>
      </object_component>
      <object_component id="oc-1f7">
         <name>.text:Timer32_setCount</name>
         <load_address>0x5ba0</load_address>
         <run_address>0x5ba0</run_address>
         <size>0x34</size>
         <input_file_ref idref="fl-21"/>
      </object_component>
      <object_component id="oc-4c4">
         <name>.text:DrawBlueCircle</name>
         <load_address>0x5bd4</load_address>
         <run_address>0x5bd4</run_address>
         <size>0x30</size>
         <input_file_ref idref="fl-4"/>
      </object_component>
      <object_component id="oc-2d6">
         <name>.text:GPIO_getInputPinValue</name>
         <load_address>0x5c04</load_address>
         <run_address>0x5c04</run_address>
         <size>0x30</size>
         <input_file_ref idref="fl-1e"/>
      </object_component>
      <object_component id="oc-51f">
         <name>.text:HAL_LCD_PortInit</name>
         <load_address>0x5c34</load_address>
         <run_address>0x5c34</run_address>
         <size>0x30</size>
         <input_file_ref idref="fl-b"/>
      </object_component>
      <object_component id="oc-269">
         <name>.text:initJoyStick</name>
         <load_address>0x5c64</load_address>
         <run_address>0x5c64</run_address>
         <size>0x30</size>
         <input_file_ref idref="fl-2"/>
      </object_component>
      <object_component id="oc-725">
         <name>.text</name>
         <load_address>0x5c94</load_address>
         <run_address>0x5c94</run_address>
         <size>0x2e</size>
         <input_file_ref idref="fl-fa"/>
      </object_component>
      <object_component id="oc-40a">
         <name>.text:ADC14_toggleConversionTrigger</name>
         <load_address>0x5cc4</load_address>
         <run_address>0x5cc4</run_address>
         <size>0x2c</size>
         <input_file_ref idref="fl-1d"/>
      </object_component>
      <object_component id="oc-3a1">
         <name>.text:Crystalfontz128x128_ClearScreen</name>
         <load_address>0x5cf0</load_address>
         <run_address>0x5cf0</run_address>
         <size>0x2c</size>
         <input_file_ref idref="fl-a"/>
      </object_component>
      <object_component id="oc-41e">
         <name>.text:Graphics_drawPixelOnDisplay</name>
         <load_address>0x5d1c</load_address>
         <run_address>0x5d1c</run_address>
         <size>0x2c</size>
         <input_file_ref idref="fl-19"/>
      </object_component>
      <object_component id="oc-531">
         <name>.text:HAL_LCD_writeData</name>
         <load_address>0x5d48</load_address>
         <run_address>0x5d48</run_address>
         <size>0x2c</size>
         <input_file_ref idref="fl-b"/>
      </object_component>
      <object_component id="oc-404">
         <name>.text:ADC14_enableConversion</name>
         <load_address>0x5d74</load_address>
         <run_address>0x5d74</run_address>
         <size>0x28</size>
         <input_file_ref idref="fl-1d"/>
      </object_component>
      <object_component id="oc-395">
         <name>.text:Crystalfontz128x128_ColorTranslate</name>
         <load_address>0x5d9c</load_address>
         <run_address>0x5d9c</run_address>
         <size>0x28</size>
         <input_file_ref idref="fl-a"/>
      </object_component>
      <object_component id="oc-3c2">
         <name>.text:GPIO_setOutputHighOnPin</name>
         <load_address>0x5dc4</load_address>
         <run_address>0x5dc4</run_address>
         <size>0x28</size>
         <input_file_ref idref="fl-1e"/>
      </object_component>
      <object_component id="oc-3c9">
         <name>.text:GPIO_setOutputLowOnPin</name>
         <load_address>0x5dec</load_address>
         <run_address>0x5dec</run_address>
         <size>0x28</size>
         <input_file_ref idref="fl-1e"/>
      </object_component>
      <object_component id="oc-276">
         <name>.text:WaitCycles</name>
         <load_address>0x5e14</load_address>
         <run_address>0x5e14</run_address>
         <size>0x26</size>
         <input_file_ref idref="fl-5"/>
      </object_component>
      <object_component id="oc-1eb">
         <name>.text:WDT_A_holdTimer</name>
         <load_address>0x5e3c</load_address>
         <run_address>0x5e3c</run_address>
         <size>0x24</size>
         <input_file_ref idref="fl-23"/>
      </object_component>
      <object_component id="oc-263">
         <name>.text:initADC</name>
         <load_address>0x5e60</load_address>
         <run_address>0x5e60</run_address>
         <size>0x24</size>
         <input_file_ref idref="fl-2"/>
      </object_component>
      <object_component id="oc-e3">
         <name>.text:InitOneShotSWTimer</name>
         <load_address>0x5e84</load_address>
         <run_address>0x5e84</run_address>
         <size>0x1e</size>
         <input_file_ref idref="fl-5"/>
      </object_component>
      <object_component id="oc-e9">
         <name>.text:StartOneShotSWTimer</name>
         <load_address>0x5ea2</load_address>
         <run_address>0x5ea2</run_address>
         <size>0x1e</size>
         <input_file_ref idref="fl-5"/>
      </object_component>
      <object_component id="oc-296">
         <name>.text:ADC14_getResult</name>
         <load_address>0x5ec0</load_address>
         <run_address>0x5ec0</run_address>
         <size>0x1c</size>
         <input_file_ref idref="fl-1d"/>
      </object_component>
      <object_component id="oc-5ea">
         <name>.text:SPI_enableModule</name>
         <load_address>0x5edc</load_address>
         <run_address>0x5edc</run_address>
         <size>0x1c</size>
         <input_file_ref idref="fl-20"/>
      </object_component>
      <object_component id="oc-70">
         <name>.text:T32_INT1_IRQHandler</name>
         <load_address>0x5ef8</load_address>
         <run_address>0x5ef8</run_address>
         <size>0x1c</size>
         <input_file_ref idref="fl-5"/>
      </object_component>
      <object_component id="oc-101">
         <name>.text:getSampleJoyStick</name>
         <load_address>0x5f14</load_address>
         <run_address>0x5f14</run_address>
         <size>0x1c</size>
         <input_file_ref idref="fl-2"/>
      </object_component>
      <object_component id="oc-6db">
         <name>.text:memccpy</name>
         <load_address>0x5f30</load_address>
         <run_address>0x5f30</run_address>
         <size>0x1c</size>
         <input_file_ref idref="fl-ef"/>
      </object_component>
      <object_component id="oc-360">
         <name>.text:Graphics_clearDisplayOnDisplay</name>
         <load_address>0x5f4c</load_address>
         <run_address>0x5f4c</run_address>
         <size>0x1a</size>
         <input_file_ref idref="fl-19"/>
      </object_component>
      <object_component id="oc-1ca">
         <name>.text:Graphics_setBackgroundColor</name>
         <load_address>0x5f66</load_address>
         <run_address>0x5f66</run_address>
         <size>0x1a</size>
         <input_file_ref idref="fl-18"/>
      </object_component>
      <object_component id="oc-1d0">
         <name>.text:Graphics_setFont</name>
         <load_address>0x5f80</load_address>
         <run_address>0x5f80</run_address>
         <size>0x1a</size>
         <input_file_ref idref="fl-18"/>
      </object_component>
      <object_component id="oc-68b">
         <name>.text:_outs</name>
         <load_address>0x5f9a</load_address>
         <run_address>0x5f9a</run_address>
         <size>0x18</size>
         <input_file_ref idref="fl-e7"/>
      </object_component>
      <object_component id="oc-5b5">
         <name>.text</name>
         <load_address>0x5fb2</load_address>
         <run_address>0x5fb2</run_address>
         <size>0x18</size>
         <input_file_ref idref="fl-de"/>
      </object_component>
      <object_component id="oc-653">
         <name>.text:EUSCI_A_SPI_enable</name>
         <load_address>0x5fca</load_address>
         <run_address>0x5fca</run_address>
         <size>0x16</size>
         <input_file_ref idref="fl-20"/>
      </object_component>
      <object_component id="oc-659">
         <name>.text:EUSCI_B_SPI_enable</name>
         <load_address>0x5fe0</load_address>
         <run_address>0x5fe0</run_address>
         <size>0x16</size>
         <input_file_ref idref="fl-20"/>
      </object_component>
      <object_component id="oc-1c4">
         <name>.text:Graphics_setForegroundColor</name>
         <load_address>0x5ff6</load_address>
         <run_address>0x5ff6</run_address>
         <size>0x16</size>
         <input_file_ref idref="fl-18"/>
      </object_component>
      <object_component id="oc-357">
         <name>.text:Graphics_translateColorOnDisplay</name>
         <load_address>0x600c</load_address>
         <run_address>0x600c</run_address>
         <size>0x16</size>
         <input_file_ref idref="fl-19"/>
      </object_component>
      <object_component id="oc-756">
         <name>.text:strchr</name>
         <load_address>0x6022</load_address>
         <run_address>0x6022</run_address>
         <size>0x16</size>
         <input_file_ref idref="fl-f0"/>
      </object_component>
      <object_component id="oc-12b">
         <name>.text:BoosterpackBottomButton_pressed</name>
         <load_address>0x6038</load_address>
         <run_address>0x6038</run_address>
         <size>0x14</size>
         <input_file_ref idref="fl-3"/>
      </object_component>
      <object_component id="oc-119">
         <name>.text:BoosterpackTopButton_pressed</name>
         <load_address>0x604c</load_address>
         <run_address>0x604c</run_address>
         <size>0x14</size>
         <input_file_ref idref="fl-3"/>
      </object_component>
      <object_component id="oc-b6">
         <name>.text:Timer32_clearInterruptFlag</name>
         <load_address>0x6060</load_address>
         <run_address>0x6060</run_address>
         <size>0x14</size>
         <input_file_ref idref="fl-21"/>
      </object_component>
      <object_component id="oc-626">
         <name>.text:Timer_A_stopTimer</name>
         <load_address>0x6074</load_address>
         <run_address>0x6074</run_address>
         <size>0x14</size>
         <input_file_ref idref="fl-22"/>
      </object_component>
      <object_component id="oc-79b">
         <name>.text:copysign</name>
         <load_address>0x6088</load_address>
         <run_address>0x6088</run_address>
         <size>0x14</size>
         <input_file_ref idref="fl-f4"/>
      </object_component>
      <object_component id="oc-6ac">
         <name>.text:strlen</name>
         <load_address>0x609c</load_address>
         <run_address>0x609c</run_address>
         <size>0x14</size>
         <input_file_ref idref="fl-f1"/>
      </object_component>
      <object_component id="oc-1d6">
         <name>.text:Graphics_clearDisplay</name>
         <load_address>0x60b0</load_address>
         <run_address>0x60b0</run_address>
         <size>0x12</size>
         <input_file_ref idref="fl-18"/>
      </object_component>
      <object_component id="oc-6e1">
         <name>.text:wcslen</name>
         <load_address>0x60c2</load_address>
         <run_address>0x60c2</run_address>
         <size>0x12</size>
         <input_file_ref idref="fl-f5"/>
      </object_component>
      <object_component id="oc-56c">
         <name>.text:ADCIsConversionRunning</name>
         <load_address>0x60d4</load_address>
         <run_address>0x60d4</run_address>
         <size>0x10</size>
         <input_file_ref idref="fl-1d"/>
      </object_component>
      <object_component id="oc-1b8">
         <name>.text:InitFonts</name>
         <load_address>0x60e4</load_address>
         <run_address>0x60e4</run_address>
         <size>0xe</size>
         <input_file_ref idref="fl-6"/>
      </object_component>
      <object_component id="oc-46a">
         <name>.text:InitSound</name>
         <load_address>0x60f2</load_address>
         <run_address>0x60f2</run_address>
         <size>0xe</size>
         <input_file_ref idref="fl-8"/>
      </object_component>
      <object_component id="oc-ef">
         <name>.text:Timer32_getValue</name>
         <load_address>0x6100</load_address>
         <run_address>0x6100</run_address>
         <size>0xe</size>
         <input_file_ref idref="fl-21"/>
      </object_component>
      <object_component id="oc-1a">
         <name>.text:decompress:none:__TI_decompress_none</name>
         <load_address>0x610e</load_address>
         <run_address>0x610e</run_address>
         <size>0xe</size>
         <input_file_ref idref="fl-e1"/>
      </object_component>
      <object_component id="oc-3de">
         <name>.text:ADC14_enableModule</name>
         <load_address>0x611c</load_address>
         <run_address>0x611c</run_address>
         <size>0xc</size>
         <input_file_ref idref="fl-1d"/>
      </object_component>
      <object_component id="oc-64">
         <name>.text:Reset_Handler</name>
         <load_address>0x6128</load_address>
         <run_address>0x6128</run_address>
         <size>0xc</size>
         <input_file_ref idref="fl-c"/>
      </object_component>
      <object_component id="oc-46">
         <name>.text:decompress:ZI:__TI_zero_init</name>
         <load_address>0x6134</load_address>
         <run_address>0x6134</run_address>
         <size>0xc</size>
         <input_file_ref idref="fl-e0"/>
      </object_component>
      <object_component id="oc-20f">
         <name>.text:initialize_BoosterpackLED_blue</name>
         <load_address>0x6140</load_address>
         <run_address>0x6140</run_address>
         <size>0xc</size>
         <input_file_ref idref="fl-3"/>
      </object_component>
      <object_component id="oc-209">
         <name>.text:initialize_BoosterpackLED_green</name>
         <load_address>0x614c</load_address>
         <run_address>0x614c</run_address>
         <size>0xc</size>
         <input_file_ref idref="fl-3"/>
      </object_component>
      <object_component id="oc-203">
         <name>.text:initialize_BoosterpackLED_red</name>
         <load_address>0x6158</load_address>
         <run_address>0x6158</run_address>
         <size>0xc</size>
         <input_file_ref idref="fl-3"/>
      </object_component>
      <object_component id="oc-215">
         <name>.text:initialize_LaunchpadLED1</name>
         <load_address>0x6164</load_address>
         <run_address>0x6164</run_address>
         <size>0xc</size>
         <input_file_ref idref="fl-3"/>
      </object_component>
      <object_component id="oc-221">
         <name>.text:initialize_LaunchpadLED2_blue</name>
         <load_address>0x6170</load_address>
         <run_address>0x6170</run_address>
         <size>0xc</size>
         <input_file_ref idref="fl-3"/>
      </object_component>
      <object_component id="oc-227">
         <name>.text:initialize_LaunchpadLED2_green</name>
         <load_address>0x617c</load_address>
         <run_address>0x617c</run_address>
         <size>0xc</size>
         <input_file_ref idref="fl-3"/>
      </object_component>
      <object_component id="oc-21b">
         <name>.text:initialize_LaunchpadLED2_red</name>
         <load_address>0x6188</load_address>
         <run_address>0x6188</run_address>
         <size>0xc</size>
         <input_file_ref idref="fl-3"/>
      </object_component>
      <object_component id="oc-26f">
         <name>.text:startADC</name>
         <load_address>0x6194</load_address>
         <run_address>0x6194</run_address>
         <size>0xc</size>
         <input_file_ref idref="fl-2"/>
      </object_component>
      <object_component id="oc-239">
         <name>.text:turnOff_BoosterpackLED_blue</name>
         <load_address>0x61a0</load_address>
         <run_address>0x61a0</run_address>
         <size>0xc</size>
         <input_file_ref idref="fl-3"/>
      </object_component>
      <object_component id="oc-233">
         <name>.text:turnOff_BoosterpackLED_green</name>
         <load_address>0x61ac</load_address>
         <run_address>0x61ac</run_address>
         <size>0xc</size>
         <input_file_ref idref="fl-3"/>
      </object_component>
      <object_component id="oc-23f">
         <name>.text:turnOff_LaunchpadLED1</name>
         <load_address>0x61b8</load_address>
         <run_address>0x61b8</run_address>
         <size>0xc</size>
         <input_file_ref idref="fl-3"/>
      </object_component>
      <object_component id="oc-24b">
         <name>.text:turnOff_LaunchpadLED2_blue</name>
         <load_address>0x61c4</load_address>
         <run_address>0x61c4</run_address>
         <size>0xc</size>
         <input_file_ref idref="fl-3"/>
      </object_component>
      <object_component id="oc-251">
         <name>.text:turnOff_LaunchpadLED2_green</name>
         <load_address>0x61d0</load_address>
         <run_address>0x61d0</run_address>
         <size>0xc</size>
         <input_file_ref idref="fl-3"/>
      </object_component>
      <object_component id="oc-245">
         <name>.text:turnOff_LaunchpadLED2_red</name>
         <load_address>0x61dc</load_address>
         <run_address>0x61dc</run_address>
         <size>0xc</size>
         <input_file_ref idref="fl-3"/>
      </object_component>
      <object_component id="oc-22d">
         <name>.text:turnOn_BoosterpackLED_red</name>
         <load_address>0x61e8</load_address>
         <run_address>0x61e8</run_address>
         <size>0xc</size>
         <input_file_ref idref="fl-3"/>
      </object_component>
      <object_component id="oc-39b">
         <name>.text:Crystalfontz128x128_Flush</name>
         <load_address>0x61f4</load_address>
         <run_address>0x61f4</run_address>
         <size>0xa</size>
         <input_file_ref idref="fl-a"/>
      </object_component>
      <object_component id="oc-691">
         <name>.text:_outc</name>
         <load_address>0x61fe</load_address>
         <run_address>0x61fe</run_address>
         <size>0xa</size>
         <input_file_ref idref="fl-e7"/>
      </object_component>
      <object_component id="oc-6e7">
         <name>.text:__aeabi_errno_addr</name>
         <load_address>0x6208</load_address>
         <run_address>0x6208</run_address>
         <size>0x8</size>
         <input_file_ref idref="fl-fc"/>
      </object_component>
      <object_component id="oc-96">
         <name>.text:_system_pre_init</name>
         <load_address>0x6210</load_address>
         <run_address>0x6210</run_address>
         <size>0x4</size>
         <input_file_ref idref="fl-e9"/>
      </object_component>
      <object_component id="oc-161">
         <name>.text:abort:abort</name>
         <load_address>0x6214</load_address>
         <run_address>0x6214</run_address>
         <size>0x4</size>
         <input_file_ref idref="fl-e4"/>
      </object_component>
      <object_component id="oc-3ab">
         <name>.const:.string:g_pucCmtt16Data</name>
         <load_address>0x6218</load_address>
         <run_address>0x6218</run_address>
         <size>0x70a</size>
         <input_file_ref idref="fl-d"/>
      </object_component>
      <object_component id="oc-62c">
         <name>.const:$P$T0$1</name>
         <load_address>0x6928</load_address>
         <run_address>0x6928</run_address>
         <size>0x188</size>
         <input_file_ref idref="fl-8"/>
      </object_component>
      <object_component id="oc-704">
         <name>.const:.string:_ctypes_</name>
         <load_address>0x6ab0</load_address>
         <run_address>0x6ab0</run_address>
         <size>0x101</size>
         <input_file_ref idref="fl-ed"/>
      </object_component>
      <object_component id="oc-1e7">
         <name>.const:g_sFontCmtt16</name>
         <load_address>0x6bb4</load_address>
         <run_address>0x6bb4</run_address>
         <size>0xc8</size>
         <input_file_ref idref="fl-d"/>
      </object_component>
      <object_component id="oc-436">
         <name>.const:_ctlRegs</name>
         <load_address>0x6c7c</load_address>
         <run_address>0x6c7c</run_address>
         <size>0x80</size>
         <input_file_ref idref="fl-1d"/>
      </object_component>
      <object_component id="oc-2dd">
         <name>.const:.string:$P$T17$89</name>
         <load_address>0x6cfc</load_address>
         <run_address>0x6cfc</run_address>
         <size>0x64</size>
         <input_file_ref idref="fl-4"/>
      </object_component>
      <object_component id="oc-2e0">
         <name>.const:.string:$P$T18$90</name>
         <load_address>0x6d60</load_address>
         <run_address>0x6d60</run_address>
         <size>0x64</size>
         <input_file_ref idref="fl-4"/>
      </object_component>
      <object_component id="oc-45e">
         <name>.const:GPIO_PORT_TO_BASE</name>
         <load_address>0x6dc4</load_address>
         <run_address>0x6dc4</run_address>
         <size>0x30</size>
         <input_file_ref idref="fl-1e"/>
      </object_component>
      <object_component id="oc-1e4">
         <name>.const:g_sCrystalfontz128x128_funcs</name>
         <load_address>0x6df4</load_address>
         <run_address>0x6df4</run_address>
         <size>0x20</size>
         <input_file_ref idref="fl-a"/>
      </object_component>
      <object_component id="oc-2ff">
         <name>.const:.string:$P$T5$8</name>
         <load_address>0x6e14</load_address>
         <run_address>0x6e14</run_address>
         <size>0x1e</size>
         <input_file_ref idref="fl-4"/>
      </object_component>
      <object_component id="oc-5f0">
         <name>.const:$P$T0$1</name>
         <load_address>0x6e34</load_address>
         <run_address>0x6e34</run_address>
         <size>0x1c</size>
         <input_file_ref idref="fl-b"/>
      </object_component>
      <object_component id="oc-2f3">
         <name>.const:.string:$P$T1$4</name>
         <load_address>0x6e50</load_address>
         <run_address>0x6e50</run_address>
         <size>0x16</size>
         <input_file_ref idref="fl-4"/>
      </object_component>
      <object_component id="oc-285">
         <name>.const:.string:$P$T12$84</name>
         <load_address>0x6e66</load_address>
         <run_address>0x6e66</run_address>
         <size>0x16</size>
         <input_file_ref idref="fl-4"/>
      </object_component>
      <object_component id="oc-288">
         <name>.const:.string:$P$T13$85</name>
         <load_address>0x6e7c</load_address>
         <run_address>0x6e7c</run_address>
         <size>0x16</size>
         <input_file_ref idref="fl-4"/>
      </object_component>
      <object_component id="oc-28c">
         <name>.const:.string:$P$T14$86</name>
         <load_address>0x6e92</load_address>
         <run_address>0x6e92</run_address>
         <size>0x16</size>
         <input_file_ref idref="fl-4"/>
      </object_component>
      <object_component id="oc-28f">
         <name>.const:.string:$P$T15$87</name>
         <load_address>0x6ea8</load_address>
         <run_address>0x6ea8</run_address>
         <size>0x16</size>
         <input_file_ref idref="fl-4"/>
      </object_component>
      <object_component id="oc-292">
         <name>.const:.string:$P$T16$88</name>
         <load_address>0x6ebe</load_address>
         <run_address>0x6ebe</run_address>
         <size>0x16</size>
         <input_file_ref idref="fl-4"/>
      </object_component>
      <object_component id="oc-2e3">
         <name>.const:.string:$P$T19$91</name>
         <load_address>0x6ed4</load_address>
         <run_address>0x6ed4</run_address>
         <size>0x16</size>
         <input_file_ref idref="fl-4"/>
      </object_component>
      <object_component id="oc-29d">
         <name>.const:.string:$P$T21$93</name>
         <load_address>0x6eea</load_address>
         <run_address>0x6eea</run_address>
         <size>0x16</size>
         <input_file_ref idref="fl-4"/>
      </object_component>
      <object_component id="oc-2a0">
         <name>.const:.string:$P$T22$94</name>
         <load_address>0x6f00</load_address>
         <run_address>0x6f00</run_address>
         <size>0x16</size>
         <input_file_ref idref="fl-4"/>
      </object_component>
      <object_component id="oc-2a3">
         <name>.const:.string:$P$T23$95</name>
         <load_address>0x6f16</load_address>
         <run_address>0x6f16</run_address>
         <size>0x16</size>
         <input_file_ref idref="fl-4"/>
      </object_component>
      <object_component id="oc-2a7">
         <name>.const:.string:$P$T24$96</name>
         <load_address>0x6f2c</load_address>
         <run_address>0x6f2c</run_address>
         <size>0x16</size>
         <input_file_ref idref="fl-4"/>
      </object_component>
      <object_component id="oc-2aa">
         <name>.const:.string:$P$T25$97</name>
         <load_address>0x6f42</load_address>
         <run_address>0x6f42</run_address>
         <size>0x16</size>
         <input_file_ref idref="fl-4"/>
      </object_component>
      <object_component id="oc-2ad">
         <name>.const:.string:$P$T26$98</name>
         <load_address>0x6f58</load_address>
         <run_address>0x6f58</run_address>
         <size>0x16</size>
         <input_file_ref idref="fl-4"/>
      </object_component>
      <object_component id="oc-2b1">
         <name>.const:.string:$P$T27$99</name>
         <load_address>0x6f6e</load_address>
         <run_address>0x6f6e</run_address>
         <size>0x16</size>
         <input_file_ref idref="fl-4"/>
      </object_component>
      <object_component id="oc-2b4">
         <name>.const:.string:$P$T28$100</name>
         <load_address>0x6f84</load_address>
         <run_address>0x6f84</run_address>
         <size>0x16</size>
         <input_file_ref idref="fl-4"/>
      </object_component>
      <object_component id="oc-2b7">
         <name>.const:.string:$P$T29$101</name>
         <load_address>0x6f9a</load_address>
         <run_address>0x6f9a</run_address>
         <size>0x16</size>
         <input_file_ref idref="fl-4"/>
      </object_component>
      <object_component id="oc-2ba">
         <name>.const:.string:$P$T30$102</name>
         <load_address>0x6fb0</load_address>
         <run_address>0x6fb0</run_address>
         <size>0x16</size>
         <input_file_ref idref="fl-4"/>
      </object_component>
      <object_component id="oc-2bd">
         <name>.const:.string:$P$T31$103</name>
         <load_address>0x6fc6</load_address>
         <run_address>0x6fc6</run_address>
         <size>0x16</size>
         <input_file_ref idref="fl-4"/>
      </object_component>
      <object_component id="oc-2c0">
         <name>.const:.string:$P$T32$104</name>
         <load_address>0x6fdc</load_address>
         <run_address>0x6fdc</run_address>
         <size>0x16</size>
         <input_file_ref idref="fl-4"/>
      </object_component>
      <object_component id="oc-2c3">
         <name>.const:.string:$P$T33$105</name>
         <load_address>0x6ff2</load_address>
         <run_address>0x6ff2</run_address>
         <size>0x16</size>
         <input_file_ref idref="fl-4"/>
      </object_component>
      <object_component id="oc-2c6">
         <name>.const:.string:$P$T34$106</name>
         <load_address>0x7008</load_address>
         <run_address>0x7008</run_address>
         <size>0x16</size>
         <input_file_ref idref="fl-4"/>
      </object_component>
      <object_component id="oc-2c9">
         <name>.const:.string:$P$T35$107</name>
         <load_address>0x701e</load_address>
         <run_address>0x701e</run_address>
         <size>0x16</size>
         <input_file_ref idref="fl-4"/>
      </object_component>
      <object_component id="oc-2cc">
         <name>.const:.string:$P$T36$108</name>
         <load_address>0x7034</load_address>
         <run_address>0x7034</run_address>
         <size>0x16</size>
         <input_file_ref idref="fl-4"/>
      </object_component>
      <object_component id="oc-2cf">
         <name>.const:.string:$P$T37$109</name>
         <load_address>0x704a</load_address>
         <run_address>0x704a</run_address>
         <size>0x16</size>
         <input_file_ref idref="fl-4"/>
      </object_component>
      <object_component id="oc-2d2">
         <name>.const:.string:$P$T38$110</name>
         <load_address>0x7060</load_address>
         <run_address>0x7060</run_address>
         <size>0x16</size>
         <input_file_ref idref="fl-4"/>
      </object_component>
      <object_component id="oc-305">
         <name>.const:.string:$P$T7$10</name>
         <load_address>0x7076</load_address>
         <run_address>0x7076</run_address>
         <size>0x16</size>
         <input_file_ref idref="fl-4"/>
      </object_component>
      <object_component id="oc-4dc">
         <name>.const:.string:$P$T9$81</name>
         <load_address>0x708c</load_address>
         <run_address>0x708c</run_address>
         <size>0x16</size>
         <input_file_ref idref="fl-4"/>
      </object_component>
      <object_component id="oc-2fc">
         <name>.const:.string:$P$T4$7</name>
         <load_address>0x70a2</load_address>
         <run_address>0x70a2</run_address>
         <size>0x14</size>
         <input_file_ref idref="fl-4"/>
      </object_component>
      <object_component id="oc-2f0">
         <name>.const:.string:$P$T0$3</name>
         <load_address>0x70b6</load_address>
         <run_address>0x70b6</run_address>
         <size>0x10</size>
         <input_file_ref idref="fl-4"/>
      </object_component>
      <object_component id="oc-2f9">
         <name>.const:.string:$P$T3$6</name>
         <load_address>0x70c6</load_address>
         <run_address>0x70c6</run_address>
         <size>0x10</size>
         <input_file_ref idref="fl-4"/>
      </object_component>
      <object_component id="oc-302">
         <name>.const:.string:$P$T6$9</name>
         <load_address>0x70d6</load_address>
         <run_address>0x70d6</run_address>
         <size>0x10</size>
         <input_file_ref idref="fl-4"/>
      </object_component>
      <object_component id="oc-2f6">
         <name>.const:.string:$P$T2$5</name>
         <load_address>0x70e6</load_address>
         <run_address>0x70e6</run_address>
         <size>0xc</size>
         <input_file_ref idref="fl-4"/>
      </object_component>
      <object_component id="oc-2e6">
         <name>.const:.string:$P$T20$92</name>
         <load_address>0x70f2</load_address>
         <run_address>0x70f2</run_address>
         <size>0xc</size>
         <input_file_ref idref="fl-4"/>
      </object_component>
      <object_component id="oc-308">
         <name>.const:.string:$P$T8$11</name>
         <load_address>0x70fe</load_address>
         <run_address>0x70fe</run_address>
         <size>0xc</size>
         <input_file_ref idref="fl-4"/>
      </object_component>
      <object_component id="oc-552">
         <name>.const:$P$T0$1</name>
         <load_address>0x710a</load_address>
         <run_address>0x710a</run_address>
         <size>0x8</size>
         <input_file_ref idref="fl-a"/>
      </object_component>
      <object_component id="oc-601">
         <name>.const:g_pulEnRegs</name>
         <load_address>0x7114</load_address>
         <run_address>0x7114</run_address>
         <size>0x8</size>
         <input_file_ref idref="fl-1f"/>
      </object_component>
      <object_component id="oc-7f7">
         <name>.cinit..data.load</name>
         <load_address>0x7120</load_address>
         <run_address>0x7120</run_address>
         <size>0x2f</size>
      </object_component>
      <object_component id="oc-7f5">
         <name>__TI_handler_table</name>
         <load_address>0x7150</load_address>
         <run_address>0x7150</run_address>
         <size>0xc</size>
      </object_component>
      <object_component id="oc-7f8">
         <name>.cinit..bss.load</name>
         <load_address>0x7160</load_address>
         <run_address>0x7160</run_address>
         <size>0x8</size>
      </object_component>
      <object_component id="oc-7f6">
         <name>__TI_cinit_table</name>
         <load_address>0x7168</load_address>
         <run_address>0x7168</run_address>
         <size>0x10</size>
      </object_component>
      <object_component id="oc-7ca">
         <name>.binit</name>
         <load_address>0x0</load_address>
         <run_address>0x0</run_address>
         <size>0x0</size>
      </object_component>
      <object_component id="oc-141">
         <name>.data</name>
         <load_address>0x200007a8</load_address>
         <run_address>0x200007a8</run_address>
         <size>0x66</size>
         <input_file_ref idref="fl-4"/>
      </object_component>
      <object_component id="oc-1e1">
         <name>.data:g_sCrystalfontz128x128</name>
         <load_address>0x20000810</load_address>
         <run_address>0x20000810</run_address>
         <size>0x10</size>
         <input_file_ref idref="fl-a"/>
      </object_component>
      <object_component id="oc-766">
         <name>.data</name>
         <load_address>0x20000820</load_address>
         <run_address>0x20000820</run_address>
         <size>0x4</size>
         <input_file_ref idref="fl-fc"/>
      </object_component>
      <object_component id="oc-132">
         <name>.bss</name>
         <uninitialized>true</uninitialized>
         <run_address>0x20000650</run_address>
         <size>0xb0</size>
         <input_file_ref idref="fl-4"/>
      </object_component>
      <object_component id="oc-5cd">
         <name>.bss:yMoveTimer$27</name>
         <uninitialized>true</uninitialized>
         <run_address>0x2000075c</run_address>
         <size>0x10</size>
         <input_file_ref idref="fl-4"/>
      </object_component>
      <object_component id="oc-5cf">
         <name>.bss:yMoveTimer$44</name>
         <uninitialized>true</uninitialized>
         <run_address>0x2000076c</run_address>
         <size>0x10</size>
         <input_file_ref idref="fl-4"/>
      </object_component>
      <object_component id="oc-5ce">
         <name>.bss:yMoveTimer$78</name>
         <uninitialized>true</uninitialized>
         <run_address>0x2000077c</run_address>
         <size>0x10</size>
         <input_file_ref idref="fl-4"/>
      </object_component>
      <object_component id="oc-4df">
         <name>.bss:yMoveTimer$80</name>
         <uninitialized>true</uninitialized>
         <run_address>0x2000078c</run_address>
         <size>0x10</size>
         <input_file_ref idref="fl-4"/>
      </object_component>
      <object_component id="oc-131">
         <name>.bss:yMoveTimer$111</name>
         <uninitialized>true</uninitialized>
         <run_address>0x2000074c</run_address>
         <size>0x10</size>
         <input_file_ref idref="fl-4"/>
      </object_component>
      <object_component id="oc-4e0">
         <name>.common:enter_sandman</name>
         <uninitialized>true</uninitialized>
         <run_address>0x20000000</run_address>
         <size>0x328</size>
      </object_component>
      <object_component id="oc-4e3">
         <name>.common:hokie_fight</name>
         <uninitialized>true</uninitialized>
[...]
         <object_component_ref idref="oc-418"/>
      </symbol>
      <symbol id="sm-81d">
         <name>Graphics_drawLineV</name>
         <value>0x4571</value>
         <object_component_ref idref="oc-636"/>
      </symbol>
      <symbol id="sm-81e">
         <name>Graphics_drawLine</name>
         <value>0x30c9</value>
         <object_component_ref idref="oc-5bb"/>
      </symbol>
      <symbol id="sm-85f">
         <name>Graphics_drawString</name>
         <value>0xfcd</value>
         <object_component_ref idref="oc-27f"/>
      </symbol>
      <symbol id="sm-920">
         <name>ADC14_enableSampleTimer</name>
         <value>0x5ad1</value>
         <object_component_ref idref="oc-3f0"/>
      </symbol>
      <symbol id="sm-921">
         <name>ADC14_enableConversion</name>
         <value>0x5d75</value>
         <object_component_ref idref="oc-404"/>
      </symbol>
      <symbol id="sm-922">
         <name>ADC14_toggleConversionTrigger</name>
         <value>0x5cc5</value>
         <object_component_ref idref="oc-40a"/>
      </symbol>
      <symbol id="sm-923">
         <name>ADC14_initModule</name>
         <value>0x5175</value>
         <object_component_ref idref="oc-3e4"/>
      </symbol>
      <symbol id="sm-924">
         <name>ADC14_configureMultiSequenceMode</name>
         <value>0x4105</value>
         <object_component_ref idref="oc-3ea"/>
      </symbol>
      <symbol id="sm-925">
         <name>ADC14_configureConversionMemory</name>
         <value>0x4255</value>
         <object_component_ref idref="oc-3f7"/>
      </symbol>
      <symbol id="sm-926">
         <name>ADC14_enableModule</name>
         <value>0x611d</value>
         <object_component_ref idref="oc-3de"/>
      </symbol>
      <symbol id="sm-927">
         <name>ADC14_getResult</name>
         <value>0x5ec1</value>
         <object_component_ref idref="oc-296"/>
      </symbol>
      <symbol id="sm-97b">
         <name>GPIO_setOutputHighOnPin</name>
         <value>0x5dc5</value>
         <object_component_ref idref="oc-3c2"/>
      </symbol>
      <symbol id="sm-97c">
         <name>GPIO_setAsOutputPin</name>
         <value>0x583d</value>
         <object_component_ref idref="oc-3b5"/>
      </symbol>
      <symbol id="sm-97d">
         <name>GPIO_setOutputLowOnPin</name>
         <value>0x5ded</value>
         <object_component_ref idref="oc-3c9"/>
      </symbol>
      <symbol id="sm-97e">
         <name>GPIO_setAsPeripheralModuleFunctionOutputPin</name>
         <value>0x48f9</value>
         <object_component_ref idref="oc-58c"/>
      </symbol>
      <symbol id="sm-97f">
         <name>GPIO_getInputPinValue</name>
         <value>0x5c05</value>
         <object_component_ref idref="oc-2d6"/>
      </symbol>
      <symbol id="sm-980">
         <name>GPIO_setAsPeripheralModuleFunctionInputPin</name>
         <value>0x4871</value>
         <object_component_ref idref="oc-3fd"/>
      </symbol>
      <symbol id="sm-99d">
         <name>Interrupt_enableInterrupt</name>
         <value>0x4a8d</value>
         <object_component_ref idref="oc-564"/>
      </symbol>
      <symbol id="sm-9d7">
         <name>EUSCI_B_SPI_enable</name>
         <value>0x5fe1</value>
         <object_component_ref idref="oc-659"/>
      </symbol>
      <symbol id="sm-9d8">
         <name>SPI_enableModule</name>
         <value>0x5edd</value>
         <object_component_ref idref="oc-5ea"/>
      </symbol>
      <symbol id="sm-9d9">
         <name>EUSCI_A_SPI_enable</name>
         <value>0x5fcb</value>
         <object_component_ref idref="oc-653"/>
      </symbol>
      <symbol id="sm-9da">
         <name>SPI_initMaster</name>
         <value>0x4053</value>
         <object_component_ref idref="oc-5e4"/>
      </symbol>
      <symbol id="sm-a13">
         <name>Timer32_startTimer</name>
         <value>0x59f5</value>
         <object_component_ref idref="oc-1fd"/>
      </symbol>
      <symbol id="sm-a14">
         <name>Timer32_setCount</name>
         <value>0x5ba1</value>
         <object_component_ref idref="oc-1f7"/>
      </symbol>
      <symbol id="sm-a15">
         <name>Timer32_getValue</name>
         <value>0x6101</value>
         <object_component_ref idref="oc-ef"/>
      </symbol>
      <symbol id="sm-a16">
         <name>Timer32_initModule</name>
         <value>0x4d4d</value>
         <object_component_ref idref="oc-1f1"/>
      </symbol>
      <symbol id="sm-a17">
         <name>Timer32_clearInterruptFlag</name>
         <value>0x6061</value>
         <object_component_ref idref="oc-b6"/>
      </symbol>
      <symbol id="sm-a45">
         <name>Timer_A_generatePWM</name>
         <value>0x4c01</value>
         <object_component_ref idref="oc-620"/>
      </symbol>
      <symbol id="sm-a46">
         <name>Timer_A_stopTimer</name>
         <value>0x6075</value>
         <object_component_ref idref="oc-626"/>
      </symbol>
      <symbol id="sm-a52">
         <name>WDT_A_holdTimer</name>
         <value>0x5e3d</value>
         <object_component_ref idref="oc-1eb"/>
      </symbol>
      <symbol id="sm-a63">
         <name>__aeabi_memset</name>
         <value>0x4b0f</value>
         <object_component_ref idref="oc-90"/>
      </symbol>
      <symbol id="sm-a64">
         <name>memset</name>
         <value>0x4b15</value>
         <object_component_ref idref="oc-90"/>
      </symbol>
      <symbol id="sm-a65">
         <name>__aeabi_memset8</name>
         <value>0x4b0f</value>
         <object_component_ref idref="oc-90"/>
      </symbol>
      <symbol id="sm-a66">
         <name>__aeabi_memset4</name>
         <value>0x4b0f</value>
         <object_component_ref idref="oc-90"/>
      </symbol>
      <symbol id="sm-a67">
         <name>__aeabi_memclr8</name>
         <value>0x4b0d</value>
         <object_component_ref idref="oc-90"/>
      </symbol>
      <symbol id="sm-a68">
         <name>__aeabi_memclr4</name>
         <value>0x4b0d</value>
         <object_component_ref idref="oc-90"/>
      </symbol>
      <symbol id="sm-a69">
         <name>__aeabi_memclr</name>
         <value>0x4b0d</value>
         <object_component_ref idref="oc-90"/>
      </symbol>
      <symbol id="sm-a7d">
         <name>__aeabi_ddiv</name>
         <value>0x3769</value>
         <object_component_ref idref="oc-616"/>
      </symbol>
      <symbol id="sm-a87">
         <name>__aeabi_d2uiz</name>
         <value>0x57b9</value>
         <object_component_ref idref="oc-61b"/>
      </symbol>
      <symbol id="sm-a90">
         <name>__aeabi_lmul</name>
         <value>0x5fb3</value>
         <object_component_ref idref="oc-5b5"/>
      </symbol>
      <symbol id="sm-aab">
         <name>memcpy</name>
         <value>0x46a9</value>
         <object_component_ref idref="oc-34"/>
      </symbol>
      <symbol id="sm-aac">
         <name>__aeabi_memcpy</name>
         <value>0x46a9</value>
         <object_component_ref idref="oc-34"/>
      </symbol>
      <symbol id="sm-aad">
         <name>__aeabi_memcpy8</name>
         <value>0x46a9</value>
         <object_component_ref idref="oc-34"/>
      </symbol>
      <symbol id="sm-aae">
         <name>__aeabi_memcpy4</name>
         <value>0x46a9</value>
         <object_component_ref idref="oc-34"/>
      </symbol>
      <symbol id="sm-ac5">
         <name>__TI_zero_init</name>
         <value>0x6135</value>
         <object_component_ref idref="oc-46"/>
      </symbol>
      <symbol id="sm-adc">
         <name>__TI_decompress_none</name>
         <value>0x610f</value>
         <object_component_ref idref="oc-1a"/>
      </symbol>
      <symbol id="sm-aff">
         <name>__TI_decompress_lzss</name>
         <value>0x4db5</value>
         <object_component_ref idref="oc-14"/>
      </symbol>
      <symbol id="sm-b12">
         <name>__stack</name>
         <value>0x2000fe00</value>
         <object_component_ref idref="oc-26"/>
      </symbol>
      <symbol id="sm-b13">
         <name>_c_int00_noargs</name>
         <value>0x5a2d</value>
         <object_component_ref idref="oc-52"/>
      </symbol>
      <symbol id="sm-b1e">
         <name>C$$EXIT</name>
         <value>0x6215</value>
         <object_component_ref idref="oc-161"/>
      </symbol>
      <symbol id="sm-b1f">
         <name>abort</name>
         <value>0x6215</value>
         <object_component_ref idref="oc-161"/>
      </symbol>
      <symbol id="sm-b52">
         <name>sprintf</name>
         <value>0x593d</value>
         <object_component_ref idref="oc-644"/>
      </symbol>
      <symbol id="sm-b7a">
         <name>__TI_auto_init_nobinit_nopinit</name>
         <value>0x5775</value>
         <object_component_ref idref="oc-16d"/>
      </symbol>
      <symbol id="sm-b84">
         <name>_system_pre_init</name>
         <value>0x6211</value>
         <object_component_ref idref="oc-96"/>
      </symbol>
      <symbol id="sm-cea">
         <name>__TI_printfi</name>
         <value>0xe5</value>
         <object_component_ref idref="oc-685"/>
      </symbol>
      <symbol id="sm-d00">
         <name>atoi</name>
         <value>0x5659</value>
         <object_component_ref idref="oc-6b2"/>
      </symbol>
      <symbol id="sm-d0b">
         <name>_ctypes_</name>
         <value>0x6ab0</value>
         <object_component_ref idref="oc-704"/>
      </symbol>
      <symbol id="sm-d1a">
         <name>ltoa</name>
         <value>0x521d</value>
         <object_component_ref idref="oc-71f"/>
      </symbol>
      <symbol id="sm-d2a">
         <name>memccpy</name>
         <value>0x5f31</value>
         <object_component_ref idref="oc-6db"/>
      </symbol>
      <symbol id="sm-d3a">
         <name>strchr</name>
         <value>0x6023</value>
         <object_component_ref idref="oc-756"/>
      </symbol>
      <symbol id="sm-d48">
         <name>strlen</name>
         <value>0x609d</value>
         <object_component_ref idref="oc-6ac"/>
      </symbol>
      <symbol id="sm-d68">
         <name>frexpl</name>
         <value>0x4e81</value>
         <object_component_ref idref="oc-74a"/>
      </symbol>
      <symbol id="sm-d69">
         <name>frexp</name>
         <value>0x4e81</value>
         <object_component_ref idref="oc-74a"/>
      </symbol>
      <symbol id="sm-d86">
         <name>scalbn</name>
         <value>0x3c21</value>
         <object_component_ref idref="oc-750"/>
      </symbol>
      <symbol id="sm-d87">
         <name>scalbnl</name>
         <value>0x3c21</value>
         <object_component_ref idref="oc-750"/>
      </symbol>
      <symbol id="sm-d88">
         <name>ldexpl</name>
         <value>0x3c21</value>
         <object_component_ref idref="oc-750"/>
      </symbol>
      <symbol id="sm-d89">
         <name>ldexp</name>
         <value>0x3c21</value>
         <object_component_ref idref="oc-750"/>
      </symbol>
      <symbol id="sm-d93">
         <name>copysign</name>
         <value>0x6089</value>
         <object_component_ref idref="oc-79b"/>
      </symbol>
      <symbol id="sm-d94">
         <name>copysignl</name>
         <value>0x6089</value>
         <object_component_ref idref="oc-79b"/>
      </symbol>
      <symbol id="sm-dad">
         <name>wcslen</name>
         <value>0x60c3</value>
         <object_component_ref idref="oc-6e1"/>
      </symbol>
      <symbol id="sm-dc4">
         <name>__aeabi_dsub</name>
         <value>0x2bfd</value>
         <object_component_ref idref="oc-72a"/>
      </symbol>
      <symbol id="sm-dc5">
         <name>__aeabi_dadd</name>
         <value>0x2c07</value>
         <object_component_ref idref="oc-72a"/>
      </symbol>
      <symbol id="sm-de7">
         <name>__aeabi_cdcmpeq</name>
         <value>0x4981</value>
         <object_component_ref idref="oc-6be"/>
      </symbol>
      <symbol id="sm-de8">
         <name>__aeabi_cdcmple</name>
         <value>0x4981</value>
         <object_component_ref idref="oc-6be"/>
      </symbol>
      <symbol id="sm-de9">
         <name>__aeabi_cdrcmple</name>
         <value>0x4a07</value>
         <object_component_ref idref="oc-715"/>
      </symbol>
      <symbol id="sm-df4">
         <name>__aeabi_dmul</name>
         <value>0x3d31</value>
         <object_component_ref idref="oc-710"/>
      </symbol>
      <symbol id="sm-dfe">
         <name>__aeabi_d2iz</name>
         <value>0x56a5</value>
         <object_component_ref idref="oc-71a"/>
      </symbol>
      <symbol id="sm-e08">
         <name>__aeabi_i2d</name>
         <value>0x5c95</value>
         <object_component_ref idref="oc-725"/>
      </symbol>
      <symbol id="sm-e15">
         <name>__aeabi_uldivmod</name>
         <value>0x4745</value>
         <object_component_ref idref="oc-709"/>
      </symbol>
      <symbol id="sm-e2b">
         <name>__aeabi_errno_addr</name>
         <value>0x6209</value>
         <object_component_ref idref="oc-6e7"/>
      </symbol>
      <symbol id="sm-e2c">
         <name>errno</name>
         <value>0x20000820</value>
         <object_component_ref idref="oc-766"/>
      </symbol>
      <symbol id="sm-e36">
         <name>__aeabi_idiv0</name>
         <value>0x144b</value>
         <object_component_ref idref="oc-783"/>
      </symbol>
      <symbol id="sm-e37">
         <name>__aeabi_ldiv0</name>
         <value>0x144b</value>
         <object_component_ref idref="oc-783"/>
      </symbol>
      <symbol id="sm-e38">
         <name>__TI_static_base__</name>
         <value>0x0</value>
      </symbol>
      <symbol id="sm-e3b">
         <name>__mpu_init</name>
         <value>0x0</value>
      </symbol>
      <symbol id="sm-e3c">
         <name>_system_post_cinit</name>
         <value>0x0</value>
      </symbol>
      <symbol id="sm-e3d">
         <name>NMI_Handler</name>
         <value>0xb43</value>
      </symbol>
      <symbol id="sm-e3e">
         <name>HardFault_Handler</name>
         <value>0xb43</value>
      </symbol>
      <symbol id="sm-e3f">
         <name>MemManage_Handler</name>
         <value>0xb43</value>
      </symbol>
      <symbol id="sm-e40">
         <name>BusFault_Handler</name>
         <value>0xb43</value>
      </symbol>
      <symbol id="sm-e41">
         <name>UsageFault_Handler</name>
         <value>0xb43</value>
      </symbol>
      <symbol id="sm-e42">
         <name>SVC_Handler</name>
         <value>0xb43</value>
      </symbol>
      <symbol id="sm-e43">
         <name>DebugMon_Handler</name>
         <value>0xb43</value>
      </symbol>
      <symbol id="sm-e44">
         <name>PendSV_Handler</name>
         <value>0xb43</value>
      </symbol>
      <symbol id="sm-e45">
         <name>SysTick_Handler</name>
         <value>0xb43</value>
      </symbol>
      <symbol id="sm-e46">
         <name>PSS_IRQHandler</name>
         <value>0xb43</value>
      </symbol>
      <symbol id="sm-e47">
         <name>CS_IRQHandler</name>
         <value>0xb43</value>
      </symbol>
      <symbol id="sm-e48">
         <name>PCM_IRQHandler</name>
         <value>0xb43</value>
      </symbol>
      <symbol id="sm-e49">
         <name>WDT_A_IRQHandler</name>
         <value>0xb43</value>
      </symbol>
      <symbol id="sm-e4a">
         <name>FPU_IRQHandler</name>
         <value>0xb43</value>
      </symbol>
      <symbol id="sm-e4b">
         <name>FLCTL_IRQHandler</name>
         <value>0xb43</value>
      </symbol>
      <symbol id="sm-e4c">
         <name>COMP_E0_IRQHandler</name>
         <value>0xb43</value>
      </symbol>
      <symbol id="sm-e4d">
         <name>COMP_E1_IRQHandler</name>
         <value>0xb43</value>
      </symbol>
      <symbol id="sm-e4e">
         <name>TA0_0_IRQHandler</name>
         <value>0xb43</value>
      </symbol>
      <symbol id="sm-e4f">
         <name>TA0_N_IRQHandler</name>
         <value>0xb43</value>
      </symbol>
      <symbol id="sm-e50">
         <name>TA1_0_IRQHandler</name>
         <value>0xb43</value>
      </symbol>
      <symbol id="sm-e51">
         <name>TA1_N_IRQHandler</name>
         <value>0xb43</value>
      </symbol>
      <symbol id="sm-e52">
         <name>TA2_0_IRQHandler</name>
         <value>0xb43</value>
      </symbol>
      <symbol id="sm-e53">
         <name>TA2_N_IRQHandler</name>
         <value>0xb43</value>
      </symbol>
      <symbol id="sm-e54">
         <name>TA3_0_IRQHandler</name>
         <value>0xb43</value>
      </symbol>
      <symbol id="sm-e55">
         <name>TA3_N_IRQHandler</name>
         <value>0xb43</value>
      </symbol>
      <symbol id="sm-e56">
         <name>EUSCIA0_IRQHandler</name>
         <value>0xb43</value>
      </symbol>
      <symbol id="sm-e57">
         <name>EUSCIA1_IRQHandler</name>
         <value>0xb43</value>
      </symbol>
      <symbol id="sm-e58">
         <name>EUSCIA2_IRQHandler</name>
         <value>0xb43</value>
      </symbol>
      <symbol id="sm-e59">
         <name>EUSCIA3_IRQHandler</name>
         <value>0xb43</value>
      </symbol>
      <symbol id="sm-e5a">
         <name>EUSCIB0_IRQHandler</name>
         <value>0xb43</value>
      </symbol>
      <symbol id="sm-e5b">
         <name>EUSCIB1_IRQHandler</name>
         <value>0xb43</value>
      </symbol>
      <symbol id="sm-e5c">
         <name>EUSCIB2_IRQHandler</name>
         <value>0xb43</value>
      </symbol>
      <symbol id="sm-e5d">
         <name>EUSCIB3_IRQHandler</name>
         <value>0xb43</value>
      </symbol>
      <symbol id="sm-e5e">
         <name>ADC14_IRQHandler</name>
         <value>0xb43</value>
      </symbol>
      <symbol id="sm-e5f">
         <name>T32_INT1_IRQHandler</name>
         <value>0x5ef9</value>
      </symbol>
      <symbol id="sm-e60">
         <name>T32_INT2_IRQHandler</name>
         <value>0xb43</value>
      </symbol>
      <symbol id="sm-e61">
         <name>T32_INTC_IRQHandler</name>
         <value>0xb43</value>
      </symbol>
      <symbol id="sm-e62">
         <name>AES256_IRQHandler</name>
         <value>0xb43</value>
      </symbol>
      <symbol id="sm-e63">
         <name>RTC_C_IRQHandler</name>
         <value>0xb43</value>
      </symbol>
      <symbol id="sm-e64">
         <name>DMA_ERR_IRQHandler</name>
         <value>0xb43</value>
      </symbol>
      <symbol id="sm-e65">
         <name>DMA_INT3_IRQHandler</name>
         <value>0xb43</value>
      </symbol>
      <symbol id="sm-e66">
         <name>DMA_INT2_IRQHandler</name>
         <value>0xb43</value>
      </symbol>
      <symbol id="sm-e67">
         <name>DMA_INT1_IRQHandler</name>
         <value>0xb43</value>
      </symbol>
      <symbol id="sm-e68">
         <name>DMA_INT0_IRQHandler</name>
         <value>0xb43</value>
      </symbol>
      <symbol id="sm-e69">
         <name>PORT1_IRQHandler</name>
         <value>0xb43</value>
      </symbol>
      <symbol id="sm-e6a">
         <name>PORT2_IRQHandler</name>
         <value>0xb43</value>
      </symbol>
      <symbol id="sm-e6b">
         <name>PORT3_IRQHandler</name>
         <value>0xb43</value>
      </symbol>
      <symbol id="sm-e6c">
         <name>PORT4_IRQHandler</name>
         <value>0xb43</value>
      </symbol>
      <symbol id="sm-e6d">
         <name>PORT5_IRQHandler</name>
         <value>0xb43</value>
      </symbol>
      <symbol id="sm-e6e">
         <name>PORT6_IRQHandler</name>
         <value>0xb43</value>
      </symbol>
   </symbol_table>
   <title>Link successful</title>
</link_info>
