<?xml version="1.0" encoding="ISO-8859-1" ?>
<link_info>
   <banner>TI ARM Linker PC v18.1.2.LTS</banner>
   <copyright>Copyright (c) 1996-2017 Texas Instruments Incorporated</copyright>
   <link_time>0x5bcf9fbb</link_time>
   <link_errors>0x0</link_errors>
   <output_file>Lab3_starter.out</output_file>
   <entry_point>
      <name>_c_int00_noargs</name>
      <address>0x21f9</address>
   </entry_point>
   <input_file_list>
      <input_file id="fl-2">
         <path>.\</path>
         <kind>object</kind>
         <file>ADC_HAL.obj</file>
         <name>ADC_HAL.obj</name>
      </input_file>
      <input_file id="fl-3">
         <path>.\</path>
         <kind>object</kind>
         <file>ButtonLED_HAL.obj</file>
         <name>ButtonLED_HAL.obj</name>
      </input_file>
      <input_file id="fl-4">
         <path>.\</path>
         <kind>object</kind>
         <file>Lab3_starter_main.obj</file>
         <name>Lab3_starter_main.obj</name>
      </input_file>
      <input_file id="fl-5">
         <path>.\</path>
         <kind>object</kind>
         <file>Timer32_HAL.obj</file>
         <name>Timer32_HAL.obj</name>
      </input_file>
      <input_file id="fl-6">
         <path>.\</path>
         <kind>object</kind>
         <file>graphics_HAL.obj</file>
         <name>graphics_HAL.obj</name>
      </input_file>
      <input_file id="fl-7">
         <path>.\</path>
         <kind>object</kind>
         <file>song.obj</file>
         <name>song.obj</name>
      </input_file>
      <input_file id="fl-8">
         <path>.\</path>
         <kind>object</kind>
         <file>sound.obj</file>
         <name>sound.obj</name>
      </input_file>
      <input_file id="fl-9">
         <path>.\</path>
         <kind>object</kind>
         <file>system_msp432p401r.obj</file>
         <name>system_msp432p401r.obj</name>
      </input_file>
      <input_file id="fl-a">
         <path>.\LcdDriver\</path>
         <kind>object</kind>
         <file>Crystalfontz128x128_ST7735.obj</file>
         <name>Crystalfontz128x128_ST7735.obj</name>
      </input_file>
      <input_file id="fl-b">
         <path>.\LcdDriver\</path>
         <kind>object</kind>
         <file>HAL_MSP_EXP432P401R_Crystalfontz128x128_ST7735.obj</file>
         <name>HAL_MSP_EXP432P401R_Crystalfontz128x128_ST7735.obj</name>
      </input_file>
      <input_file id="fl-c">
         <path>.\ccs\</path>
         <kind>object</kind>
         <file>startup_msp432p401r_ccs.obj</file>
         <name>startup_msp432p401r_ccs.obj</name>
      </input_file>
      <input_file id="fl-d">
         <path>.\fonts\</path>
         <kind>object</kind>
         <file>fontcmtt16.obj</file>
         <name>fontcmtt16.obj</name>
      </input_file>
      <input_file id="fl-16">
         <kind>object</kind>
         <file>&lt;internal&gt;</file>
         <name>&lt;internal&gt;</name>
      </input_file>
      <input_file id="fl-17">
         <path>C:\ti\simplelink_msp432p4_sdk_2_20_00_12\source\ti\grlib\lib\ccs\m4f\</path>
         <kind>archive</kind>
         <file>grlib.a</file>
         <name>circle.obj</name>
      </input_file>
      <input_file id="fl-18">
         <path>C:\ti\simplelink_msp432p4_sdk_2_20_00_12\source\ti\grlib\lib\ccs\m4f\</path>
         <kind>archive</kind>
         <file>grlib.a</file>
         <name>context.obj</name>
      </input_file>
      <input_file id="fl-19">
         <path>C:\ti\simplelink_msp432p4_sdk_2_20_00_12\source\ti\grlib\lib\ccs\m4f\</path>
         <kind>archive</kind>
         <file>grlib.a</file>
         <name>display.obj</name>
      </input_file>
      <input_file id="fl-1a">
         <path>C:\ti\simplelink_msp432p4_sdk_2_20_00_12\source\ti\grlib\lib\ccs\m4f\</path>
         <kind>archive</kind>
         <file>grlib.a</file>
         <name>fontcmtt12.obj</name>
      </input_file>
      <input_file id="fl-1b">
         <path>C:\ti\simplelink_msp432p4_sdk_2_20_00_12\source\ti\grlib\lib\ccs\m4f\</path>
         <kind>archive</kind>
         <file>grlib.a</file>
         <name>line.obj</name>
      </input_file>
      <input_file id="fl-1c">
         <path>C:\ti\simplelink_msp432p4_sdk_2_20_00_12\source\ti\grlib\lib\ccs\m4f\</path>
         <kind>archive</kind>
         <file>grlib.a</file>
         <name>rectangle.obj</name>
      </input_file>
      <input_file id="fl-1d">
         <path>C:\ti\simplelink_msp432p4_sdk_2_20_00_12\source\ti\grlib\lib\ccs\m4f\</path>
         <kind>archive</kind>
         <file>grlib.a</file>
         <name>string.obj</name>
      </input_file>
      <input_file id="fl-1e">
         <path>C:\ti\simplelink_msp432p4_sdk_2_20_00_12\source\ti\devices\msp432p4xx\driverlib\ccs\</path>
         <kind>archive</kind>
         <file>msp432p4xx_driverlib.lib</file>
         <name>adc14.o</name>
      </input_file>
      <input_file id="fl-1f">
         <path>C:\ti\simplelink_msp432p4_sdk_2_20_00_12\source\ti\devices\msp432p4xx\driverlib\ccs\</path>
         <kind>archive</kind>
         <file>msp432p4xx_driverlib.lib</file>
         <name>gpio.o</name>
      </input_file>
      <input_file id="fl-20">
         <path>C:\ti\simplelink_msp432p4_sdk_2_20_00_12\source\ti\devices\msp432p4xx\driverlib\ccs\</path>
         <kind>archive</kind>
         <file>msp432p4xx_driverlib.lib</file>
         <name>interrupt.o</name>
      </input_file>
      <input_file id="fl-21">
         <path>C:\ti\simplelink_msp432p4_sdk_2_20_00_12\source\ti\devices\msp432p4xx\driverlib\ccs\</path>
         <kind>archive</kind>
         <file>msp432p4xx_driverlib.lib</file>
         <name>spi.o</name>
      </input_file>
      <input_file id="fl-22">
         <path>C:\ti\simplelink_msp432p4_sdk_2_20_00_12\source\ti\devices\msp432p4xx\driverlib\ccs\</path>
         <kind>archive</kind>
         <file>msp432p4xx_driverlib.lib</file>
         <name>timer32.o</name>
      </input_file>
      <input_file id="fl-23">
         <path>C:\ti\simplelink_msp432p4_sdk_2_20_00_12\source\ti\devices\msp432p4xx\driverlib\ccs\</path>
         <kind>archive</kind>
         <file>msp432p4xx_driverlib.lib</file>
         <name>timer_a.o</name>
      </input_file>
      <input_file id="fl-24">
         <path>C:\ti\simplelink_msp432p4_sdk_2_20_00_12\source\ti\devices\msp432p4xx\driverlib\ccs\</path>
         <kind>archive</kind>
         <file>msp432p4xx_driverlib.lib</file>
         <name>wdt_a.o</name>
      </input_file>
      <input_file id="fl-25">
         <path>C:\ti\simplelink_msp432p4_sdk_2_20_00_12\source\ti\devices\msp432p4xx\driverlib\ccs\</path>
         <kind>archive</kind>
         <file>msp432p4xx_driverlib.lib</file>
         <name>cpu.o</name>
      </input_file>
      <input_file id="fl-26">
         <path>C:\ti\simplelink_msp432p4_sdk_2_20_00_12\source\ti\devices\msp432p4xx\driverlib\ccs\</path>
         <kind>archive</kind>
         <file>msp432p4xx_driverlib.lib</file>
         <name>sysctl_a.o</name>
      </input_file>
      <input_file id="fl-dc">
         <path>C:\ti\ccsv8\tools\compiler\ti-cgt-arm_18.1.2.LTS\lib\</path>
         <kind>archive</kind>
         <file>rtsv7M4_T_le_v4SPD16_eabi.lib</file>
         <name>ll_mul_t2.asm.obj</name>
      </input_file>
      <input_file id="fl-dd">
         <path>C:\ti\ccsv8\tools\compiler\ti-cgt-arm_18.1.2.LTS\lib\</path>
         <kind>archive</kind>
         <file>rtsv7M4_T_le_v4SPD16_eabi.lib</file>
         <name>memcpy_t2.asm.obj</name>
      </input_file>
      <input_file id="fl-de">
         <path>C:\ti\ccsv8\tools\compiler\ti-cgt-arm_18.1.2.LTS\lib\</path>
         <kind>archive</kind>
         <file>rtsv7M4_T_le_v4SPD16_eabi.lib</file>
         <name>copy_zero_init.c.obj</name>
      </input_file>
      <input_file id="fl-df">
         <path>C:\ti\ccsv8\tools\compiler\ti-cgt-arm_18.1.2.LTS\lib\</path>
         <kind>archive</kind>
         <file>rtsv7M4_T_le_v4SPD16_eabi.lib</file>
         <name>copy_decompress_none.c.obj</name>
      </input_file>
      <input_file id="fl-e0">
         <path>C:\ti\ccsv8\tools\compiler\ti-cgt-arm_18.1.2.LTS\lib\</path>
         <kind>archive</kind>
         <file>rtsv7M4_T_le_v4SPD16_eabi.lib</file>
         <name>copy_decompress_lzss.c.obj</name>
      </input_file>
      <input_file id="fl-e1">
         <path>C:\ti\ccsv8\tools\compiler\ti-cgt-arm_18.1.2.LTS\lib\</path>
         <kind>archive</kind>
         <file>rtsv7M4_T_le_v4SPD16_eabi.lib</file>
         <name>boot_cortex_m.c.obj</name>
      </input_file>
      <input_file id="fl-e2">
         <path>C:\ti\ccsv8\tools\compiler\ti-cgt-arm_18.1.2.LTS\lib\</path>
         <kind>archive</kind>
         <file>rtsv7M4_T_le_v4SPD16_eabi.lib</file>
         <name>exit.c.obj</name>
      </input_file>
      <input_file id="fl-e3">
         <path>C:\ti\ccsv8\tools\compiler\ti-cgt-arm_18.1.2.LTS\lib\</path>
         <kind>archive</kind>
         <file>rtsv7M4_T_le_v4SPD16_eabi.lib</file>
         <name>_lock.c.obj</name>
      </input_file>
      <input_file id="fl-e4">
         <path>C:\ti\ccsv8\tools\compiler\ti-cgt-arm_18.1.2.LTS\lib\</path>
         <kind>archive</kind>
         <file>rtsv7M4_T_le_v4SPD16_eabi.lib</file>
         <name>args_main.c.obj</name>
      </input_file>
      <input_file id="fl-e5">
         <path>C:\ti\ccsv8\tools\compiler\ti-cgt-arm_18.1.2.LTS\lib\</path>
         <kind>archive</kind>
         <file>rtsv7M4_T_le_v4SPD16_eabi.lib</file>
         <name>memset_t2.asm.obj</name>
      </input_file>
      <input_file id="fl-e6">
         <path>C:\ti\ccsv8\tools\compiler\ti-cgt-arm_18.1.2.LTS\lib\</path>
         <kind>archive</kind>
         <file>rtsv7M4_T_le_v4SPD16_eabi.lib</file>
         <name>autoinit.c.obj</name>
      </input_file>
      <input_file id="fl-e7">
         <path>C:\ti\ccsv8\tools\compiler\ti-cgt-arm_18.1.2.LTS\lib\</path>
         <kind>archive</kind>
         <file>rtsv7M4_T_le_v4SPD16_eabi.lib</file>
         <name>pre_init.c.obj</name>
      </input_file>
      <input_file id="fl-e8">
         <path>C:\ti\ccsv8\tools\compiler\ti-cgt-arm_18.1.2.LTS\lib\</path>
         <kind>archive</kind>
         <file>rtsv7M4_T_le_v4SPD16_eabi.lib</file>
         <name>cpy_tbl.c.obj</name>
      </input_file>
   </input_file_list>
   <object_component_list>
      <object_component id="oc-23">
         <name>.intvecs:retain</name>
         <load_address>0x0</load_address>
         <run_address>0x0</run_address>
         <size>0xe4</size>
         <input_file_ref idref="fl-c"/>
      </object_component>
      <object_component id="oc-258">
         <name>.text:Graphics_drawString</name>
         <load_address>0xe4</load_address>
         <run_address>0xe4</run_address>
         <size>0x47e</size>
         <input_file_ref idref="fl-1d"/>
      </object_component>
      <object_component id="oc-252">
         <name>.text:Graphics_fillCircle</name>
         <load_address>0x562</load_address>
         <run_address>0x562</run_address>
         <size>0x22a</size>
         <input_file_ref idref="fl-17"/>
      </object_component>
      <object_component id="oc-305">
         <name>.text:Crystalfontz128x128_PixelDrawMultiple</name>
         <load_address>0x78c</load_address>
         <run_address>0x78c</run_address>
         <size>0x1d8</size>
         <input_file_ref idref="fl-a"/>
      </object_component>
      <object_component id="oc-11f">
         <name>.text:MoveCircle</name>
         <load_address>0x964</load_address>
         <run_address>0x964</run_address>
         <size>0x160</size>
         <input_file_ref idref="fl-6"/>
      </object_component>
      <object_component id="oc-3d0">
         <name>.text:_getIndexForMemRegister</name>
         <load_address>0xac4</load_address>
         <run_address>0xac4</run_address>
         <size>0x160</size>
         <input_file_ref idref="fl-1e"/>
      </object_component>
      <object_component id="oc-424">
         <name>.text:Crystalfontz128x128_SetDrawFrame</name>
         <load_address>0xc24</load_address>
         <run_address>0xc24</run_address>
         <size>0x134</size>
         <input_file_ref idref="fl-a"/>
      </object_component>
      <object_component id="oc-2e9">
         <name>.text:Crystalfontz128x128_Init</name>
         <load_address>0xd58</load_address>
         <run_address>0xd58</run_address>
         <size>0x12c</size>
         <input_file_ref idref="fl-a"/>
      </object_component>
      <object_component id="oc-119">
         <name>.text:ModifyLEDColor</name>
         <load_address>0xe84</load_address>
         <run_address>0xe84</run_address>
         <size>0xf0</size>
         <input_file_ref idref="fl-4"/>
      </object_component>
      <object_component id="oc-25f">
         <name>.text:Debounce</name>
         <load_address>0xf74</load_address>
         <run_address>0xf74</run_address>
         <size>0xce</size>
         <input_file_ref idref="fl-3"/>
      </object_component>
      <object_component id="oc-6a">
         <name>.text:Default_Handler</name>
         <load_address>0x1042</load_address>
         <run_address>0x1042</run_address>
         <size>0x2</size>
         <input_file_ref idref="fl-c"/>
      </object_component>
      <object_component id="oc-9c">
         <name>.text:main</name>
         <load_address>0x1044</load_address>
         <run_address>0x1044</run_address>
         <size>0xc8</size>
         <input_file_ref idref="fl-4"/>
      </object_component>
      <object_component id="oc-ae">
         <name>.text:SystemInit</name>
         <load_address>0x110c</load_address>
         <run_address>0x110c</run_address>
         <size>0xbc</size>
         <input_file_ref idref="fl-9"/>
      </object_component>
      <object_component id="oc-4ac">
         <name>.text:SPI_initMaster</name>
         <load_address>0x11c8</load_address>
         <run_address>0x11c8</run_address>
         <size>0xb0</size>
         <input_file_ref idref="fl-21"/>
      </object_component>
      <object_component id="oc-363">
         <name>.text:ADC14_configureMultiSequenceMode</name>
         <load_address>0x1278</load_address>
         <run_address>0x1278</run_address>
         <size>0xa8</size>
         <input_file_ref idref="fl-1e"/>
      </object_component>
      <object_component id="oc-29d">
         <name>.text:OneShotSWTimerExpired</name>
         <load_address>0x1320</load_address>
         <run_address>0x1320</run_address>
         <size>0xa8</size>
         <input_file_ref idref="fl-5"/>
      </object_component>
      <object_component id="oc-370">
         <name>.text:ADC14_configureConversionMemory</name>
         <load_address>0x13c8</load_address>
         <run_address>0x13c8</run_address>
         <size>0xa4</size>
         <input_file_ref idref="fl-1e"/>
      </object_component>
      <object_component id="oc-24c">
         <name>.text:Graphics_drawRectangle</name>
         <load_address>0x146c</load_address>
         <run_address>0x146c</run_address>
         <size>0xa2</size>
         <input_file_ref idref="fl-1c"/>
      </object_component>
      <object_component id="oc-317">
         <name>.text:Crystalfontz128x128_RectFill</name>
         <load_address>0x150e</load_address>
         <run_address>0x150e</run_address>
         <size>0x9c</size>
         <input_file_ref idref="fl-a"/>
      </object_component>
      <object_component id="oc-397">
         <name>.text:Graphics_drawLineH</name>
         <load_address>0x15aa</load_address>
         <run_address>0x15aa</run_address>
         <size>0x9c</size>
         <input_file_ref idref="fl-1b"/>
      </object_component>
      <object_component id="oc-39d">
         <name>.text:Graphics_drawLineV</name>
         <load_address>0x1646</load_address>
         <run_address>0x1646</run_address>
         <size>0x9c</size>
         <input_file_ref idref="fl-1b"/>
      </object_component>
      <object_component id="oc-34">
         <name>.text</name>
         <load_address>0x16e2</load_address>
         <run_address>0x16e2</run_address>
         <size>0x9c</size>
         <input_file_ref idref="fl-dd"/>
      </object_component>
      <object_component id="oc-376">
         <name>.text:GPIO_setAsPeripheralModuleFunctionInputPin</name>
         <load_address>0x1780</load_address>
         <run_address>0x1780</run_address>
         <size>0x88</size>
         <input_file_ref idref="fl-1f"/>
      </object_component>
      <object_component id="oc-4a5">
         <name>.text:GPIO_setAsPeripheralModuleFunctionOutputPin</name>
         <load_address>0x1808</load_address>
         <run_address>0x1808</run_address>
         <size>0x88</size>
         <input_file_ref idref="fl-1f"/>
      </object_component>
      <object_component id="oc-2b3">
         <name>.text:make_5digit_NumString</name>
         <load_address>0x1890</load_address>
         <run_address>0x1890</run_address>
         <size>0x82</size>
         <input_file_ref idref="fl-6"/>
      </object_component>
      <object_component id="oc-451">
         <name>.text:Interrupt_enableInterrupt</name>
         <load_address>0x1914</load_address>
         <run_address>0x1914</run_address>
         <size>0x80</size>
         <input_file_ref idref="fl-20"/>
      </object_component>
      <object_component id="oc-12b">
         <name>.text:drawXY</name>
         <load_address>0x1994</load_address>
         <run_address>0x1994</run_address>
         <size>0x7f</size>
         <input_file_ref idref="fl-6"/>
      </object_component>
      <object_component id="oc-e9">
         <name>.text:draw_Base</name>
         <load_address>0x1a14</load_address>
         <run_address>0x1a14</run_address>
         <size>0x78</size>
         <input_file_ref idref="fl-6"/>
      </object_component>
      <object_component id="oc-44b">
         <name>.text:Timer32_initModule</name>
         <load_address>0x1a8c</load_address>
         <run_address>0x1a8c</run_address>
         <size>0x68</size>
         <input_file_ref idref="fl-22"/>
      </object_component>
      <object_component id="oc-14">
         <name>.text:decompress:lzss:__TI_decompress_lzss</name>
         <load_address>0x1af4</load_address>
         <run_address>0x1af4</run_address>
         <size>0x68</size>
         <input_file_ref idref="fl-e0"/>
      </object_component>
      <object_component id="oc-21a">
         <name>.text:initHWTimer0</name>
         <load_address>0x1b5c</load_address>
         <run_address>0x1b5c</run_address>
         <size>0x64</size>
         <input_file_ref idref="fl-5"/>
      </object_component>
      <object_component id="oc-220">
         <name>.text:initHWTimer1</name>
         <load_address>0x1bc0</load_address>
         <run_address>0x1bc0</run_address>
         <size>0x64</size>
         <input_file_ref idref="fl-5"/>
      </object_component>
      <object_component id="oc-30b">
         <name>.text:Crystalfontz128x128_LineDrawH</name>
         <load_address>0x1c24</load_address>
         <run_address>0x1c24</run_address>
         <size>0x60</size>
         <input_file_ref idref="fl-a"/>
      </object_component>
      <object_component id="oc-311">
         <name>.text:Crystalfontz128x128_LineDrawV</name>
         <load_address>0x1c84</load_address>
         <run_address>0x1c84</run_address>
         <size>0x60</size>
         <input_file_ref idref="fl-a"/>
      </object_component>
      <object_component id="oc-23f">
         <name>.text:GPIO_setAsInputPinWithPullUpResistor</name>
         <load_address>0x1ce4</load_address>
         <run_address>0x1ce4</run_address>
         <size>0x58</size>
         <input_file_ref idref="fl-1f"/>
      </object_component>
      <object_component id="oc-34e">
         <name>.text:startHWTimer</name>
         <load_address>0x1d3c</load_address>
         <run_address>0x1d3c</run_address>
         <size>0x56</size>
         <input_file_ref idref="fl-5"/>
      </object_component>
      <object_component id="oc-35d">
         <name>.text:ADC14_initModule</name>
         <load_address>0x1d94</load_address>
         <run_address>0x1d94</run_address>
         <size>0x54</size>
         <input_file_ref idref="fl-1e"/>
      </object_component>
      <object_component id="oc-2ef">
         <name>.text:Crystalfontz128x128_SetOrientation</name>
         <load_address>0x1de8</load_address>
         <run_address>0x1de8</run_address>
         <size>0x54</size>
         <input_file_ref idref="fl-a"/>
      </object_component>
      <object_component id="oc-dd">
         <name>.text:initialize</name>
         <load_address>0x1e3c</load_address>
         <run_address>0x1e3c</run_address>
         <size>0x54</size>
         <input_file_ref idref="fl-4"/>
      </object_component>
      <object_component id="oc-19d">
         <name>.text:Graphics_initContext</name>
         <load_address>0x1e90</load_address>
         <run_address>0x1e90</run_address>
         <size>0x52</size>
         <input_file_ref idref="fl-18"/>
      </object_component>
      <object_component id="oc-ef">
         <name>.text:ButtonPushed</name>
         <load_address>0x1ee2</load_address>
         <run_address>0x1ee2</run_address>
         <size>0x4c</size>
         <input_file_ref idref="fl-3"/>
      </object_component>
      <object_component id="oc-2a3">
         <name>.text:make_3digit_NumString</name>
         <load_address>0x1f2e</load_address>
         <run_address>0x1f2e</run_address>
         <size>0x4a</size>
         <input_file_ref idref="fl-6"/>
      </object_component>
      <object_component id="oc-e3">
         <name>.text:initButton</name>
         <load_address>0x1f78</load_address>
         <run_address>0x1f78</run_address>
         <size>0x48</size>
         <input_file_ref idref="fl-3"/>
      </object_component>
      <object_component id="oc-d7">
         <name>.text:InitGraphics</name>
         <load_address>0x1fc0</load_address>
         <run_address>0x1fc0</run_address>
         <size>0x44</size>
         <input_file_ref idref="fl-6"/>
      </object_component>
      <object_component id="oc-14d">
         <name>.text:__TI_auto_init_nobinit_nopinit:__TI_auto_init_nobinit_nopinit</name>
         <load_address>0x2004</load_address>
         <run_address>0x2004</run_address>
         <size>0x44</size>
         <input_file_ref idref="fl-e6"/>
      </object_component>
      <object_component id="oc-2ff">
         <name>.text:Crystalfontz128x128_PixelDraw</name>
         <load_address>0x2048</load_address>
         <run_address>0x2048</run_address>
         <size>0x40</size>
         <input_file_ref idref="fl-a"/>
      </object_component>
      <object_component id="oc-33c">
         <name>.text:GPIO_setAsOutputPin</name>
         <load_address>0x2088</load_address>
         <run_address>0x2088</run_address>
         <size>0x40</size>
         <input_file_ref idref="fl-1f"/>
      </object_component>
      <object_component id="oc-3a7">
         <name>.text:Graphics_getNumberOfLeadingZeros</name>
         <load_address>0x20c8</load_address>
         <run_address>0x20c8</run_address>
         <size>0x40</size>
         <input_file_ref idref="fl-1d"/>
      </object_component>
      <object_component id="oc-412">
         <name>.text:HAL_LCD_SpiInit</name>
         <load_address>0x2108</load_address>
         <run_address>0x2108</run_address>
         <size>0x40</size>
         <input_file_ref idref="fl-b"/>
      </object_component>
      <object_component id="oc-4dd">
         <name>.text:is_A_Module</name>
         <load_address>0x2148</load_address>
         <run_address>0x2148</run_address>
         <size>0x40</size>
         <input_file_ref idref="fl-21"/>
      </object_component>
      <object_component id="oc-418">
         <name>.text:HAL_LCD_writeCommand</name>
         <load_address>0x2188</load_address>
         <run_address>0x2188</run_address>
         <size>0x38</size>
         <input_file_ref idref="fl-b"/>
      </object_component>
      <object_component id="oc-45d">
         <name>.text:Timer32_startTimer</name>
         <load_address>0x21c0</load_address>
         <run_address>0x21c0</run_address>
         <size>0x38</size>
         <input_file_ref idref="fl-22"/>
      </object_component>
      <object_component id="oc-52">
         <name>.text:_c_int00_noargs:_c_int00_noargs</name>
         <load_address>0x21f8</load_address>
         <run_address>0x21f8</run_address>
         <size>0x38</size>
         <input_file_ref idref="fl-e1"/>
      </object_component>
      <object_component id="oc-477">
         <name>.text:Graphics_drawHorizontalLineOnDisplay</name>
         <load_address>0x2230</load_address>
         <run_address>0x2230</run_address>
         <size>0x36</size>
         <input_file_ref idref="fl-19"/>
      </object_component>
      <object_component id="oc-47f">
         <name>.text:Graphics_drawVerticalLineOnDisplay</name>
         <load_address>0x2266</load_address>
         <run_address>0x2266</run_address>
         <size>0x36</size>
         <input_file_ref idref="fl-19"/>
      </object_component>
      <object_component id="oc-369">
         <name>.text:ADC14_enableSampleTimer</name>
         <load_address>0x229c</load_address>
         <run_address>0x229c</run_address>
         <size>0x34</size>
         <input_file_ref idref="fl-1e"/>
      </object_component>
      <object_component id="oc-457">
         <name>.text:Timer32_setCount</name>
         <load_address>0x22d0</load_address>
         <run_address>0x22d0</run_address>
         <size>0x34</size>
         <input_file_ref idref="fl-22"/>
      </object_component>
      <object_component id="oc-266">
         <name>.text:GPIO_getInputPinValue</name>
         <load_address>0x2304</load_address>
         <run_address>0x2304</run_address>
         <size>0x30</size>
         <input_file_ref idref="fl-1f"/>
      </object_component>
      <object_component id="oc-40c">
         <name>.text:HAL_LCD_PortInit</name>
         <load_address>0x2334</load_address>
         <run_address>0x2334</run_address>
         <size>0x30</size>
         <input_file_ref idref="fl-b"/>
      </object_component>
      <object_component id="oc-22c">
         <name>.text:initJoyStick</name>
         <load_address>0x2364</load_address>
         <run_address>0x2364</run_address>
         <size>0x30</size>
         <input_file_ref idref="fl-2"/>
      </object_component>
      <object_component id="oc-383">
         <name>.text:ADC14_toggleConversionTrigger</name>
         <load_address>0x2394</load_address>
         <run_address>0x2394</run_address>
         <size>0x2c</size>
         <input_file_ref idref="fl-1e"/>
      </object_component>
      <object_component id="oc-329">
         <name>.text:Crystalfontz128x128_ClearScreen</name>
         <load_address>0x23c0</load_address>
         <run_address>0x23c0</run_address>
         <size>0x2c</size>
         <input_file_ref idref="fl-a"/>
      </object_component>
      <object_component id="oc-3ad">
         <name>.text:Graphics_drawPixelOnDisplay</name>
         <load_address>0x23ec</load_address>
         <run_address>0x23ec</run_address>
         <size>0x2c</size>
         <input_file_ref idref="fl-19"/>
      </object_component>
      <object_component id="oc-41e">
         <name>.text:HAL_LCD_writeData</name>
         <load_address>0x2418</load_address>
         <run_address>0x2418</run_address>
         <size>0x2c</size>
         <input_file_ref idref="fl-b"/>
      </object_component>
      <object_component id="oc-37d">
         <name>.text:ADC14_enableConversion</name>
         <load_address>0x2444</load_address>
         <run_address>0x2444</run_address>
         <size>0x28</size>
         <input_file_ref idref="fl-1e"/>
      </object_component>
      <object_component id="oc-31d">
         <name>.text:Crystalfontz128x128_ColorTranslate</name>
         <load_address>0x246c</load_address>
         <run_address>0x246c</run_address>
         <size>0x28</size>
         <input_file_ref idref="fl-a"/>
      </object_component>
      <object_component id="oc-26d">
         <name>.text:GPIO_setOutputHighOnPin</name>
         <load_address>0x2494</load_address>
         <run_address>0x2494</run_address>
         <size>0x28</size>
         <input_file_ref idref="fl-1f"/>
      </object_component>
      <object_component id="oc-274">
         <name>.text:GPIO_setOutputLowOnPin</name>
         <load_address>0x24bc</load_address>
         <run_address>0x24bc</run_address>
         <size>0x28</size>
         <input_file_ref idref="fl-1f"/>
      </object_component>
      <object_component id="oc-3b9">
         <name>.text:GPIO_toggleOutputOnPin</name>
         <load_address>0x24e4</load_address>
         <run_address>0x24e4</run_address>
         <size>0x28</size>
         <input_file_ref idref="fl-1f"/>
      </object_component>
      <object_component id="oc-38a">
         <name>.text:WaitCycles</name>
         <load_address>0x250c</load_address>
         <run_address>0x250c</run_address>
         <size>0x26</size>
         <input_file_ref idref="fl-5"/>
      </object_component>
      <object_component id="oc-1cc">
         <name>.text:WDT_A_holdTimer</name>
         <load_address>0x2534</load_address>
         <run_address>0x2534</run_address>
         <size>0x24</size>
         <input_file_ref idref="fl-24"/>
      </object_component>
      <object_component id="oc-226">
         <name>.text:initADC</name>
         <load_address>0x2558</load_address>
         <run_address>0x2558</run_address>
         <size>0x24</size>
         <input_file_ref idref="fl-2"/>
      </object_component>
      <object_component id="oc-239">
         <name>.text:InitOneShotSWTimer</name>
         <load_address>0x257c</load_address>
         <run_address>0x257c</run_address>
         <size>0x1e</size>
         <input_file_ref idref="fl-5"/>
      </object_component>
      <object_component id="oc-297">
         <name>.text:StartOneShotSWTimer</name>
         <load_address>0x259a</load_address>
         <run_address>0x259a</run_address>
         <size>0x1e</size>
         <input_file_ref idref="fl-5"/>
      </object_component>
      <object_component id="oc-2ac">
         <name>.text:ADC14_getResult</name>
         <load_address>0x25b8</load_address>
         <run_address>0x25b8</run_address>
         <size>0x1c</size>
         <input_file_ref idref="fl-1e"/>
      </object_component>
      <object_component id="oc-4b2">
         <name>.text:SPI_enableModule</name>
         <load_address>0x25d4</load_address>
         <run_address>0x25d4</run_address>
         <size>0x1c</size>
         <input_file_ref idref="fl-21"/>
      </object_component>
      <object_component id="oc-70">
         <name>.text:T32_INT1_IRQHandler</name>
         <load_address>0x25f0</load_address>
         <run_address>0x25f0</run_address>
         <size>0x1c</size>
         <input_file_ref idref="fl-5"/>
      </object_component>
      <object_component id="oc-125">
         <name>.text:getSampleJoyStick</name>
         <load_address>0x260c</load_address>
         <run_address>0x260c</run_address>
         <size>0x1c</size>
         <input_file_ref idref="fl-2"/>
      </object_component>
      <object_component id="oc-2f6">
         <name>.text:Graphics_clearDisplayOnDisplay</name>
         <load_address>0x2628</load_address>
         <run_address>0x2628</run_address>
         <size>0x1a</size>
         <input_file_ref idref="fl-19"/>
      </object_component>
      <object_component id="oc-1a9">
         <name>.text:Graphics_setBackgroundColor</name>
         <load_address>0x2642</load_address>
         <run_address>0x2642</run_address>
         <size>0x1a</size>
         <input_file_ref idref="fl-18"/>
      </object_component>
      <object_component id="oc-1af">
         <name>.text:Graphics_setFont</name>
         <load_address>0x265c</load_address>
         <run_address>0x265c</run_address>
         <size>0x1a</size>
         <input_file_ref idref="fl-18"/>
      </object_component>
      <object_component id="oc-3c9">
         <name>.text</name>
         <load_address>0x2676</load_address>
         <run_address>0x2676</run_address>
         <size>0x18</size>
         <input_file_ref idref="fl-dc"/>
      </object_component>
      <object_component id="oc-4e5">
         <name>.text:EUSCI_A_SPI_enable</name>
         <load_address>0x268e</load_address>
         <run_address>0x268e</run_address>
         <size>0x16</size>
         <input_file_ref idref="fl-21"/>
      </object_component>
      <object_component id="oc-4eb">
         <name>.text:EUSCI_B_SPI_enable</name>
         <load_address>0x26a4</load_address>
         <run_address>0x26a4</run_address>
         <size>0x16</size>
         <input_file_ref idref="fl-21"/>
      </object_component>
      <object_component id="oc-1a3">
         <name>.text:Graphics_setForegroundColor</name>
         <load_address>0x26ba</load_address>
         <run_address>0x26ba</run_address>
         <size>0x16</size>
         <input_file_ref idref="fl-18"/>
      </object_component>
      <object_component id="oc-2e0">
         <name>.text:Graphics_translateColorOnDisplay</name>
         <load_address>0x26d0</load_address>
         <run_address>0x26d0</run_address>
         <size>0x16</size>
         <input_file_ref idref="fl-19"/>
      </object_component>
      <object_component id="oc-f5">
         <name>.text:LaunchpadLeftButton_pressed</name>
         <load_address>0x26e6</load_address>
         <run_address>0x26e6</run_address>
         <size>0x14</size>
         <input_file_ref idref="fl-3"/>
      </object_component>
      <object_component id="oc-107">
         <name>.text:LaunchpadRightButton_pressed</name>
         <load_address>0x26fa</load_address>
         <run_address>0x26fa</run_address>
         <size>0x14</size>
         <input_file_ref idref="fl-3"/>
      </object_component>
      <object_component id="oc-b6">
         <name>.text:Timer32_clearInterruptFlag</name>
         <load_address>0x270e</load_address>
         <run_address>0x270e</run_address>
         <size>0x14</size>
         <input_file_ref idref="fl-22"/>
      </object_component>
      <object_component id="oc-1bb">
         <name>.text:Graphics_clearDisplay</name>
         <load_address>0x2722</load_address>
         <run_address>0x2722</run_address>
         <size>0x12</size>
         <input_file_ref idref="fl-18"/>
      </object_component>
      <object_component id="oc-40">
         <name>.text:decompress:ZI:__TI_zero_init_nomemset:__TI_zero_init_nomemset</name>
         <load_address>0x2734</load_address>
         <run_address>0x2734</run_address>
         <size>0x12</size>
         <input_file_ref idref="fl-de"/>
      </object_component>
      <object_component id="oc-465">
         <name>.text:ADCIsConversionRunning</name>
         <load_address>0x2748</load_address>
         <run_address>0x2748</run_address>
         <size>0x10</size>
         <input_file_ref idref="fl-1e"/>
      </object_component>
      <object_component id="oc-1b5">
         <name>.text:InitFonts</name>
         <load_address>0x2758</load_address>
         <run_address>0x2758</run_address>
         <size>0xe</size>
         <input_file_ref idref="fl-6"/>
      </object_component>
      <object_component id="oc-3c2">
         <name>.text:Timer32_getValue</name>
         <load_address>0x2766</load_address>
         <run_address>0x2766</run_address>
         <size>0xe</size>
         <input_file_ref idref="fl-22"/>
      </object_component>
      <object_component id="oc-1a">
         <name>.text:decompress:none:__TI_decompress_none</name>
         <load_address>0x2774</load_address>
         <run_address>0x2774</run_address>
         <size>0xe</size>
         <input_file_ref idref="fl-df"/>
      </object_component>
      <object_component id="oc-357">
         <name>.text:ADC14_enableModule</name>
         <load_address>0x2784</load_address>
         <run_address>0x2784</run_address>
         <size>0xc</size>
         <input_file_ref idref="fl-1e"/>
      </object_component>
      <object_component id="oc-64">
         <name>.text:Reset_Handler</name>
         <load_address>0x2790</load_address>
         <run_address>0x2790</run_address>
         <size>0xc</size>
         <input_file_ref idref="fl-c"/>
      </object_component>
      <object_component id="oc-1de">
         <name>.text:initialize_BoosterpackLED_blue</name>
         <load_address>0x279c</load_address>
         <run_address>0x279c</run_address>
         <size>0xc</size>
         <input_file_ref idref="fl-3"/>
      </object_component>
      <object_component id="oc-1d8">
         <name>.text:initialize_BoosterpackLED_green</name>
         <load_address>0x27a8</load_address>
         <run_address>0x27a8</run_address>
         <size>0xc</size>
         <input_file_ref idref="fl-3"/>
      </object_component>
      <object_component id="oc-1d2">
         <name>.text:initialize_BoosterpackLED_red</name>
         <load_address>0x27b4</load_address>
         <run_address>0x27b4</run_address>
         <size>0xc</size>
         <input_file_ref idref="fl-3"/>
      </object_component>
      <object_component id="oc-1e4">
         <name>.text:initialize_LaunchpadLED1</name>
         <load_address>0x27c0</load_address>
         <run_address>0x27c0</run_address>
         <size>0xc</size>
         <input_file_ref idref="fl-3"/>
      </object_component>
      <object_component id="oc-1f0">
         <name>.text:initialize_LaunchpadLED2_blue</name>
         <load_address>0x27cc</load_address>
         <run_address>0x27cc</run_address>
         <size>0xc</size>
         <input_file_ref idref="fl-3"/>
      </object_component>
      <object_component id="oc-1f6">
         <name>.text:initialize_LaunchpadLED2_green</name>
         <load_address>0x27d8</load_address>
         <run_address>0x27d8</run_address>
         <size>0xc</size>
         <input_file_ref idref="fl-3"/>
      </object_component>
      <object_component id="oc-1ea">
         <name>.text:initialize_LaunchpadLED2_red</name>
         <load_address>0x27e4</load_address>
         <run_address>0x27e4</run_address>
         <size>0xc</size>
         <input_file_ref idref="fl-3"/>
      </object_component>
      <object_component id="oc-232">
         <name>.text:startADC</name>
         <load_address>0x27f0</load_address>
         <run_address>0x27f0</run_address>
         <size>0xc</size>
         <input_file_ref idref="fl-2"/>
      </object_component>
      <object_component id="oc-28a">
         <name>.text:toggle_BoosterpackLED_blue</name>
         <load_address>0x27fc</load_address>
         <run_address>0x27fc</run_address>
         <size>0xc</size>
         <input_file_ref idref="fl-3"/>
      </object_component>
      <object_component id="oc-284">
         <name>.text:toggle_BoosterpackLED_green</name>
         <load_address>0x2808</load_address>
         <run_address>0x2808</run_address>
         <size>0xc</size>
         <input_file_ref idref="fl-3"/>
      </object_component>
      <object_component id="oc-27e">
         <name>.text:toggle_BoosterpackLED_red</name>
         <load_address>0x2814</load_address>
         <run_address>0x2814</run_address>
         <size>0xc</size>
         <input_file_ref idref="fl-3"/>
      </object_component>
      <object_component id="oc-208">
         <name>.text:turnOff_BoosterpackLED_blue</name>
         <load_address>0x2820</load_address>
         <run_address>0x2820</run_address>
         <size>0xc</size>
         <input_file_ref idref="fl-3"/>
      </object_component>
      <object_component id="oc-202">
         <name>.text:turnOff_BoosterpackLED_green</name>
         <load_address>0x282c</load_address>
         <run_address>0x282c</run_address>
         <size>0xc</size>
         <input_file_ref idref="fl-3"/>
      </object_component>
      <object_component id="oc-101">
         <name>.text:turnOff_LaunchpadLED1</name>
         <load_address>0x2838</load_address>
         <run_address>0x2838</run_address>
         <size>0xc</size>
         <input_file_ref idref="fl-3"/>
      </object_component>
      <object_component id="oc-20e">
         <name>.text:turnOff_LaunchpadLED2_blue</name>
         <load_address>0x2844</load_address>
         <run_address>0x2844</run_address>
         <size>0xc</size>
         <input_file_ref idref="fl-3"/>
      </object_component>
      <object_component id="oc-214">
         <name>.text:turnOff_LaunchpadLED2_green</name>
         <load_address>0x2850</load_address>
         <run_address>0x2850</run_address>
         <size>0xc</size>
         <input_file_ref idref="fl-3"/>
      </object_component>
      <object_component id="oc-113">
         <name>.text:turnOff_LaunchpadLED2_red</name>
         <load_address>0x285c</load_address>
         <run_address>0x285c</run_address>
         <size>0xc</size>
         <input_file_ref idref="fl-3"/>
      </object_component>
      <object_component id="oc-1fc">
         <name>.text:turnOn_BoosterpackLED_red</name>
         <load_address>0x2868</load_address>
         <run_address>0x2868</run_address>
         <size>0xc</size>
         <input_file_ref idref="fl-3"/>
      </object_component>
      <object_component id="oc-fb">
         <name>.text:turnOn_LaunchpadLED1</name>
         <load_address>0x2874</load_address>
         <run_address>0x2874</run_address>
         <size>0xc</size>
         <input_file_ref idref="fl-3"/>
      </object_component>
      <object_component id="oc-10d">
         <name>.text:turnOn_LaunchpadLED2_red</name>
         <load_address>0x2880</load_address>
         <run_address>0x2880</run_address>
         <size>0xc</size>
         <input_file_ref idref="fl-3"/>
      </object_component>
      <object_component id="oc-323">
         <name>.text:Crystalfontz128x128_Flush</name>
         <load_address>0x288c</load_address>
         <run_address>0x288c</run_address>
         <size>0xa</size>
         <input_file_ref idref="fl-a"/>
      </object_component>
      <object_component id="oc-96">
         <name>.text:_system_pre_init</name>
         <load_address>0x2896</load_address>
         <run_address>0x2896</run_address>
         <size>0x4</size>
         <input_file_ref idref="fl-e7"/>
      </object_component>
      <object_component id="oc-141">
         <name>.text:abort:abort</name>
         <load_address>0x289a</load_address>
         <run_address>0x289a</run_address>
         <size>0x4</size>
         <input_file_ref idref="fl-e2"/>
      </object_component>
      <object_component id="oc-333">
         <name>.const:.string:g_pucCmtt12Data</name>
         <load_address>0x28a0</load_address>
         <run_address>0x28a0</run_address>
         <size>0x521</size>
         <input_file_ref idref="fl-1a"/>
      </object_component>
      <object_component id="oc-1c7">
         <name>.const:g_sFontCmtt12</name>
         <load_address>0x2dc4</load_address>
         <run_address>0x2dc4</run_address>
         <size>0xc8</size>
         <input_file_ref idref="fl-1a"/>
      </object_component>
      <object_component id="oc-3d6">
         <name>.const:_ctlRegs</name>
         <load_address>0x2e8c</load_address>
         <run_address>0x2e8c</run_address>
         <size>0x80</size>
         <input_file_ref idref="fl-1e"/>
      </object_component>
      <object_component id="oc-391">
         <name>.const:GPIO_PORT_TO_BASE</name>
         <load_address>0x2f0c</load_address>
         <run_address>0x2f0c</run_address>
         <size>0x30</size>
         <input_file_ref idref="fl-1f"/>
      </object_component>
      <object_component id="oc-1c4">
         <name>.const:g_sCrystalfontz128x128_funcs</name>
         <load_address>0x2f3c</load_address>
         <run_address>0x2f3c</run_address>
         <size>0x20</size>
         <input_file_ref idref="fl-a"/>
      </object_component>
      <object_component id="oc-4b8">
         <name>.const:$P$T0$1</name>
         <load_address>0x2f5c</load_address>
         <run_address>0x2f5c</run_address>
         <size>0x1c</size>
         <input_file_ref idref="fl-b"/>
      </object_component>
      <object_component id="oc-43b">
         <name>.const:$P$T0$1</name>
         <load_address>0x2f78</load_address>
         <run_address>0x2f78</run_address>
         <size>0x8</size>
         <input_file_ref idref="fl-a"/>
      </object_component>
      <object_component id="oc-4c8">
         <name>.const:g_pulEnRegs</name>
         <load_address>0x2f80</load_address>
         <run_address>0x2f80</run_address>
         <size>0x8</size>
         <input_file_ref idref="fl-20"/>
      </object_component>
      <object_component id="oc-537">
         <name>.cinit..data.load</name>
         <load_address>0x2f88</load_address>
         <run_address>0x2f88</run_address>
         <size>0x20</size>
      </object_component>
      <object_component id="oc-535">
         <name>__TI_handler_table</name>
         <load_address>0x2fa8</load_address>
         <run_address>0x2fa8</run_address>
         <size>0xc</size>
      </object_component>
      <object_component id="oc-538">
         <name>.cinit..bss.load</name>
         <load_address>0x2fb8</load_address>
         <run_address>0x2fb8</run_address>
         <size>0x8</size>
      </object_component>
      <object_component id="oc-536">
         <name>__TI_cinit_table</name>
         <load_address>0x2fc0</load_address>
         <run_address>0x2fc0</run_address>
         <size>0x10</size>
      </object_component>
      <object_component id="oc-50a">
         <name>.binit</name>
         <load_address>0x0</load_address>
         <run_address>0x0</run_address>
         <size>0x0</size>
      </object_component>
      <object_component id="oc-290">
         <name>.data</name>
         <load_address>0x2000005d</load_address>
         <run_address>0x2000005d</run_address>
         <size>0x1</size>
         <input_file_ref idref="fl-4"/>
      </object_component>
      <object_component id="oc-2a9">
         <name>.data</name>
         <load_address>0x2000004c</load_address>
         <run_address>0x2000004c</run_address>
         <size>0x11</size>
         <input_file_ref idref="fl-6"/>
      </object_component>
      <object_component id="oc-1c1">
         <name>.data:g_sCrystalfontz128x128</name>
         <load_address>0x20000060</load_address>
         <run_address>0x20000060</run_address>
         <size>0x10</size>
         <input_file_ref idref="fl-a"/>
      </object_component>
      <object_component id="oc-2aa">
         <name>.bss:yMoveTimer$5</name>
         <uninitialized>true</uninitialized>
         <run_address>0x20000030</run_address>
         <size>0x10</size>
         <input_file_ref idref="fl-6"/>
      </object_component>
      <object_component id="oc-bc">
         <name>.common:timer0</name>
         <uninitialized>true</uninitialized>
         <run_address>0x20000000</run_address>
         <size>0x18</size>
      </object_component>
      <object_component id="oc-355">
         <name>.common:timer1</name>
         <uninitialized>true</uninitialized>
         <run_address>0x20000018</run_address>
         <size>0x18</size>
      </object_component>
      <object_component id="oc-431">
         <name>.common:Lcd_Orientation</name>
         <uninitialized>true</uninitialized>
         <run_address>0x20000048</run_address>
         <size>0x1</size>
      </object_component>
      <object_component id="oc-42a">
         <name>.common:Lcd_ScreenWidth</name>
         <uninitialized>true</uninitialized>
         <run_address>0x20000042</run_address>
         <size>0x2</size>
      </object_component>
      <object_component id="oc-42b">
         <name>.common:Lcd_ScreenHeigth</name>
         <uninitialized>true</uninitialized>
         <run_address>0x20000040</run_address>
         <size>0x2</size>
      </object_component>
      <object_component id="oc-42c">
         <name>.common:Lcd_PenSolid</name>
         <uninitialized>true</uninitialized>
         <run_address>0x20000049</run_address>
         <size>0x1</size>
      </object_component>
      <object_component id="oc-42d">
         <name>.common:Lcd_FontSolid</name>
         <uninitialized>true</uninitialized>
         <run_address>0x20000047</run_address>
         <size>0x1</size>
      </object_component>
      <object_component id="oc-42e">
         <name>.common:Lcd_FlagRead</name>
         <uninitialized>true</uninitialized>
         <run_address>0x20000046</run_address>
         <size>0x1</size>
      </object_component>
      <object_component id="oc-42f">
         <name>.common:Lcd_TouchTrim</name>
         <uninitialized>true</uninitialized>
         <run_address>0x20000044</run_address>
         <size>0x2</size>
      </object_component>
      <object_component id="oc-26">
         <name>.stack</name>
         <uninitialized>true</uninitialized>
         <run_address>0x2000fe00</run_address>
         <size>0x4</size>
         <input_file_ref idref="fl-e1"/>
      </object_component>
      <object_component id="oc-539">
         <name>.stack</name>
         <uninitialized>true</uninitialized>
         <run_address>0x2000fe00</run_address>
         <size>0x0</size>
      </object_component>
      <object_component id="oc-19c">
         <name>.debug_info</name>
         <load_address>0x0</load_address>
         <run_address>0x0</run_address>
         <size>0x7d5</size>
         <input_file_ref idref="fl-2"/>
      </object_component>
      <object_component id="oc-227">
         <name>.debug_info</name>
         <load_address>0x7d5</load_address>
         <run_address>0x7d5</run_address>
         <size>0x16d</size>
         <input_file_ref idref="fl-2"/>
      </object_component>
      <object_component id="oc-233">
         <name>.debug_info</name>
         <load_address>0x942</load_address>
         <run_address>0x942</run_address>
         <size>0x13b</size>
         <input_file_ref idref="fl-2"/>
      </object_component>
      <object_component id="oc-22d">
         <name>.debug_info</name>
         <load_address>0xa7d</load_address>
         <run_address>0xa7d</run_address>
         <size>0x1b0</size>
         <input_file_ref idref="fl-2"/>
      </object_component>
      <object_component id="oc-126">
         <name>.debug_info</name>
         <load_address>0xc2d</load_address>
         <run_address>0xc2d</run_address>
         <size>0x166</size>
         <input_file_ref idref="fl-2"/>
      </object_component>
      <object_component id="oc-c2">
         <name>.debug_info</name>
         <load_address>0xd93</load_address>
         <run_address>0xd93</run_address>
         <size>0x26b</size>
         <input_file_ref idref="fl-2"/>
      </object_component>
      <object_component id="oc-192">
         <name>.debug_info</name>
         <load_address>0xffe</load_address>
         <run_address>0xffe</run_address>
         <size>0x1055</size>
         <input_file_ref idref="fl-2"/>
      </object_component>
      <object_component id="oc-18d">
         <name>.debug_info</name>
         <load_address>0x2053</load_address>
         <run_address>0x2053</run_address>
         <size>0x37e2</size>
         <input_file_ref idref="fl-2"/>
      </object_component>
      <object_component id="oc-4f7">
         <name>.debug_info</name>
         <load_address>0x5835</load_address>
         <run_address>0x5835</run_address>
         <size>0x341</size>
         <input_file_ref idref="fl-2"/>
      </object_component>
      <object_component id="oc-132">
         <name>.debug_info</name>
         <load_address>0x5b76</load_address>
         <run_address>0x5b76</run_address>
         <size>0x8b</size>
         <input_file_ref idref="fl-2"/>
      </object_component>
      <object_component id="oc-197">
         <name>.debug_info</name>
         <load_address>0x5c01</load_address>
         <run_address>0x5c01</run_address>
         <size>0x297</size>
         <input_file_ref idref="fl-2"/>
      </object_component>
      <object_component id="oc-247">
         <name>.debug_info</name>
         <load_address>0x5e98</load_address>
         <run_address>0x5e98</run_address>
         <size>0xef</size>
         <input_file_ref idref="fl-2"/>
      </object_component>
      <object_component id="oc-181">
         <name>.debug_info</name>
         <load_address>0x5f87</load_address>
         <run_address>0x5f87</run_address>
         <size>0xbb</size>
         <input_file_ref idref="fl-2"/>
      </object_component>
      <object_component id="oc-4bc">
         <name>.debug_info</name>
         <load_address>0x6042</load_address>
         <run_address>0x6042</run_address>
         <size>0x131</size>
         <input_file_ref idref="fl-2"/>
      </object_component>
      <object_component id="oc-246">
         <name>.debug_info</name>
         <load_address>0x6173</load_address>
         <run_address>0x6173</run_address>
         <size>0x7ad</size>
         <input_file_ref idref="fl-3"/>
      </object_component>
      <object_component id="oc-1e5">
         <name>.debug_info</name>
         <load_address>0x6920</load_address>
         <run_address>0x6920</run_address>
         <size>0x146</size>
         <input_file_ref idref="fl-3"/>
      </object_component>
      <object_component id="oc-1eb">
         <name>.debug_info</name>
         <load_address>0x6a66</load_address>
         <run_address>0x6a66</run_address>
         <size>0x14e</size>
         <input_file_ref idref="fl-3"/>
      </object_component>
      <object_component id="oc-1f7">
         <name>.debug_info</name>
         <load_address>0x6bb4</load_address>
         <run_address>0x6bb4</run_address>
         <size>0x152</size>
         <input_file_ref idref="fl-3"/>
      </object_component>
      <object_component id="oc-1f1">
         <name>.debug_info</name>
         <load_address>0x6d06</load_address>
         <run_address>0x6d06</run_address>
         <size>0x150</size>
         <input_file_ref idref="fl-3"/>
      </object_component>
      <object_component id="oc-1d3">
         <name>.debug_info</name>
         <load_address>0x6e56</load_address>
         <run_address>0x6e56</run_address>
         <size>0x150</size>
         <input_file_ref idref="fl-3"/>
      </object_component>
      <object_component id="oc-1d9">
         <name>.debug_info</name>
         <load_address>0x6fa6</load_address>
         <run_address>0x6fa6</run_address>
         <size>0x154</size>
         <input_file_ref idref="fl-3"/>
      </object_component>
      <object_component id="oc-1df">
         <name>.debug_info</name>
         <load_address>0x70fa</load_address>
         <run_address>0x70fa</run_address>
         <size>0x152</size>
         <input_file_ref idref="fl-3"/>
      </object_component>
      <object_component id="oc-fc">
         <name>.debug_info</name>
         <load_address>0x724c</load_address>
         <run_address>0x724c</run_address>
         <size>0x142</size>
         <input_file_ref idref="fl-3"/>
      </object_component>
      <object_component id="oc-10e">
         <name>.debug_info</name>
         <load_address>0x738e</load_address>
         <run_address>0x738e</run_address>
         <size>0x14a</size>
         <input_file_ref idref="fl-3"/>
      </object_component>
      <object_component id="oc-1fd">
         <name>.debug_info</name>
         <load_address>0x74d8</load_address>
         <run_address>0x74d8</run_address>
         <size>0x14c</size>
         <input_file_ref idref="fl-3"/>
      </object_component>
      <object_component id="oc-102">
         <name>.debug_info</name>
         <load_address>0x7624</load_address>
         <run_address>0x7624</run_address>
         <size>0x143</size>
         <input_file_ref idref="fl-3"/>
      </object_component>
      <object_component id="oc-114">
         <name>.debug_info</name>
         <load_address>0x7767</load_address>
         <run_address>0x7767</run_address>
         <size>0x14b</size>
         <input_file_ref idref="fl-3"/>
      </object_component>
      <object_component id="oc-215">
         <name>.debug_info</name>
         <load_address>0x78b2</load_address>
         <run_address>0x78b2</run_address>
         <size>0x14f</size>
         <input_file_ref idref="fl-3"/>
      </object_component>
      <object_component id="oc-20f">
         <name>.debug_info</name>
         <load_address>0x7a01</load_address>
         <run_address>0x7a01</run_address>
         <size>0x14d</size>
         <input_file_ref idref="fl-3"/>
      </object_component>
      <object_component id="oc-203">
         <name>.debug_info</name>
         <load_address>0x7b4e</load_address>
         <run_address>0x7b4e</run_address>
         <size>0x151</size>
         <input_file_ref idref="fl-3"/>
      </object_component>
      <object_component id="oc-209">
         <name>.debug_info</name>
         <load_address>0x7c9f</load_address>
         <run_address>0x7c9f</run_address>
         <size>0x14f</size>
         <input_file_ref idref="fl-3"/>
      </object_component>
      <object_component id="oc-27f">
         <name>.debug_info</name>
         <load_address>0x7dee</load_address>
         <run_address>0x7dee</run_address>
         <size>0x14b</size>
         <input_file_ref idref="fl-3"/>
      </object_component>
      <object_component id="oc-285">
         <name>.debug_info</name>
         <load_address>0x7f39</load_address>
         <run_address>0x7f39</run_address>
         <size>0x14f</size>
         <input_file_ref idref="fl-3"/>
      </object_component>
      <object_component id="oc-28b">
         <name>.debug_info</name>
         <load_address>0x8088</load_address>
         <run_address>0x8088</run_address>
         <size>0x14d</size>
         <input_file_ref idref="fl-3"/>
      </object_component>
      <object_component id="oc-f6">
         <name>.debug_info</name>
         <load_address>0x81d5</load_address>
         <run_address>0x81d5</run_address>
         <size>0x152</size>
         <input_file_ref idref="fl-3"/>
      </object_component>
      <object_component id="oc-108">
         <name>.debug_info</name>
         <load_address>0x8327</load_address>
         <run_address>0x8327</run_address>
         <size>0x154</size>
         <input_file_ref idref="fl-3"/>
      </object_component>
      <object_component id="oc-260">
         <name>.debug_info</name>
         <load_address>0x847b</load_address>
         <run_address>0x847b</run_address>
         <size>0x22a</size>
         <input_file_ref idref="fl-3"/>
      </object_component>
      <object_component id="oc-f0">
         <name>.debug_info</name>
         <load_address>0x86a5</load_address>
         <run_address>0x86a5</run_address>
         <size>0x1a9</size>
         <input_file_ref idref="fl-3"/>
      </object_component>
      <object_component id="oc-e4">
         <name>.debug_info</name>
         <load_address>0x884e</load_address>
         <run_address>0x884e</run_address>
         <size>0x203</size>
         <input_file_ref idref="fl-3"/>
      </object_component>
      <object_component id="oc-13c">
         <name>.debug_info</name>
         <load_address>0x8a51</load_address>
         <run_address>0x8a51</run_address>
         <size>0xfe</size>
         <input_file_ref idref="fl-3"/>
      </object_component>
      <object_component id="oc-188">
         <name>.debug_info</name>
         <load_address>0x8b4f</load_address>
         <run_address>0x8b4f</run_address>
         <size>0x115</size>
         <input_file_ref idref="fl-3"/>
      </object_component>
      <object_component id="oc-2ba">
         <name>.debug_info</name>
         <load_address>0x8c64</load_address>
         <run_address>0x8c64</run_address>
         <size>0xe21</size>
         <input_file_ref idref="fl-4"/>
      </object_component>
      <object_component id="oc-9e">
         <name>.debug_info</name>
         <load_address>0x9a85</load_address>
         <run_address>0x9a85</run_address>
         <size>0x41e</size>
         <input_file_ref idref="fl-4"/>
      </object_component>
      <object_component id="oc-df">
         <name>.debug_info</name>
         <load_address>0x9ea3</load_address>
         <run_address>0x9ea3</run_address>
         <size>0x366</size>
         <input_file_ref idref="fl-4"/>
      </object_component>
      <object_component id="oc-11b">
         <name>.debug_info</name>
         <load_address>0xa209</load_address>
         <run_address>0xa209</run_address>
         <size>0x2c6</size>
         <input_file_ref idref="fl-4"/>
      </object_component>
      <object_component id="oc-3dd">
         <name>.debug_info</name>
         <load_address>0xa4cf</load_address>
         <run_address>0xa4cf</run_address>
         <size>0x22e</size>
         <input_file_ref idref="fl-4"/>
      </object_component>
      <object_component id="oc-292">
         <name>.debug_info</name>
         <load_address>0xa6fd</load_address>
         <run_address>0xa6fd</run_address>
         <size>0x51</size>
         <input_file_ref idref="fl-4"/>
      </object_component>
      <object_component id="oc-3e2">
         <name>.debug_info</name>
         <load_address>0xa74e</load_address>
         <run_address>0xa74e</run_address>
         <size>0x5f</size>
         <input_file_ref idref="fl-4"/>
      </object_component>
      <object_component id="oc-137">
         <name>.debug_info</name>
         <load_address>0xa7ad</load_address>
         <run_address>0xa7ad</run_address>
         <size>0x439</size>
         <input_file_ref idref="fl-4"/>
      </object_component>
      <object_component id="oc-bd">
         <name>.debug_info</name>
         <load_address>0xabe6</load_address>
         <run_address>0xabe6</run_address>
         <size>0x6ef</size>
         <input_file_ref idref="fl-5"/>
      </object_component>
      <object_component id="oc-72">
         <name>.debug_info</name>
         <load_address>0xb2d5</load_address>
         <run_address>0xb2d5</run_address>
         <size>0x13d</size>
         <input_file_ref idref="fl-5"/>
      </object_component>
      <object_component id="oc-350">
         <name>.debug_info</name>
         <load_address>0xb412</load_address>
         <run_address>0xb412</run_address>
         <size>0x1b3</size>
         <input_file_ref idref="fl-5"/>
      </object_component>
      <object_component id="oc-21c">
         <name>.debug_info</name>
         <load_address>0xb5c5</load_address>
         <run_address>0xb5c5</run_address>
         <size>0x121</size>
         <input_file_ref idref="fl-5"/>
      </object_component>
      <object_component id="oc-222">
         <name>.debug_info</name>
         <load_address>0xb6e6</load_address>
         <run_address>0xb6e6</run_address>
         <size>0x121</size>
         <input_file_ref idref="fl-5"/>
      </object_component>
      <object_component id="oc-38c">
         <name>.debug_info</name>
         <load_address>0xb807</load_address>
         <run_address>0xb807</run_address>
         <size>0x1a2</size>
         <input_file_ref idref="fl-5"/>
      </object_component>
      <object_component id="oc-23b">
         <name>.debug_info</name>
         <load_address>0xb9a9</load_address>
         <run_address>0xb9a9</run_address>
         <size>0x1c8</size>
         <input_file_ref idref="fl-5"/>
      </object_component>
      <object_component id="oc-299">
         <name>.debug_info</name>
         <load_address>0xbb71</load_address>
         <run_address>0xbb71</run_address>
         <size>0x15a</size>
         <input_file_ref idref="fl-5"/>
      </object_component>
      <object_component id="oc-29f">
         <name>.debug_info</name>
         <load_address>0xbccb</load_address>
         <run_address>0xbccb</run_address>
         <size>0x263</size>
         <input_file_ref idref="fl-5"/>
      </object_component>
      <object_component id="oc-1cb">
         <name>.debug_info</name>
         <load_address>0xbf2e</load_address>
         <run_address>0xbf2e</run_address>
         <size>0xb05</size>
         <input_file_ref idref="fl-6"/>
      </object_component>
      <object_component id="oc-2b5">
         <name>.debug_info</name>
         <load_address>0xca33</load_address>
         <run_address>0xca33</run_address>
         <size>0x16d</size>
         <input_file_ref idref="fl-6"/>
      </object_component>
      <object_component id="oc-12d">
         <name>.debug_info</name>
         <load_address>0xcba0</load_address>
         <run_address>0xcba0</run_address>
         <size>0x22c</size>
         <input_file_ref idref="fl-6"/>
      </object_component>
      <object_component id="oc-eb">
         <name>.debug_info</name>
         <load_address>0xcdcc</load_address>
         <run_address>0xcdcc</run_address>
         <size>0x1c5</size>
         <input_file_ref idref="fl-6"/>
      </object_component>
      <object_component id="oc-2a5">
         <name>.debug_info</name>
         <load_address>0xcf91</load_address>
         <run_address>0xcf91</run_address>
         <size>0x16d</size>
         <input_file_ref idref="fl-6"/>
      </object_component>
      <object_component id="oc-121">
         <name>.debug_info</name>
         <load_address>0xd0fe</load_address>
         <run_address>0xd0fe</run_address>
         <size>0x40f</size>
         <input_file_ref idref="fl-6"/>
      </object_component>
      <object_component id="oc-1b7">
         <name>.debug_info</name>
         <load_address>0xd50d</load_address>
         <run_address>0xd50d</run_address>
         <size>0x153</size>
         <input_file_ref idref="fl-6"/>
      </object_component>
      <object_component id="oc-d9">
         <name>.debug_info</name>
         <load_address>0xd660</load_address>
         <run_address>0xd660</run_address>
         <size>0x1f6</size>
         <input_file_ref idref="fl-6"/>
      </object_component>
      <object_component id="oc-2f">
         <name>.debug_info</name>
         <load_address>0xd856</load_address>
         <run_address>0xd856</run_address>
         <size>0x84</size>
         <input_file_ref idref="fl-7"/>
      </object_component>
      <object_component id="oc-4c6">
         <name>.debug_info</name>
         <load_address>0xd8da</load_address>
         <run_address>0xd8da</run_address>
         <size>0x71a</size>
         <input_file_ref idref="fl-8"/>
      </object_component>
      <object_component id="oc-441">
         <name>.debug_info</name>
         <load_address>0xdff4</load_address>
         <run_address>0xdff4</run_address>
         <size>0x37e2</size>
         <input_file_ref idref="fl-8"/>
      </object_component>
      <object_component id="oc-af">
         <name>.debug_info</name>
         <load_address>0x117d6</load_address>
         <run_address>0x117d6</run_address>
         <size>0x122</size>
         <input_file_ref idref="fl-9"/>
      </object_component>
      <object_component id="oc-331">
         <name>.debug_info</name>
         <load_address>0x118f8</load_address>
         <run_address>0x118f8</run_address>
         <size>0x920</size>
         <input_file_ref idref="fl-a"/>
      </object_component>
      <object_component id="oc-1c2">
         <name>.debug_info</name>
         <load_address>0x12218</load_address>
         <run_address>0x12218</run_address>
         <size>0x104</size>
         <input_file_ref idref="fl-a"/>
      </object_component>
      <object_component id="oc-1c5">
         <name>.debug_info</name>
         <load_address>0x1231c</load_address>
         <run_address>0x1231c</run_address>
         <size>0x110</size>
         <input_file_ref idref="fl-a"/>
      </object_component>
      <object_component id="oc-43c">
         <name>.debug_info</name>
         <load_address>0x1242c</load_address>
         <run_address>0x1242c</run_address>
         <size>0xe5</size>
         <input_file_ref idref="fl-a"/>
      </object_component>
      <object_component id="oc-2ea">
         <name>.debug_info</name>
         <load_address>0x12511</load_address>
         <run_address>0x12511</run_address>
         <size>0x3d7</size>
         <input_file_ref idref="fl-a"/>
      </object_component>
      <object_component id="oc-425">
         <name>.debug_info</name>
         <load_address>0x128e8</load_address>
         <run_address>0x128e8</run_address>
         <size>0x2e3</size>
         <input_file_ref idref="fl-a"/>
      </object_component>
      <object_component id="oc-2f0">
         <name>.debug_info</name>
         <load_address>0x12bcb</load_address>
         <run_address>0x12bcb</run_address>
         <size>0x23f</size>
         <input_file_ref idref="fl-a"/>
      </object_component>
      <object_component id="oc-300">
         <name>.debug_info</name>
         <load_address>0x12e0a</load_address>
         <run_address>0x12e0a</run_address>
         <size>0x284</size>
         <input_file_ref idref="fl-a"/>
      </object_component>
      <object_component id="oc-306">
         <name>.debug_info</name>
         <load_address>0x1308e</load_address>
         <run_address>0x1308e</run_address>
         <size>0x3e7</size>
         <input_file_ref idref="fl-a"/>
      </object_component>
      <object_component id="oc-30c">
         <name>.debug_info</name>
         <load_address>0x13475</load_address>
         <run_address>0x13475</run_address>
         <size>0x29f</size>
         <input_file_ref idref="fl-a"/>
      </object_component>
      <object_component id="oc-312">
         <name>.debug_info</name>
         <load_address>0x13714</load_address>
         <run_address>0x13714</run_address>
         <size>0x29f</size>
         <input_file_ref idref="fl-a"/>
      </object_component>
      <object_component id="oc-318">
         <name>.debug_info</name>
         <load_address>0x139b3</load_address>
         <run_address>0x139b3</run_address>
         <size>0x2d0</size>
         <input_file_ref idref="fl-a"/>
      </object_component>
      <object_component id="oc-31e">
         <name>.debug_info</name>
         <load_address>0x13c83</load_address>
         <run_address>0x13c83</run_address>
         <size>0x1ed</size>
         <input_file_ref idref="fl-a"/>
      </object_component>
      <object_component id="oc-324">
         <name>.debug_info</name>
         <load_address>0x13e70</load_address>
         <run_address>0x13e70</run_address>
         <size>0x1a8</size>
         <input_file_ref idref="fl-a"/>
      </object_component>
      <object_component id="oc-32a">
         <name>.debug_info</name>
         <load_address>0x14018</load_address>
         <run_address>0x14018</run_address>
         <size>0x218</size>
         <input_file_ref idref="fl-a"/>
      </object_component>
      <object_component id="oc-4f4">
         <name>.debug_info</name>
         <load_address>0x14230</load_address>
         <run_address>0x14230</run_address>
         <size>0x866</size>
         <input_file_ref idref="fl-b"/>
      </object_component>
      <object_component id="oc-4b9">
         <name>.debug_info</name>
         <load_address>0x14a96</load_address>
         <run_address>0x14a96</run_address>
         <size>0xf8</size>
         <input_file_ref idref="fl-b"/>
      </object_component>
      <object_component id="oc-40d">
         <name>.debug_info</name>
         <load_address>0x14b8e</load_address>
         <run_address>0x14b8e</run_address>
         <size>0x24f</size>
         <input_file_ref idref="fl-b"/>
      </object_component>
      <object_component id="oc-413">
         <name>.debug_info</name>
         <load_address>0x14ddd</load_address>
         <run_address>0x14ddd</run_address>
         <size>0x218</size>
         <input_file_ref idref="fl-b"/>
      </object_component>
      <object_component id="oc-41a">
         <name>.debug_info</name>
         <load_address>0x14ff5</load_address>
         <run_address>0x14ff5</run_address>
         <size>0x20f</size>
         <input_file_ref idref="fl-b"/>
      </object_component>
      <object_component id="oc-420">
         <name>.debug_info</name>
         <load_address>0x15204</load_address>
         <run_address>0x15204</run_address>
         <size>0x1c2</size>
         <input_file_ref idref="fl-b"/>
      </object_component>
      <object_component id="oc-78">
         <name>.debug_info</name>
         <load_address>0x153c6</load_address>
         <run_address>0x153c6</run_address>
         <size>0x2c2</size>
         <input_file_ref idref="fl-c"/>
      </object_component>
      <object_component id="oc-24">
         <name>.debug_info</name>
         <load_address>0x15688</load_address>
         <run_address>0x15688</run_address>
         <size>0xee</size>
         <input_file_ref idref="fl-c"/>
      </object_component>
      <object_component id="oc-66">
         <name>.debug_info</name>
         <load_address>0x15776</load_address>
         <run_address>0x15776</run_address>
         <size>0x151</size>
         <input_file_ref idref="fl-c"/>
      </object_component>
      <object_component id="oc-6c">
         <name>.debug_info</name>
         <load_address>0x158c7</load_address>
         <run_address>0x158c7</run_address>
         <size>0x139</size>
         <input_file_ref idref="fl-c"/>
      </object_component>
      <object_component id="oc-3a6">
         <name>.debug_info</name>
         <load_address>0x15a00</load_address>
         <run_address>0x15a00</run_address>
         <size>0x488</size>
         <input_file_ref idref="fl-17"/>
      </object_component>
      <object_component id="oc-253">
         <name>.debug_info</name>
         <load_address>0x15e88</load_address>
         <run_address>0x15e88</run_address>
         <size>0x29e</size>
         <input_file_ref idref="fl-17"/>
      </object_component>
      <object_component id="oc-2df">
         <name>.debug_info</name>
         <load_address>0x16126</load_address>
         <run_address>0x16126</run_address>
         <size>0x55d</size>
         <input_file_ref idref="fl-18"/>
      </object_component>
      <object_component id="oc-19e">
         <name>.debug_info</name>
         <load_address>0x16683</load_address>
         <run_address>0x16683</run_address>
         <size>0x1eb</size>
         <input_file_ref idref="fl-18"/>
      </object_component>
      <object_component id="oc-1ab">
         <name>.debug_info</name>
         <load_address>0x1686e</load_address>
         <run_address>0x1686e</run_address>
         <size>0x1ff</size>
         <input_file_ref idref="fl-18"/>
      </object_component>
      <object_component id="oc-1b1">
         <name>.debug_info</name>
         <load_address>0x16a6d</load_address>
         <run_address>0x16a6d</run_address>
         <size>0x1cc</size>
         <input_file_ref idref="fl-18"/>
      </object_component>
      <object_component id="oc-1a5">
         <name>.debug_info</name>
         <load_address>0x16c39</load_address>
         <run_address>0x16c39</run_address>
         <size>0x1f2</size>
         <input_file_ref idref="fl-18"/>
      </object_component>
      <object_component id="oc-1bd">
         <name>.debug_info</name>
         <load_address>0x16e2b</load_address>
         <run_address>0x16e2b</run_address>
         <size>0x1bf</size>
         <input_file_ref idref="fl-18"/>
      </object_component>
      <object_component id="oc-40b">
         <name>.debug_info</name>
         <load_address>0x16fea</load_address>
         <run_address>0x16fea</run_address>
         <size>0x3f7</size>
         <input_file_ref idref="fl-19"/>
      </object_component>
      <object_component id="oc-3af">
         <name>.debug_info</name>
         <load_address>0x173e1</load_address>
         <run_address>0x173e1</run_address>
         <size>0x1ff</size>
         <input_file_ref idref="fl-19"/>
      </object_component>
      <object_component id="oc-479">
         <name>.debug_info</name>
         <load_address>0x175e0</load_address>
         <run_address>0x175e0</run_address>
         <size>0x21d</size>
         <input_file_ref idref="fl-19"/>
      </object_component>
      <object_component id="oc-481">
         <name>.debug_info</name>
         <load_address>0x177fd</load_address>
         <run_address>0x177fd</run_address>
         <size>0x219</size>
         <input_file_ref idref="fl-19"/>
      </object_component>
      <object_component id="oc-2e2">
         <name>.debug_info</name>
         <load_address>0x17a16</load_address>
         <run_address>0x17a16</run_address>
         <size>0x1df</size>
         <input_file_ref idref="fl-19"/>
      </object_component>
      <object_component id="oc-2f8">
         <name>.debug_info</name>
         <load_address>0x17bf5</load_address>
         <run_address>0x17bf5</run_address>
         <size>0x1d7</size>
         <input_file_ref idref="fl-19"/>
      </object_component>
      <object_component id="oc-338">
         <name>.debug_info</name>
         <load_address>0x17dcc</load_address>
         <run_address>0x17dcc</run_address>
         <size>0x276</size>
         <input_file_ref idref="fl-1a"/>
      </object_component>
      <object_component id="oc-334">
         <name>.debug_info</name>
         <load_address>0x18042</load_address>
         <run_address>0x18042</run_address>
         <size>0x128</size>
         <input_file_ref idref="fl-1a"/>
      </object_component>
      <object_component id="oc-1c8">
         <name>.debug_info</name>
         <load_address>0x1816a</load_address>
         <run_address>0x1816a</run_address>
         <size>0x125</size>
         <input_file_ref idref="fl-1a"/>
      </object_component>
      <object_component id="oc-47e">
         <name>.debug_info</name>
         <load_address>0x1828f</load_address>
         <run_address>0x1828f</run_address>
         <size>0x537</size>
         <input_file_ref idref="fl-1b"/>
      </object_component>
      <object_component id="oc-398">
         <name>.debug_info</name>
         <load_address>0x187c6</load_address>
[...]
         <value>0x1a15</value>
         <object_component_ref idref="oc-e9"/>
      </symbol>
      <symbol id="sm-293">
         <name>InitFonts</name>
         <value>0x2759</value>
         <object_component_ref idref="oc-1b5"/>
      </symbol>
      <symbol id="sm-294">
         <name>make_5digit_NumString</name>
         <value>0x1891</value>
         <object_component_ref idref="oc-2b3"/>
      </symbol>
      <symbol id="sm-295">
         <name>MoveCircle</name>
         <value>0x965</value>
         <object_component_ref idref="oc-11f"/>
      </symbol>
      <symbol id="sm-296">
         <name>make_3digit_NumString</name>
         <value>0x1f2f</value>
         <object_component_ref idref="oc-2a3"/>
      </symbol>
      <symbol id="sm-297">
         <name>InitGraphics</name>
         <value>0x1fc1</value>
         <object_component_ref idref="oc-d7"/>
      </symbol>
      <symbol id="sm-2be">
         <name>SystemInit</name>
         <value>0x110d</value>
         <object_component_ref idref="oc-ae"/>
      </symbol>
      <symbol id="sm-36d">
         <name>Lcd_Orientation</name>
         <value>0x20000048</value>
      </symbol>
      <symbol id="sm-36e">
         <name>Lcd_ScreenWidth</name>
         <value>0x20000042</value>
      </symbol>
      <symbol id="sm-36f">
         <name>Lcd_ScreenHeigth</name>
         <value>0x20000040</value>
      </symbol>
      <symbol id="sm-370">
         <name>Lcd_PenSolid</name>
         <value>0x20000049</value>
      </symbol>
      <symbol id="sm-371">
         <name>Lcd_FontSolid</name>
         <value>0x20000047</value>
      </symbol>
      <symbol id="sm-372">
         <name>Lcd_FlagRead</name>
         <value>0x20000046</value>
      </symbol>
      <symbol id="sm-373">
         <name>Lcd_TouchTrim</name>
         <value>0x20000044</value>
      </symbol>
      <symbol id="sm-374">
         <name>Crystalfontz128x128_SetDrawFrame</name>
         <value>0xc25</value>
         <object_component_ref idref="oc-424"/>
      </symbol>
      <symbol id="sm-375">
         <name>Crystalfontz128x128_SetOrientation</name>
         <value>0x1de9</value>
         <object_component_ref idref="oc-2ef"/>
      </symbol>
      <symbol id="sm-376">
         <name>g_sCrystalfontz128x128_funcs</name>
         <value>0x2f3c</value>
         <object_component_ref idref="oc-1c4"/>
      </symbol>
      <symbol id="sm-377">
         <name>g_sCrystalfontz128x128</name>
         <value>0x20000060</value>
         <object_component_ref idref="oc-1c1"/>
      </symbol>
      <symbol id="sm-378">
         <name>Crystalfontz128x128_Init</name>
         <value>0xd59</value>
         <object_component_ref idref="oc-2e9"/>
      </symbol>
      <symbol id="sm-3b1">
         <name>HAL_LCD_writeData</name>
         <value>0x2419</value>
         <object_component_ref idref="oc-41e"/>
      </symbol>
      <symbol id="sm-3b2">
         <name>HAL_LCD_SpiInit</name>
         <value>0x2109</value>
         <object_component_ref idref="oc-412"/>
      </symbol>
      <symbol id="sm-3b3">
         <name>HAL_LCD_PortInit</name>
         <value>0x2335</value>
         <object_component_ref idref="oc-40c"/>
      </symbol>
      <symbol id="sm-3b4">
         <name>HAL_LCD_writeCommand</name>
         <value>0x2189</value>
         <object_component_ref idref="oc-418"/>
      </symbol>
      <symbol id="sm-3d0">
         <name>Reset_Handler</name>
         <value>0x2791</value>
         <object_component_ref idref="oc-64"/>
      </symbol>
      <symbol id="sm-3d1">
         <name>Default_Handler</name>
         <value>0x1043</value>
         <object_component_ref idref="oc-6a"/>
      </symbol>
      <symbol id="sm-3d2">
         <name>interruptVectors</name>
         <value>0x0</value>
         <object_component_ref idref="oc-23"/>
      </symbol>
      <symbol id="sm-3f0">
         <name>Graphics_fillCircle</name>
         <value>0x563</value>
         <object_component_ref idref="oc-252"/>
      </symbol>
      <symbol id="sm-41d">
         <name>Graphics_setBackgroundColor</name>
         <value>0x2643</value>
         <object_component_ref idref="oc-1a9"/>
      </symbol>
      <symbol id="sm-41e">
         <name>Graphics_setFont</name>
         <value>0x265d</value>
         <object_component_ref idref="oc-1af"/>
      </symbol>
      <symbol id="sm-41f">
         <name>Graphics_initContext</name>
         <value>0x1e91</value>
         <object_component_ref idref="oc-19d"/>
      </symbol>
      <symbol id="sm-420">
         <name>Graphics_setForegroundColor</name>
         <value>0x26bb</value>
         <object_component_ref idref="oc-1a3"/>
      </symbol>
      <symbol id="sm-421">
         <name>Graphics_clearDisplay</name>
         <value>0x2723</value>
         <object_component_ref idref="oc-1bb"/>
      </symbol>
      <symbol id="sm-44e">
         <name>Graphics_clearDisplayOnDisplay</name>
         <value>0x2629</value>
         <object_component_ref idref="oc-2f6"/>
      </symbol>
      <symbol id="sm-44f">
         <name>Graphics_drawPixelOnDisplay</name>
         <value>0x23ed</value>
         <object_component_ref idref="oc-3ad"/>
      </symbol>
      <symbol id="sm-450">
         <name>Graphics_translateColorOnDisplay</name>
         <value>0x26d1</value>
         <object_component_ref idref="oc-2e0"/>
      </symbol>
      <symbol id="sm-451">
         <name>Graphics_drawHorizontalLineOnDisplay</name>
         <value>0x2231</value>
         <object_component_ref idref="oc-477"/>
      </symbol>
      <symbol id="sm-452">
         <name>Graphics_drawVerticalLineOnDisplay</name>
         <value>0x2267</value>
         <object_component_ref idref="oc-47f"/>
      </symbol>
      <symbol id="sm-464">
         <name>g_sFontCmtt12</name>
         <value>0x2dc4</value>
         <object_component_ref idref="oc-1c7"/>
      </symbol>
      <symbol id="sm-485">
         <name>Graphics_drawLineH</name>
         <value>0x15ab</value>
         <object_component_ref idref="oc-397"/>
      </symbol>
      <symbol id="sm-486">
         <name>Graphics_drawLineV</name>
         <value>0x1647</value>
         <object_component_ref idref="oc-39d"/>
      </symbol>
      <symbol id="sm-494">
         <name>Graphics_drawRectangle</name>
         <value>0x146d</value>
         <object_component_ref idref="oc-24c"/>
      </symbol>
      <symbol id="sm-4d4">
         <name>Graphics_drawString</name>
         <value>0xe5</value>
         <object_component_ref idref="oc-258"/>
      </symbol>
      <symbol id="sm-595">
         <name>ADC14_enableSampleTimer</name>
         <value>0x229d</value>
         <object_component_ref idref="oc-369"/>
      </symbol>
      <symbol id="sm-596">
         <name>ADC14_enableConversion</name>
         <value>0x2445</value>
         <object_component_ref idref="oc-37d"/>
      </symbol>
      <symbol id="sm-597">
         <name>ADC14_toggleConversionTrigger</name>
         <value>0x2395</value>
         <object_component_ref idref="oc-383"/>
      </symbol>
      <symbol id="sm-598">
         <name>ADC14_initModule</name>
         <value>0x1d95</value>
         <object_component_ref idref="oc-35d"/>
      </symbol>
      <symbol id="sm-599">
         <name>ADC14_configureMultiSequenceMode</name>
         <value>0x1279</value>
         <object_component_ref idref="oc-363"/>
      </symbol>
      <symbol id="sm-59a">
         <name>ADC14_configureConversionMemory</name>
         <value>0x13c9</value>
         <object_component_ref idref="oc-370"/>
      </symbol>
      <symbol id="sm-59b">
         <name>ADC14_enableModule</name>
         <value>0x2785</value>
         <object_component_ref idref="oc-357"/>
      </symbol>
      <symbol id="sm-59c">
         <name>ADC14_getResult</name>
         <value>0x25b9</value>
         <object_component_ref idref="oc-2ac"/>
      </symbol>
      <symbol id="sm-604">
         <name>GPIO_setOutputHighOnPin</name>
         <value>0x2495</value>
         <object_component_ref idref="oc-26d"/>
      </symbol>
      <symbol id="sm-605">
         <name>GPIO_setAsInputPinWithPullUpResistor</name>
         <value>0x1ce5</value>
         <object_component_ref idref="oc-23f"/>
      </symbol>
      <symbol id="sm-606">
         <name>GPIO_setAsOutputPin</name>
         <value>0x2089</value>
         <object_component_ref idref="oc-33c"/>
      </symbol>
      <symbol id="sm-607">
         <name>GPIO_setOutputLowOnPin</name>
         <value>0x24bd</value>
         <object_component_ref idref="oc-274"/>
      </symbol>
      <symbol id="sm-608">
         <name>GPIO_toggleOutputOnPin</name>
         <value>0x24e5</value>
         <object_component_ref idref="oc-3b9"/>
      </symbol>
      <symbol id="sm-609">
         <name>GPIO_setAsPeripheralModuleFunctionOutputPin</name>
         <value>0x1809</value>
         <object_component_ref idref="oc-4a5"/>
      </symbol>
      <symbol id="sm-60a">
         <name>GPIO_getInputPinValue</name>
         <value>0x2305</value>
         <object_component_ref idref="oc-266"/>
      </symbol>
      <symbol id="sm-60b">
         <name>GPIO_setAsPeripheralModuleFunctionInputPin</name>
         <value>0x1781</value>
         <object_component_ref idref="oc-376"/>
      </symbol>
      <symbol id="sm-628">
         <name>Interrupt_enableInterrupt</name>
         <value>0x1915</value>
         <object_component_ref idref="oc-451"/>
      </symbol>
      <symbol id="sm-662">
         <name>EUSCI_B_SPI_enable</name>
         <value>0x26a5</value>
         <object_component_ref idref="oc-4eb"/>
      </symbol>
      <symbol id="sm-663">
         <name>SPI_enableModule</name>
         <value>0x25d5</value>
         <object_component_ref idref="oc-4b2"/>
      </symbol>
      <symbol id="sm-664">
         <name>EUSCI_A_SPI_enable</name>
         <value>0x268f</value>
         <object_component_ref idref="oc-4e5"/>
      </symbol>
      <symbol id="sm-665">
         <name>SPI_initMaster</name>
         <value>0x11c9</value>
         <object_component_ref idref="oc-4ac"/>
      </symbol>
      <symbol id="sm-69e">
         <name>Timer32_startTimer</name>
         <value>0x21c1</value>
         <object_component_ref idref="oc-45d"/>
      </symbol>
      <symbol id="sm-69f">
         <name>Timer32_setCount</name>
         <value>0x22d1</value>
         <object_component_ref idref="oc-457"/>
      </symbol>
      <symbol id="sm-6a0">
         <name>Timer32_getValue</name>
         <value>0x2767</value>
         <object_component_ref idref="oc-3c2"/>
      </symbol>
      <symbol id="sm-6a1">
         <name>Timer32_initModule</name>
         <value>0x1a8d</value>
         <object_component_ref idref="oc-44b"/>
      </symbol>
      <symbol id="sm-6a2">
         <name>Timer32_clearInterruptFlag</name>
         <value>0x270f</value>
         <object_component_ref idref="oc-b6"/>
      </symbol>
      <symbol id="sm-6af">
         <name>WDT_A_holdTimer</name>
         <value>0x2535</value>
         <object_component_ref idref="oc-1cc"/>
      </symbol>
      <symbol id="sm-6ba">
         <name>__aeabi_lmul</name>
         <value>0x2677</value>
         <object_component_ref idref="oc-3c9"/>
      </symbol>
      <symbol id="sm-6d5">
         <name>memcpy</name>
         <value>0x16e3</value>
         <object_component_ref idref="oc-34"/>
      </symbol>
      <symbol id="sm-6d6">
         <name>__aeabi_memcpy</name>
         <value>0x16e3</value>
         <object_component_ref idref="oc-34"/>
      </symbol>
      <symbol id="sm-6d7">
         <name>__aeabi_memcpy8</name>
         <value>0x16e3</value>
         <object_component_ref idref="oc-34"/>
      </symbol>
      <symbol id="sm-6d8">
         <name>__aeabi_memcpy4</name>
         <value>0x16e3</value>
         <object_component_ref idref="oc-34"/>
      </symbol>
      <symbol id="sm-6f1">
         <name>__TI_zero_init_nomemset</name>
         <value>0x2735</value>
         <object_component_ref idref="oc-40"/>
      </symbol>
      <symbol id="sm-708">
         <name>__TI_decompress_none</name>
         <value>0x2775</value>
         <object_component_ref idref="oc-1a"/>
      </symbol>
      <symbol id="sm-72b">
         <name>__TI_decompress_lzss</name>
         <value>0x1af5</value>
         <object_component_ref idref="oc-14"/>
      </symbol>
      <symbol id="sm-73e">
         <name>__stack</name>
         <value>0x2000fe00</value>
         <object_component_ref idref="oc-26"/>
      </symbol>
      <symbol id="sm-73f">
         <name>_c_int00_noargs</name>
         <value>0x21f9</value>
         <object_component_ref idref="oc-52"/>
      </symbol>
      <symbol id="sm-74a">
         <name>C$$EXIT</name>
         <value>0x289b</value>
         <object_component_ref idref="oc-141"/>
      </symbol>
      <symbol id="sm-74b">
         <name>abort</name>
         <value>0x289b</value>
         <object_component_ref idref="oc-141"/>
      </symbol>
      <symbol id="sm-776">
         <name>__TI_auto_init_nobinit_nopinit</name>
         <value>0x2005</value>
         <object_component_ref idref="oc-14d"/>
      </symbol>
      <symbol id="sm-780">
         <name>_system_pre_init</name>
         <value>0x2897</value>
         <object_component_ref idref="oc-96"/>
      </symbol>
      <symbol id="sm-782">
         <name>__TI_static_base__</name>
         <value>0x0</value>
      </symbol>
      <symbol id="sm-785">
         <name>__mpu_init</name>
         <value>0x0</value>
      </symbol>
      <symbol id="sm-786">
         <name>_system_post_cinit</name>
         <value>0x0</value>
      </symbol>
      <symbol id="sm-787">
         <name>NMI_Handler</name>
         <value>0x1043</value>
      </symbol>
      <symbol id="sm-788">
         <name>HardFault_Handler</name>
         <value>0x1043</value>
      </symbol>
      <symbol id="sm-789">
         <name>MemManage_Handler</name>
         <value>0x1043</value>
      </symbol>
      <symbol id="sm-78a">
         <name>BusFault_Handler</name>
         <value>0x1043</value>
      </symbol>
      <symbol id="sm-78b">
         <name>UsageFault_Handler</name>
         <value>0x1043</value>
      </symbol>
      <symbol id="sm-78c">
         <name>SVC_Handler</name>
         <value>0x1043</value>
      </symbol>
      <symbol id="sm-78d">
         <name>DebugMon_Handler</name>
         <value>0x1043</value>
      </symbol>
      <symbol id="sm-78e">
         <name>PendSV_Handler</name>
         <value>0x1043</value>
      </symbol>
      <symbol id="sm-78f">
         <name>SysTick_Handler</name>
         <value>0x1043</value>
      </symbol>
      <symbol id="sm-790">
         <name>PSS_IRQHandler</name>
         <value>0x1043</value>
      </symbol>
      <symbol id="sm-791">
         <name>CS_IRQHandler</name>
         <value>0x1043</value>
      </symbol>
      <symbol id="sm-792">
         <name>PCM_IRQHandler</name>
         <value>0x1043</value>
      </symbol>
      <symbol id="sm-793">
         <name>WDT_A_IRQHandler</name>
         <value>0x1043</value>
      </symbol>
      <symbol id="sm-794">
         <name>FPU_IRQHandler</name>
         <value>0x1043</value>
      </symbol>
      <symbol id="sm-795">
         <name>FLCTL_IRQHandler</name>
         <value>0x1043</value>
      </symbol>
      <symbol id="sm-796">
         <name>COMP_E0_IRQHandler</name>
         <value>0x1043</value>
      </symbol>
      <symbol id="sm-797">
         <name>COMP_E1_IRQHandler</name>
         <value>0x1043</value>
      </symbol>
      <symbol id="sm-798">
         <name>TA0_0_IRQHandler</name>
         <value>0x1043</value>
      </symbol>
      <symbol id="sm-799">
         <name>TA0_N_IRQHandler</name>
         <value>0x1043</value>
      </symbol>
      <symbol id="sm-79a">
         <name>TA1_0_IRQHandler</name>
         <value>0x1043</value>
      </symbol>
      <symbol id="sm-79b">
         <name>TA1_N_IRQHandler</name>
         <value>0x1043</value>
      </symbol>
      <symbol id="sm-79c">
         <name>TA2_0_IRQHandler</name>
         <value>0x1043</value>
      </symbol>
      <symbol id="sm-79d">
         <name>TA2_N_IRQHandler</name>
         <value>0x1043</value>
      </symbol>
      <symbol id="sm-79e">
         <name>TA3_0_IRQHandler</name>
         <value>0x1043</value>
      </symbol>
      <symbol id="sm-79f">
         <name>TA3_N_IRQHandler</name>
         <value>0x1043</value>
      </symbol>
      <symbol id="sm-7a0">
         <name>EUSCIA0_IRQHandler</name>
         <value>0x1043</value>
      </symbol>
      <symbol id="sm-7a1">
         <name>EUSCIA1_IRQHandler</name>
         <value>0x1043</value>
      </symbol>
      <symbol id="sm-7a2">
         <name>EUSCIA2_IRQHandler</name>
         <value>0x1043</value>
      </symbol>
      <symbol id="sm-7a3">
         <name>EUSCIA3_IRQHandler</name>
         <value>0x1043</value>
      </symbol>
      <symbol id="sm-7a4">
         <name>EUSCIB0_IRQHandler</name>
         <value>0x1043</value>
      </symbol>
      <symbol id="sm-7a5">
         <name>EUSCIB1_IRQHandler</name>
         <value>0x1043</value>
      </symbol>
      <symbol id="sm-7a6">
         <name>EUSCIB2_IRQHandler</name>
         <value>0x1043</value>
      </symbol>
      <symbol id="sm-7a7">
         <name>EUSCIB3_IRQHandler</name>
         <value>0x1043</value>
      </symbol>
      <symbol id="sm-7a8">
         <name>ADC14_IRQHandler</name>
         <value>0x1043</value>
      </symbol>
      <symbol id="sm-7a9">
         <name>T32_INT1_IRQHandler</name>
         <value>0x25f1</value>
      </symbol>
      <symbol id="sm-7aa">
         <name>T32_INT2_IRQHandler</name>
         <value>0x1043</value>
      </symbol>
      <symbol id="sm-7ab">
         <name>T32_INTC_IRQHandler</name>
         <value>0x1043</value>
      </symbol>
      <symbol id="sm-7ac">
         <name>AES256_IRQHandler</name>
         <value>0x1043</value>
      </symbol>
      <symbol id="sm-7ad">
         <name>RTC_C_IRQHandler</name>
         <value>0x1043</value>
      </symbol>
      <symbol id="sm-7ae">
         <name>DMA_ERR_IRQHandler</name>
         <value>0x1043</value>
      </symbol>
      <symbol id="sm-7af">
         <name>DMA_INT3_IRQHandler</name>
         <value>0x1043</value>
      </symbol>
      <symbol id="sm-7b0">
         <name>DMA_INT2_IRQHandler</name>
         <value>0x1043</value>
      </symbol>
      <symbol id="sm-7b1">
         <name>DMA_INT1_IRQHandler</name>
         <value>0x1043</value>
      </symbol>
      <symbol id="sm-7b2">
         <name>DMA_INT0_IRQHandler</name>
         <value>0x1043</value>
      </symbol>
      <symbol id="sm-7b3">
         <name>PORT1_IRQHandler</name>
         <value>0x1043</value>
      </symbol>
      <symbol id="sm-7b4">
         <name>PORT2_IRQHandler</name>
         <value>0x1043</value>
      </symbol>
      <symbol id="sm-7b5">
         <name>PORT3_IRQHandler</name>
         <value>0x1043</value>
      </symbol>
      <symbol id="sm-7b6">
         <name>PORT4_IRQHandler</name>
         <value>0x1043</value>
      </symbol>
      <symbol id="sm-7b7">
         <name>PORT5_IRQHandler</name>
         <value>0x1043</value>
      </symbol>
      <symbol id="sm-7b8">
         <name>PORT6_IRQHandler</name>
         <value>0x1043</value>
      </symbol>
   </symbol_table>
   <title>Link successful</title>
</link_info>
