******************************************************************************
                  TI ARM Linker PC v18.1.2                     
******************************************************************************
>> Linked Tue Nov 27 18:55:11 2018

OUTPUT FILE NAME:   <Lab3_starter.out>
ENTRY POINT SYMBOL: "_c_int00_noargs"  address: 00005a2d


MEMORY CONFIGURATION

         name            origin    length      used     unused   attr    fill
----------------------  --------  ---------  --------  --------  ----  --------
  MAIN                  00000000   00040000  00007174  00038e8c  R  X
  INFO                  00200000   00004000  00000000  00004000  R  X
  SRAM_CODE             01000000   00010000  00000a22  0000f5de  RW X
  SRAM_DATA             20000000   00010000  00000a22  0000f5de  RW  


SEGMENT ALLOCATION MAP

run origin  load origin   length   init length attrs members
----------  ----------- ---------- ----------- ----- -------
00000000    00000000    00007178   00007178    r-x
  00000000    00000000    000000e4   000000e4    r-- .intvecs
  000000e4    000000e4    00006134   00006134    r-x .text
  00006218    00006218    00000f04   00000f04    r-- .const
  00007120    00007120    00000058   00000058    r-- .cinit
20000000    20000000    00000824   00000000    rw-
  20000000    20000000    000007a6   00000000    rw- .bss
  200007a8    200007a8    0000007c   00000000    rw- .data
2000fe00    2000fe00    00000200   00000000    rw-
  2000fe00    2000fe00    00000200   00000000    rw- .stack


SECTION ALLOCATION MAP

 output                                  attributes/
section   page    origin      length       input sections
--------  ----  ----------  ----------   ----------------
.intvecs   0    00000000    000000e4     
                  00000000    000000e4     startup_msp432p401r_ccs.obj (.intvecs:retain)

.text      0    000000e4    00006134     
                  000000e4    00000a5e     rtsv7M4_T_le_v4SPD16_eabi.lib : _printfi.c.obj (.text:__TI_printfi)
                  00000b42    00000002     startup_msp432p401r_ccs.obj (.text:Default_Handler)
                  00000b44    00000488     song.obj (.text:InitSongList)
                  00000fcc    0000047e     grlib.a : string.obj (.text:Graphics_drawString)
                  0000144a    00000002     rtsv7M4_T_le_v4SPD16_eabi.lib : div0.asm.obj (.text)
                  0000144c    000002e8     Lab3_starter_main.obj (.text:MoveYellowCircle)
                  00001734    0000028c     Lab3_starter_main.obj (.text:MoveRedCircle)
                  000019c0    00000288     Lab3_starter_main.obj (.text:MoveBlueCircle)
                  00001c48    00000284     Lab3_starter_main.obj (.text:SongChoice)
                  00001ecc    00000280     Lab3_starter_main.obj (.text:Up)
                  0000214c    00000270     rtsv7M4_T_le_v4SPD16_eabi.lib : _printfi.c.obj (.text:_pconv_a)
                  000023bc    0000026e     grlib.a : circle.obj (.text:Graphics_drawCircle)
                  0000262a    0000022a             : circle.obj (.text:Graphics_fillCircle)
                  00002854    000001d8     Crystalfontz128x128_ST7735.obj (.text:Crystalfontz128x128_PixelDrawMultiple)
                  00002a2c    000001d0     rtsv7M4_T_le_v4SPD16_eabi.lib : _printfi.c.obj (.text:_pconv_g)
                  00002bfc    000001b6                                   : fd_add_t2.asm.obj (.text)
                  00002db2    00000002     --HOLE-- [fill = 0]
                  00002db4    00000194     Lab3_starter_main.obj (.text:main)
                  00002f48    00000180     grlib.a : line.obj (.text:Graphics_clipLine)
                  000030c8    00000174             : line.obj (.text:Graphics_drawLine)
                  0000323c    00000160     msp432p4xx_driverlib.lib : adc14.o (.text:_getIndexForMemRegister)
                  0000339c    0000014c     Lab3_starter_main.obj (.text:rock)
                  000034e8    00000144     msp432p4xx_driverlib.lib : timer_a.o (.text:privateTimer_AProcessClockSourceDivider)
                  0000362c    0000013c     rtsv7M4_T_le_v4SPD16_eabi.lib : _printfi.c.obj (.text:_pconv_e)
                  00003768    00000136                                   : fd_div_t2.asm.obj (.text)
                  0000389e    00000002     --HOLE-- [fill = 0]
                  000038a0    00000134     Crystalfontz128x128_ST7735.obj (.text:Crystalfontz128x128_SetDrawFrame)
                  000039d4    0000012c     Crystalfontz128x128_ST7735.obj (.text:Crystalfontz128x128_Init)
                  00003b00    00000120     rtsv7M4_T_le_v4SPD16_eabi.lib : _printfi.c.obj (.text:fcvt)
                  00003c20    00000110                                   : s_scalbn.c.obj (.text:scalbn)
                  00003d30    000000fc                                   : fd_mul_t2.asm.obj (.text)
                  00003e2c    000000bc     system_msp432p401r.obj (.text:SystemInit)
                  00003ee8    000000b8     Lab3_starter_main.obj (.text:howToPlay)
                  00003fa0    000000b1     rtsv7M4_T_le_v4SPD16_eabi.lib : _printfi.c.obj (.text:_ltostr)
                  00004051    00000001     --HOLE-- [fill = 0]
                  00004052    000000b0     msp432p4xx_driverlib.lib : spi.o (.text:SPI_initMaster)
                  00004102    00000002     --HOLE-- [fill = 0]
                  00004104    000000a8                              : adc14.o (.text:ADC14_configureMultiSequenceMode)
                  000041ac    000000a8     Timer32_HAL.obj (.text:OneShotSWTimerExpired)
                  00004254    000000a4     msp432p4xx_driverlib.lib : adc14.o (.text:ADC14_configureConversionMemory)
                  000042f8    000000a4     Lab3_starter_main.obj (.text:Down2)
                  0000439c    0000009c     Crystalfontz128x128_ST7735.obj (.text:Crystalfontz128x128_RectFill)
                  00004438    0000009c     Lab3_starter_main.obj (.text:Down)
                  000044d4    0000009c     grlib.a : line.obj (.text:Graphics_drawLineH)
                  00004570    0000009c             : line.obj (.text:Graphics_drawLineV)
                  0000460c    0000009c     Lab3_starter_main.obj (.text:Menu)
                  000046a8    0000009c     rtsv7M4_T_le_v4SPD16_eabi.lib : memcpy_t2.asm.obj (.text)
                  00004744    00000096                                   : ull_div_t2.asm.obj (.text)
                  000047da    00000002     --HOLE-- [fill = 0]
                  000047dc    00000094     sound.obj (.text:PlayNote)
                  00004870    00000088     msp432p4xx_driverlib.lib : gpio.o (.text:GPIO_setAsPeripheralModuleFunctionInputPin)
                  000048f8    00000088                              : gpio.o (.text:GPIO_setAsPeripheralModuleFunctionOutputPin)
                  00004980    00000086     rtsv7M4_T_le_v4SPD16_eabi.lib : fd_cmp_t2.asm.obj (.text:__aeabi_cdcmple)
                  00004a06    00000086                                   : fd_cmp_t2.asm.obj (.text:__aeabi_cdrcmple)
                  00004a8c    00000080     msp432p4xx_driverlib.lib : interrupt.o (.text:Interrupt_enableInterrupt)
                  00004b0c    0000007a     rtsv7M4_T_le_v4SPD16_eabi.lib : memset_t2.asm.obj (.text)
                  00004b86    00000002     --HOLE-- [fill = 0]
                  00004b88    00000078     Lab3_starter_main.obj (.text:initialize)
                  00004c00    00000074     msp432p4xx_driverlib.lib : timer_a.o (.text:Timer_A_generatePWM)
                  00004c74    0000006e     rtsv7M4_T_le_v4SPD16_eabi.lib : _printfi.c.obj (.text:_mcpy)
                  00004ce2    00000002     --HOLE-- [fill = 0]
                  00004ce4    00000068     Lab3_starter_main.obj (.text:Splash)
                  00004d4c    00000068     msp432p4xx_driverlib.lib : timer32.o (.text:Timer32_initModule)
                  00004db4    00000068     rtsv7M4_T_le_v4SPD16_eabi.lib : copy_decompress_lzss.c.obj (.text:decompress:lzss:__TI_decompress_lzss)
                  00004e1c    00000064     grlib.a : line.obj (.text:Graphics_getClipCode)
                  00004e80    00000064     rtsv7M4_T_le_v4SPD16_eabi.lib : s_frexp.c.obj (.text:frexp)
                  00004ee4    00000064     Timer32_HAL.obj (.text:initHWTimer0)
                  00004f48    00000064     Timer32_HAL.obj (.text:initHWTimer1)
                  00004fac    00000060     Crystalfontz128x128_ST7735.obj (.text:Crystalfontz128x128_LineDrawH)
                  0000500c    00000060     Crystalfontz128x128_ST7735.obj (.text:Crystalfontz128x128_LineDrawV)
                  0000506c    0000005a     grlib.a : context.obj (.text:Graphics_drawPixel)
                  000050c6    00000056     rtsv7M4_T_le_v4SPD16_eabi.lib : _printfi.c.obj (.text:_pconv_f)
                  0000511c    00000056     Timer32_HAL.obj (.text:startHWTimer)
                  00005172    00000002     --HOLE-- [fill = 0]
                  00005174    00000054     msp432p4xx_driverlib.lib : adc14.o (.text:ADC14_initModule)
                  000051c8    00000054     Crystalfontz128x128_ST7735.obj (.text:Crystalfontz128x128_SetOrientation)
                  0000521c    00000054     rtsv7M4_T_le_v4SPD16_eabi.lib : ltoa.c.obj (.text:ltoa)
                  00005270    00000052     grlib.a : context.obj (.text:Graphics_initContext)
                  000052c2    00000052     rtsv7M4_T_le_v4SPD16_eabi.lib : _printfi.c.obj (.text:_ecpy)
                  00005314    0000004c     Lab3_starter_main.obj (.text:DrawFirstFret)
                  00005360    0000004c     Lab3_starter_main.obj (.text:DrawFourthFret)
                  000053ac    0000004c     Lab3_starter_main.obj (.text:DrawLeftSide)
                  000053f8    0000004c     Lab3_starter_main.obj (.text:DrawRightSide)
                  00005444    0000004c     Lab3_starter_main.obj (.text:DrawSecondFret)
                  00005490    0000004c     Lab3_starter_main.obj (.text:DrawThirdFret)
                  000054dc    0000004c     Lab3_starter_main.obj (.text:DrawVerticalFour)
                  00005528    0000004c     Lab3_starter_main.obj (.text:DrawVerticalOne)
                  00005574    0000004c     Lab3_starter_main.obj (.text:DrawVerticalThree)
                  000055c0    0000004c     Lab3_starter_main.obj (.text:DrawVerticalTwo)
                  0000560c    0000004c     Lab3_starter_main.obj (.text:Point)
                  00005658    0000004c     rtsv7M4_T_le_v4SPD16_eabi.lib : atoi.c.obj (.text:atoi)
                  000056a4    00000048                                   : fd_toi_t2.asm.obj (.text)
                  000056ec    00000044     graphics_HAL.obj (.text:InitGraphics)
                  00005730    00000044     song.obj (.text:PlaySong)
                  00005774    00000044     rtsv7M4_T_le_v4SPD16_eabi.lib : autoinit.c.obj (.text:__TI_auto_init_nobinit_nopinit:__TI_auto_init_nobinit_nopinit)
                  000057b8    00000044                                   : fd_tou_t2.asm.obj (.text)
                  000057fc    00000040     Crystalfontz128x128_ST7735.obj (.text:Crystalfontz128x128_PixelDraw)
                  0000583c    00000040     msp432p4xx_driverlib.lib : gpio.o (.text:GPIO_setAsOutputPin)
                  0000587c    00000040     grlib.a : string.obj (.text:Graphics_getNumberOfLeadingZeros)
                  000058bc    00000040     HAL_MSP_EXP432P401R_Crystalfontz128x128_ST7735.obj (.text:HAL_LCD_SpiInit)
                  000058fc    00000040     msp432p4xx_driverlib.lib : spi.o (.text:is_A_Module)
                  0000593c    00000040     rtsv7M4_T_le_v4SPD16_eabi.lib : sprintf.c.obj (.text:sprintf)
                  0000597c    0000003e                                   : _printfi.c.obj (.text:_fcpy)
                  000059ba    00000002     --HOLE-- [fill = 0]
                  000059bc    00000038     HAL_MSP_EXP432P401R_Crystalfontz128x128_ST7735.obj (.text:HAL_LCD_writeCommand)
                  000059f4    00000038     msp432p4xx_driverlib.lib : timer32.o (.text:Timer32_startTimer)
                  00005a2c    00000038     rtsv7M4_T_le_v4SPD16_eabi.lib : boot_cortex_m.c.obj (.text:_c_int00_noargs:_c_int00_noargs)
                  00005a64    00000036     grlib.a : display.obj (.text:Graphics_drawHorizontalLineOnDisplay)
                  00005a9a    00000036             : display.obj (.text:Graphics_drawVerticalLineOnDisplay)
                  00005ad0    00000034     msp432p4xx_driverlib.lib : adc14.o (.text:ADC14_enableSampleTimer)
                  00005b04    00000034     Lab3_starter_main.obj (.text:DrawGreenCircle)
                  00005b38    00000034     Lab3_starter_main.obj (.text:DrawRedCircle)
                  00005b6c    00000034     Lab3_starter_main.obj (.text:DrawYellowCircle)
                  00005ba0    00000034     msp432p4xx_driverlib.lib : timer32.o (.text:Timer32_setCount)
                  00005bd4    00000030     Lab3_starter_main.obj (.text:DrawBlueCircle)
                  00005c04    00000030     msp432p4xx_driverlib.lib : gpio.o (.text:GPIO_getInputPinValue)
                  00005c34    00000030     HAL_MSP_EXP432P401R_Crystalfontz128x128_ST7735.obj (.text:HAL_LCD_PortInit)
                  00005c64    00000030     ADC_HAL.obj (.text:initJoyStick)
                  00005c94    0000002e     rtsv7M4_T_le_v4SPD16_eabi.lib : i_tofd_t2.asm.obj (.text)
                  00005cc2    00000002     --HOLE-- [fill = 0]
                  00005cc4    0000002c     msp432p4xx_driverlib.lib : adc14.o (.text:ADC14_toggleConversionTrigger)
                  00005cf0    0000002c     Crystalfontz128x128_ST7735.obj (.text:Crystalfontz128x128_ClearScreen)
                  00005d1c    0000002c     grlib.a : display.obj (.text:Graphics_drawPixelOnDisplay)
                  00005d48    0000002c     HAL_MSP_EXP432P401R_Crystalfontz128x128_ST7735.obj (.text:HAL_LCD_writeData)
                  00005d74    00000028     msp432p4xx_driverlib.lib : adc14.o (.text:ADC14_enableConversion)
                  00005d9c    00000028     Crystalfontz128x128_ST7735.obj (.text:Crystalfontz128x128_ColorTranslate)
                  00005dc4    00000028     msp432p4xx_driverlib.lib : gpio.o (.text:GPIO_setOutputHighOnPin)
                  00005dec    00000028                              : gpio.o (.text:GPIO_setOutputLowOnPin)
                  00005e14    00000026     Timer32_HAL.obj (.text:WaitCycles)
                  00005e3a    00000002     --HOLE-- [fill = 0]
                  00005e3c    00000024     msp432p4xx_driverlib.lib : wdt_a.o (.text:WDT_A_holdTimer)
                  00005e60    00000024     ADC_HAL.obj (.text:initADC)
                  00005e84    0000001e     Timer32_HAL.obj (.text:InitOneShotSWTimer)
                  00005ea2    0000001e     Timer32_HAL.obj (.text:StartOneShotSWTimer)
                  00005ec0    0000001c     msp432p4xx_driverlib.lib : adc14.o (.text:ADC14_getResult)
                  00005edc    0000001c                              : spi.o (.text:SPI_enableModule)
                  00005ef8    0000001c     Timer32_HAL.obj (.text:T32_INT1_IRQHandler)
                  00005f14    0000001c     ADC_HAL.obj (.text:getSampleJoyStick)
                  00005f30    0000001c     rtsv7M4_T_le_v4SPD16_eabi.lib : memccpy.c.obj (.text:memccpy)
                  00005f4c    0000001a     grlib.a : display.obj (.text:Graphics_clearDisplayOnDisplay)
                  00005f66    0000001a             : context.obj (.text:Graphics_setBackgroundColor)
                  00005f80    0000001a             : context.obj (.text:Graphics_setFont)
                  00005f9a    00000018     rtsv7M4_T_le_v4SPD16_eabi.lib : sprintf.c.obj (.text:_outs)
                  00005fb2    00000018                                   : ll_mul_t2.asm.obj (.text)
                  00005fca    00000016     msp432p4xx_driverlib.lib : spi.o (.text:EUSCI_A_SPI_enable)
                  00005fe0    00000016                              : spi.o (.text:EUSCI_B_SPI_enable)
                  00005ff6    00000016     grlib.a : context.obj (.text:Graphics_setForegroundColor)
                  0000600c    00000016             : display.obj (.text:Graphics_translateColorOnDisplay)
                  00006022    00000016     rtsv7M4_T_le_v4SPD16_eabi.lib : strchr.c.obj (.text:strchr)
                  00006038    00000014     ButtonLED_HAL.obj (.text:BoosterpackBottomButton_pressed)
                  0000604c    00000014     ButtonLED_HAL.obj (.text:BoosterpackTopButton_pressed)
                  00006060    00000014     msp432p4xx_driverlib.lib : timer32.o (.text:Timer32_clearInterruptFlag)
                  00006074    00000014                              : timer_a.o (.text:Timer_A_stopTimer)
                  00006088    00000014     rtsv7M4_T_le_v4SPD16_eabi.lib : s_copysign.c.obj (.text:copysign)
                  0000609c    00000014                                   : strlen.c.obj (.text:strlen)
                  000060b0    00000012     grlib.a : context.obj (.text:Graphics_clearDisplay)
                  000060c2    00000012     rtsv7M4_T_le_v4SPD16_eabi.lib : wcslen.c.obj (.text:wcslen)
                  000060d4    00000010     msp432p4xx_driverlib.lib : adc14.o (.text:ADCIsConversionRunning)
                  000060e4    0000000e     graphics_HAL.obj (.text:InitFonts)
                  000060f2    0000000e     sound.obj (.text:InitSound)
                  00006100    0000000e     msp432p4xx_driverlib.lib : timer32.o (.text:Timer32_getValue)
                  0000610e    0000000e     rtsv7M4_T_le_v4SPD16_eabi.lib : copy_decompress_none.c.obj (.text:decompress:none:__TI_decompress_none)
                  0000611c    0000000c     msp432p4xx_driverlib.lib : adc14.o (.text:ADC14_enableModule)
                  00006128    0000000c     startup_msp432p401r_ccs.obj (.text:Reset_Handler)
                  00006134    0000000c     rtsv7M4_T_le_v4SPD16_eabi.lib : copy_zero_init.c.obj (.text:decompress:ZI:__TI_zero_init)
                  00006140    0000000c     ButtonLED_HAL.obj (.text:initialize_BoosterpackLED_blue)
                  0000614c    0000000c     ButtonLED_HAL.obj (.text:initialize_BoosterpackLED_green)
                  00006158    0000000c     ButtonLED_HAL.obj (.text:initialize_BoosterpackLED_red)
                  00006164    0000000c     ButtonLED_HAL.obj (.text:initialize_LaunchpadLED1)
                  00006170    0000000c     ButtonLED_HAL.obj (.text:initialize_LaunchpadLED2_blue)
                  0000617c    0000000c     ButtonLED_HAL.obj (.text:initialize_LaunchpadLED2_green)
                  00006188    0000000c     ButtonLED_HAL.obj (.text:initialize_LaunchpadLED2_red)
                  00006194    0000000c     ADC_HAL.obj (.text:startADC)
                  000061a0    0000000c     ButtonLED_HAL.obj (.text:turnOff_BoosterpackLED_blue)
                  000061ac    0000000c     ButtonLED_HAL.obj (.text:turnOff_BoosterpackLED_green)
                  000061b8    0000000c     ButtonLED_HAL.obj (.text:turnOff_LaunchpadLED1)
                  000061c4    0000000c     ButtonLED_HAL.obj (.text:turnOff_LaunchpadLED2_blue)
                  000061d0    0000000c     ButtonLED_HAL.obj (.text:turnOff_LaunchpadLED2_green)
                  000061dc    0000000c     ButtonLED_HAL.obj (.text:turnOff_LaunchpadLED2_red)
                  000061e8    0000000c     ButtonLED_HAL.obj (.text:turnOn_BoosterpackLED_red)
                  000061f4    0000000a     Crystalfontz128x128_ST7735.obj (.text:Crystalfontz128x128_Flush)
                  000061fe    0000000a     rtsv7M4_T_le_v4SPD16_eabi.lib : sprintf.c.obj (.text:_outc)
                  00006208    00000008                                   : errno.c.obj (.text:__aeabi_errno_addr)
                  00006210    00000004                                   : pre_init.c.obj (.text:_system_pre_init)
                  00006214    00000004                                   : exit.c.obj (.text:abort:abort)

.const     0    00006218    00000f04     
                  00006218    0000070a     fontcmtt16.obj (.const:.string:g_pucCmtt16Data)
                  00006922    00000006     --HOLE-- [fill = 0]
                  00006928    00000188     sound.obj (.const:$P$T0$1)
                  00006ab0    00000101     rtsv7M4_T_le_v4SPD16_eabi.lib : ctype.c.obj (.const:.string:_ctypes_)
                  00006bb1    00000003     --HOLE-- [fill = 0]
                  00006bb4    000000c8     fontcmtt16.obj (.const:g_sFontCmtt16)
                  00006c7c    00000080     msp432p4xx_driverlib.lib : adc14.o (.const:_ctlRegs)
                  00006cfc    00000064     Lab3_starter_main.obj (.const:.string:$P$T17$89)
                  00006d60    00000064     Lab3_starter_main.obj (.const:.string:$P$T18$90)
                  00006dc4    00000030     msp432p4xx_driverlib.lib : gpio.o (.const:GPIO_PORT_TO_BASE)
                  00006df4    00000020     Crystalfontz128x128_ST7735.obj (.const:g_sCrystalfontz128x128_funcs)
                  00006e14    0000001e     Lab3_starter_main.obj (.const:.string:$P$T5$8)
                  00006e32    00000002     --HOLE-- [fill = 0]
                  00006e34    0000001c     HAL_MSP_EXP432P401R_Crystalfontz128x128_ST7735.obj (.const:$P$T0$1)
                  00006e50    00000016     Lab3_starter_main.obj (.const:.string:$P$T1$4)
                  00006e66    00000016     Lab3_starter_main.obj (.const:.string:$P$T12$84)
                  00006e7c    00000016     Lab3_starter_main.obj (.const:.string:$P$T13$85)
                  00006e92    00000016     Lab3_starter_main.obj (.const:.string:$P$T14$86)
                  00006ea8    00000016     Lab3_starter_main.obj (.const:.string:$P$T15$87)
                  00006ebe    00000016     Lab3_starter_main.obj (.const:.string:$P$T16$88)
                  00006ed4    00000016     Lab3_starter_main.obj (.const:.string:$P$T19$91)
                  00006eea    00000016     Lab3_starter_main.obj (.const:.string:$P$T21$93)
                  00006f00    00000016     Lab3_starter_main.obj (.const:.string:$P$T22$94)
                  00006f16    00000016     Lab3_starter_main.obj (.const:.string:$P$T23$95)
                  00006f2c    00000016     Lab3_starter_main.obj (.const:.string:$P$T24$96)
                  00006f42    00000016     Lab3_starter_main.obj (.const:.string:$P$T25$97)
                  00006f58    00000016     Lab3_starter_main.obj (.const:.string:$P$T26$98)
                  00006f6e    00000016     Lab3_starter_main.obj (.const:.string:$P$T27$99)
                  00006f84    00000016     Lab3_starter_main.obj (.const:.string:$P$T28$100)
                  00006f9a    00000016     Lab3_starter_main.obj (.const:.string:$P$T29$101)
                  00006fb0    00000016     Lab3_starter_main.obj (.const:.string:$P$T30$102)
                  00006fc6    00000016     Lab3_starter_main.obj (.const:.string:$P$T31$103)
                  00006fdc    00000016     Lab3_starter_main.obj (.const:.string:$P$T32$104)
                  00006ff2    00000016     Lab3_starter_main.obj (.const:.string:$P$T33$105)
                  00007008    00000016     Lab3_starter_main.obj (.const:.string:$P$T34$106)
                  0000701e    00000016     Lab3_starter_main.obj (.const:.string:$P$T35$107)
                  00007034    00000016     Lab3_starter_main.obj (.const:.string:$P$T36$108)
                  0000704a    00000016     Lab3_starter_main.obj (.const:.string:$P$T37$109)
                  00007060    00000016     Lab3_starter_main.obj (.const:.string:$P$T38$110)
                  00007076    00000016     Lab3_starter_main.obj (.const:.string:$P$T7$10)
                  0000708c    00000016     Lab3_starter_main.obj (.const:.string:$P$T9$81)
                  000070a2    00000014     Lab3_starter_main.obj (.const:.string:$P$T4$7)
                  000070b6    00000010     Lab3_starter_main.obj (.const:.string:$P$T0$3)
                  000070c6    00000010     Lab3_starter_main.obj (.const:.string:$P$T3$6)
                  000070d6    00000010     Lab3_starter_main.obj (.const:.string:$P$T6$9)
                  000070e6    0000000c     Lab3_starter_main.obj (.const:.string:$P$T2$5)
                  000070f2    0000000c     Lab3_starter_main.obj (.const:.string:$P$T20$92)
                  000070fe    0000000c     Lab3_starter_main.obj (.const:.string:$P$T8$11)
                  0000710a    00000008     Crystalfontz128x128_ST7735.obj (.const:$P$T0$1)
                  00007112    00000002     --HOLE-- [fill = 0]
                  00007114    00000008     msp432p4xx_driverlib.lib : interrupt.o (.const:g_pulEnRegs)

.cinit     0    00007120    00000058     
                  00007120    0000002f     (.cinit..data.load) [load image, compression = lzss]
                  0000714f    00000001     --HOLE-- [fill = 0]
                  00007150    0000000c     (__TI_handler_table)
                  0000715c    00000004     --HOLE-- [fill = 0]
                  00007160    00000008     (.cinit..bss.load) [load image, compression = zero_init]
                  00007168    00000010     (__TI_cinit_table)

.init_array 
*          0    00000000    00000000     UNINITIALIZED

.binit     0    00000000    00000000     

.bss       0    20000000    000007a6     UNINITIALIZED
                  20000000    00000328     (.common:enter_sandman)
                  20000328    00000328     (.common:hokie_fight)
                  20000650    000000b0     Lab3_starter_main.obj (.bss)
                  20000700    0000001c     (.common:g_sContext)
                  2000071c    00000018     (.common:timer0)
                  20000734    00000018     (.common:timer1)
                  2000074c    00000010     Lab3_starter_main.obj (.bss:yMoveTimer$111)
                  2000075c    00000010     Lab3_starter_main.obj (.bss:yMoveTimer$27)
                  2000076c    00000010     Lab3_starter_main.obj (.bss:yMoveTimer$44)
                  2000077c    00000010     Lab3_starter_main.obj (.bss:yMoveTimer$78)
                  2000078c    00000010     Lab3_starter_main.obj (.bss:yMoveTimer$80)
                  2000079c    00000002     (.common:Lcd_ScreenHeigth)
                  2000079e    00000002     (.common:Lcd_ScreenWidth)
                  200007a0    00000002     (.common:Lcd_TouchTrim)
                  200007a2    00000001     (.common:Lcd_FlagRead)
                  200007a3    00000001     (.common:Lcd_FontSolid)
                  200007a4    00000001     (.common:Lcd_Orientation)
                  200007a5    00000001     (.common:Lcd_PenSolid)

.data      0    200007a8    0000007c     UNINITIALIZED
                  200007a8    00000066     Lab3_starter_main.obj (.data)
                  2000080e    00000002     --HOLE--
                  20000810    00000010     Crystalfontz128x128_ST7735.obj (.data:g_sCrystalfontz128x128)
                  20000820    00000004     rtsv7M4_T_le_v4SPD16_eabi.lib : errno.c.obj (.data)

.stack     0    2000fe00    00000200     UNINITIALIZED
                  2000fe00    00000004     rtsv7M4_T_le_v4SPD16_eabi.lib : boot_cortex_m.c.obj (.stack)
                  2000fe04    000001fc     --HOLE--

MODULE SUMMARY

       Module                                               code    ro data   rw data
       ------                                               ----    -------   -------
    .\
       Lab3_starter_main.obj                                5988    928       4004   
       song.obj                                             1228    0         0      
       Timer32_HAL.obj                                      580     0         96     
       sound.obj                                            162     392       0      
       ButtonLED_HAL.obj                                    208     0         0      
       system_msp432p401r.obj                               188     0         0      
       ADC_HAL.obj                                          124     0         0      
       graphics_HAL.obj                                     82      0         0      
    +--+----------------------------------------------------+-------+---------+---------+
       Total:                                               8560    1320      4100   
                                                                                     
    .\LcdDriver\
       Crystalfontz128x128_ST7735.obj                       1670    40        52     
       HAL_MSP_EXP432P401R_Crystalfontz128x128_ST7735.obj   212     28        0      
    +--+----------------------------------------------------+-------+---------+---------+
       Total:                                               1882    68        52     
                                                                                     
    .\ccs\
       startup_msp432p401r_ccs.obj                          14      228       0      
    +--+----------------------------------------------------+-------+---------+---------+
       Total:                                               14      228       0      
                                                                                     
    .\fonts\
       fontcmtt16.obj                                       0       2002      0      
    +--+----------------------------------------------------+-------+---------+---------+
       Total:                                               0       2002      0      
                                                                                     
    C:/ti/simplelink_msp432p4_sdk_2_20_00_12/source/ti/devices/msp432p4xx/driverlib/ccs/msp432p4xx_driverlib.lib
       adc14.o                                              960     128       0      
       gpio.o                                               464     48        0      
       timer_a.o                                            460     0         0      
       spi.o                                                312     0         0      
       timer32.o                                            246     0         0      
       interrupt.o                                          128     8         0      
       wdt_a.o                                              36      0         0      
    +--+----------------------------------------------------+-------+---------+---------+
       Total:                                               2606    184       0      
                                                                                     
    C:/ti/simplelink_msp432p4_sdk_2_20_00_12/source/ti/grlib/lib/ccs/m4f/grlib.a
       string.obj                                           1214    0         0      
       circle.obj                                           1176    0         0      
       line.obj                                             1168    0         0      
       context.obj                                          264     0         0      
       display.obj                                          200     0         0      
    +--+----------------------------------------------------+-------+---------+---------+
       Total:                                               4022    0         0      
                                                                                     
    C:\ti\ccv8\ccsv8\tools\compiler\ti-cgt-arm_18.1.2.LTS\lib\rtsv7M4_T_le_v4SPD16_eabi.lib
       _printfi.c.obj                                       4863    0         0      
       fd_add_t2.asm.obj                                    438     0         0      
       fd_div_t2.asm.obj                                    310     0         0      
       s_scalbn.c.obj                                       272     0         0      
       fd_cmp_t2.asm.obj                                    268     0         0      
       ctype.c.obj                                          0       257       0      
       fd_mul_t2.asm.obj                                    252     0         0      
       memcpy_t2.asm.obj                                    156     0         0      
       ull_div_t2.asm.obj                                   150     0         0      
       memset_t2.asm.obj                                    122     0         0      
       copy_decompress_lzss.c.obj                           104     0         0      
       s_frexp.c.obj                                        100     0         0      
       sprintf.c.obj                                        98      0         0      
       ltoa.c.obj                                           84      0         0      
       atoi.c.obj                                           76      0         0      
       fd_toi_t2.asm.obj                                    72      0         0      
       autoinit.c.obj                                       68      0         0      
       fd_tou_t2.asm.obj                                    68      0         0      
       boot_cortex_m.c.obj                                  56      0         0      
       i_tofd_t2.asm.obj                                    46      0         0      
       memccpy.c.obj                                        28      0         0      
       ll_mul_t2.asm.obj                                    24      0         0      
       strchr.c.obj                                         22      0         0      
       s_copysign.c.obj                                     20      0         0      
       strlen.c.obj                                         20      0         0      
       wcslen.c.obj                                         18      0         0      
       errno.c.obj                                          8       0         8      
       copy_decompress_none.c.obj                           14      0         0      
       copy_zero_init.c.obj                                 12      0         0      
       exit.c.obj                                           4       0         0      
       pre_init.c.obj                                       4       0         0      
       div0.asm.obj                                         2       0         0      
    +--+----------------------------------------------------+-------+---------+---------+
       Total:                                               7779    257       8      
                                                                                     
       Stack:                                               0       0         1024   
       Linker Generated:                                    0       83        0      
    +--+----------------------------------------------------+-------+---------+---------+
       Grand Total:                                         24863   4142      5184   


LINKER GENERATED COPY TABLES

__TI_cinit_table @ 00007168 records: 2, size/record: 8, table size: 16
	.data: load addr=00007120, load size=0000002f bytes, run addr=200007a8, run size=0000007c bytes, compression=lzss
	.bss: load addr=00007160, load size=00000008 bytes, run addr=20000000, run size=000007a6 bytes, compression=zero_init


LINKER GENERATED HANDLER TABLE

__TI_handler_table @ 00007150 records: 3, size/record: 4, table size: 12
	index: 0, handler: __TI_decompress_lzss
	index: 1, handler: __TI_decompress_none
	index: 2, handler: __TI_zero_init


GLOBAL SYMBOLS: SORTED ALPHABETICALLY BY Name 

address   name                                       
-------   ----                                       
00000b43  ADC14_IRQHandler                           
00004255  ADC14_configureConversionMemory            
00004105  ADC14_configureMultiSequenceMode           
00005d75  ADC14_enableConversion                     
0000611d  ADC14_enableModule                         
00005ad1  ADC14_enableSampleTimer                    
00005ec1  ADC14_getResult                            
00005175  ADC14_initModule                           
00005cc5  ADC14_toggleConversionTrigger              
00000b43  AES256_IRQHandler                          
00006039  BoosterpackBottomButton_pressed            
0000604d  BoosterpackTopButton_pressed               
00000b43  BusFault_Handler                           
00006215  C$$EXIT                                    
00000b43  COMP_E0_IRQHandler                         
00000b43  COMP_E1_IRQHandler                         
00000b43  CS_IRQHandler                              
000039d5  Crystalfontz128x128_Init                   
000038a1  Crystalfontz128x128_SetDrawFrame           
000051c9  Crystalfontz128x128_SetOrientation         
00000b43  DMA_ERR_IRQHandler                         
00000b43  DMA_INT0_IRQHandler                        
00000b43  DMA_INT1_IRQHandler                        
00000b43  DMA_INT2_IRQHandler                        
00000b43  DMA_INT3_IRQHandler                        
00000b43  DebugMon_Handler                           
00000b43  Default_Handler                            
00004439  Down                                       
000042f9  Down2                                      
00005bd5  DrawBlueCircle                             
00005315  DrawFirstFret                              
00005361  DrawFourthFret                             
00005b05  DrawGreenCircle                            
000053ad  DrawLeftSide                               
00005b39  DrawRedCircle                              
000053f9  DrawRightSide                              
00005445  DrawSecondFret                             
00005491  DrawThirdFret                              
000054dd  DrawVerticalFour                           
00005529  DrawVerticalOne                            
00005575  DrawVerticalThree                          
000055c1  DrawVerticalTwo                            
00005b6d  DrawYellowCircle                           
00000b43  EUSCIA0_IRQHandler                         
00000b43  EUSCIA1_IRQHandler                         
00000b43  EUSCIA2_IRQHandler                         
00000b43  EUSCIA3_IRQHandler                         
00000b43  EUSCIB0_IRQHandler                         
00000b43  EUSCIB1_IRQHandler                         
00000b43  EUSCIB2_IRQHandler                         
00000b43  EUSCIB3_IRQHandler                         
00005fcb  EUSCI_A_SPI_enable                         
00005fe1  EUSCI_B_SPI_enable                         
00000b43  FLCTL_IRQHandler                           
00000b43  FPU_IRQHandler                             
00005c05  GPIO_getInputPinValue                      
0000583d  GPIO_setAsOutputPin                        
00004871  GPIO_setAsPeripheralModuleFunctionInputPin 
000048f9  GPIO_setAsPeripheralModuleFunctionOutputPin
00005dc5  GPIO_setOutputHighOnPin                    
00005ded  GPIO_setOutputLowOnPin                     
000060b1  Graphics_clearDisplay                      
00005f4d  Graphics_clearDisplayOnDisplay             
000023bd  Graphics_drawCircle                        
00005a65  Graphics_drawHorizontalLineOnDisplay       
000030c9  Graphics_drawLine                          
000044d5  Graphics_drawLineH                         
00004571  Graphics_drawLineV                         
0000506d  Graphics_drawPixel                         
00005d1d  Graphics_drawPixelOnDisplay                
00000fcd  Graphics_drawString                        
00005a9b  Graphics_drawVerticalLineOnDisplay         
0000262b  Graphics_fillCircle                        
00005271  Graphics_initContext                       
00005f67  Graphics_setBackgroundColor                
00005f81  Graphics_setFont                           
00005ff7  Graphics_setForegroundColor                
0000600d  Graphics_translateColorOnDisplay           
00005c35  HAL_LCD_PortInit                           
000058bd  HAL_LCD_SpiInit                            
000059bd  HAL_LCD_writeCommand                       
00005d49  HAL_LCD_writeData                          
00000b43  HardFault_Handler                          
000060e5  InitFonts                                  
000056ed  InitGraphics                               
00005e85  InitOneShotSWTimer                         
00000b45  InitSongList                               
000060f3  InitSound                                  
00004a8d  Interrupt_enableInterrupt                  
200007a2  Lcd_FlagRead                               
200007a3  Lcd_FontSolid                              
200007a4  Lcd_Orientation                            
200007a5  Lcd_PenSolid                               
2000079c  Lcd_ScreenHeigth                           
2000079e  Lcd_ScreenWidth                            
200007a0  Lcd_TouchTrim                              
00000b43  MemManage_Handler                          
0000460d  Menu                                       
000019c1  MoveBlueCircle                             
00001735  MoveRedCircle                              
0000144d  MoveYellowCircle                           
00000b43  NMI_Handler                                
000041ad  OneShotSWTimerExpired                      
00000b43  PCM_IRQHandler                             
00000b43  PORT1_IRQHandler                           
00000b43  PORT2_IRQHandler                           
00000b43  PORT3_IRQHandler                           
00000b43  PORT4_IRQHandler                           
00000b43  PORT5_IRQHandler                           
00000b43  PORT6_IRQHandler                           
00000b43  PSS_IRQHandler                             
00000b43  PendSV_Handler                             
000047dd  PlayNote                                   
00005731  PlaySong                                   
0000560d  Point                                      
00000b43  RTC_C_IRQHandler                           
00006129  Reset_Handler                              
00005edd  SPI_enableModule                           
00004053  SPI_initMaster                             
00000b43  SVC_Handler                                
00001c49  SongChoice                                 
00004ce5  Splash                                     
00005ea3  StartOneShotSWTimer                        
00000b43  SysTick_Handler                            
00003e2d  SystemInit                                 
00005ef9  T32_INT1_IRQHandler                        
00005ef9  T32_INT1_IRQHandler                        
00000b43  T32_INT2_IRQHandler                        
00000b43  T32_INTC_IRQHandler                        
00000b43  TA0_0_IRQHandler                           
00000b43  TA0_N_IRQHandler                           
00000b43  TA1_0_IRQHandler                           
00000b43  TA1_N_IRQHandler                           
00000b43  TA2_0_IRQHandler                           
00000b43  TA2_N_IRQHandler                           
00000b43  TA3_0_IRQHandler                           
00000b43  TA3_N_IRQHandler                           
00006061  Timer32_clearInterruptFlag                 
00006101  Timer32_getValue                           
00004d4d  Timer32_initModule                         
00005ba1  Timer32_setCount                           
000059f5  Timer32_startTimer                         
00004c01  Timer_A_generatePWM                        
00006075  Timer_A_stopTimer                          
00001ecd  Up                                         
00000b43  UsageFault_Handler                         
4000480c  WDTCTL_SYM                                 
00000b43  WDT_A_IRQHandler                           
00005e3d  WDT_A_holdTimer                            
00005e15  WaitCycles                                 
20010000  __STACK_END                                
00000200  __STACK_SIZE                               
00007168  __TI_CINIT_Base                            
00007178  __TI_CINIT_Limit                           
00007150  __TI_Handler_Table_Base                    
0000715c  __TI_Handler_Table_Limit                   
00005775  __TI_auto_init_nobinit_nopinit             
00004db5  __TI_decompress_lzss                       
0000610f  __TI_decompress_none                       
ffffffff  __TI_pprof_out_hndl                        
000000e5  __TI_printfi                               
ffffffff  __TI_prof_data_size                        
ffffffff  __TI_prof_data_start                       
00000000  __TI_static_base__                         
00006135  __TI_zero_init                             
00004981  __aeabi_cdcmpeq                            
00004981  __aeabi_cdcmple                            
00004a07  __aeabi_cdrcmple                           
000056a5  __aeabi_d2iz                               
000057b9  __aeabi_d2uiz                              
00002c07  __aeabi_dadd                               
00003769  __aeabi_ddiv                               
00003d31  __aeabi_dmul                               
00002bfd  __aeabi_dsub                               
00006209  __aeabi_errno_addr                         
00005c95  __aeabi_i2d                                
0000144b  __aeabi_idiv0                              
0000144b  __aeabi_ldiv0                              
00005fb3  __aeabi_lmul                               
00004b0d  __aeabi_memclr                             
00004b0d  __aeabi_memclr4                            
00004b0d  __aeabi_memclr8                            
000046a9  __aeabi_memcpy                             
000046a9  __aeabi_memcpy4                            
000046a9  __aeabi_memcpy8                            
00004b0f  __aeabi_memset                             
00004b0f  __aeabi_memset4                            
00004b0f  __aeabi_memset8                            
00004745  __aeabi_uldivmod                           
ffffffff  __binit__                                  
ffffffff  __c_args__                                 
UNDEFED   __mpu_init                                 
2000fe00  __stack                                    
00005a2d  _c_int00_noargs                            
00006ab0  _ctypes_                                   
UNDEFED   _system_post_cinit                         
00006211  _system_pre_init                           
00006215  abort                                      
00005659  atoi                                       
ffffffff  binit                                      
00006089  copysign                                   
00006089  copysignl                                  
20000000  enter_sandman                              
20000820  errno                                      
00004e81  frexp                                      
00004e81  frexpl                                     
20000700  g_sContext                                 
20000810  g_sCrystalfontz128x128                     
00006df4  g_sCrystalfontz128x128_funcs               
00006bb4  g_sFontCmtt16                              
00005f15  getSampleJoyStick                          
20000328  hokie_fight                                
00003ee9  howToPlay                                  
00005e61  initADC                                    
00004ee5  initHWTimer0                               
00004f49  initHWTimer1                               
00005c65  initJoyStick                               
00004b89  initialize                                 
00006141  initialize_BoosterpackLED_blue             
0000614d  initialize_BoosterpackLED_green            
00006159  initialize_BoosterpackLED_red              
00006165  initialize_LaunchpadLED1                   
00006171  initialize_LaunchpadLED2_blue              
0000617d  initialize_LaunchpadLED2_green             
00006189  initialize_LaunchpadLED2_red               
00000000  interruptVectors                           
00003c21  ldexp                                      
00003c21  ldexpl                                     
0000521d  ltoa                                       
00002db5  main                                       
00005f31  memccpy                                    
000046a9  memcpy                                     
00004b15  memset                                     
0000339d  rock                                       
00003c21  scalbn                                     
00003c21  scalbnl                                    
0000593d  sprintf                                    
00006195  startADC                                   
0000511d  startHWTimer                               
00006023  strchr                                     
0000609d  strlen                                     
2000071c  timer0                                     
20000734  timer1                                     
000061a1  turnOff_BoosterpackLED_blue                
000061ad  turnOff_BoosterpackLED_green               
000061b9  turnOff_LaunchpadLED1                      
000061c5  turnOff_LaunchpadLED2_blue                 
000061d1  turnOff_LaunchpadLED2_green                
000061dd  turnOff_LaunchpadLED2_red                  
000061e9  turnOn_BoosterpackLED_red                  
000060c3  wcslen                                     


GLOBAL SYMBOLS: SORTED BY Symbol Address 

address   name                                       
-------   ----                                       
00000000  __TI_static_base__                         
00000000  interruptVectors                           
000000e5  __TI_printfi                               
00000200  __STACK_SIZE                               
00000b43  ADC14_IRQHandler                           
00000b43  AES256_IRQHandler                          
00000b43  BusFault_Handler                           
00000b43  COMP_E0_IRQHandler                         
00000b43  COMP_E1_IRQHandler                         
00000b43  CS_IRQHandler                              
00000b43  DMA_ERR_IRQHandler                         
00000b43  DMA_INT0_IRQHandler                        
00000b43  DMA_INT1_IRQHandler                        
00000b43  DMA_INT2_IRQHandler                        
00000b43  DMA_INT3_IRQHandler                        
00000b43  DebugMon_Handler                           
00000b43  Default_Handler                            
00000b43  EUSCIA0_IRQHandler                         
00000b43  EUSCIA1_IRQHandler                         
00000b43  EUSCIA2_IRQHandler                         
00000b43  EUSCIA3_IRQHandler                         
00000b43  EUSCIB0_IRQHandler                         
00000b43  EUSCIB1_IRQHandler                         
00000b43  EUSCIB2_IRQHandler                         
00000b43  EUSCIB3_IRQHandler                         
00000b43  FLCTL_IRQHandler                           
00000b43  FPU_IRQHandler                             
00000b43  HardFault_Handler                          
00000b43  MemManage_Handler                          
00000b43  NMI_Handler                                
00000b43  PCM_IRQHandler                             
00000b43  PORT1_IRQHandler                           
00000b43  PORT2_IRQHandler                           
00000b43  PORT3_IRQHandler                           
00000b43  PORT4_IRQHandler                           
00000b43  PORT5_IRQHandler                           
00000b43  PORT6_IRQHandler                           
00000b43  PSS_IRQHandler                             
00000b43  PendSV_Handler                             
00000b43  RTC_C_IRQHandler                           
00000b43  SVC_Handler                                
00000b43  SysTick_Handler                            
00000b43  T32_INT2_IRQHandler                        
00000b43  T32_INTC_IRQHandler                        
00000b43  TA0_0_IRQHandler                           
00000b43  TA0_N_IRQHandler                           
00000b43  TA1_0_IRQHandler                           
00000b43  TA1_N_IRQHandler                           
00000b43  TA2_0_IRQHandler                           
00000b43  TA2_N_IRQHandler                           
00000b43  TA3_0_IRQHandler                           
00000b43  TA3_N_IRQHandler                           
00000b43  UsageFault_Handler                         
00000b43  WDT_A_IRQHandler                           
00000b45  InitSongList                               
00000fcd  Graphics_drawString                        
0000144b  __aeabi_idiv0                              
0000144b  __aeabi_ldiv0                              
0000144d  MoveYellowCircle                           
00001735  MoveRedCircle                              
000019c1  MoveBlueCircle                             
00001c49  SongChoice                                 
00001ecd  Up                                         
000023bd  Graphics_drawCircle                        
0000262b  Graphics_fillCircle                        
00002bfd  __aeabi_dsub                               
00002c07  __aeabi_dadd                               
00002db5  main                                       
000030c9  Graphics_drawLine                          
0000339d  rock                                       
00003769  __aeabi_ddiv                               
000038a1  Crystalfontz128x128_SetDrawFrame           
000039d5  Crystalfontz128x128_Init                   
00003c21  ldexp                                      
00003c21  ldexpl                                     
00003c21  scalbn                                     
00003c21  scalbnl                                    
00003d31  __aeabi_dmul                               
00003e2d  SystemInit                                 
00003ee9  howToPlay                                  
00004053  SPI_initMaster                             
00004105  ADC14_configureMultiSequenceMode           
000041ad  OneShotSWTimerExpired                      
00004255  ADC14_configureConversionMemory            
000042f9  Down2                                      
00004439  Down                                       
000044d5  Graphics_drawLineH                         
00004571  Graphics_drawLineV                         
0000460d  Menu                                       
000046a9  __aeabi_memcpy                             
000046a9  __aeabi_memcpy4                            
000046a9  __aeabi_memcpy8                            
000046a9  memcpy                                     
00004745  __aeabi_uldivmod                           
000047dd  PlayNote                                   
00004871  GPIO_setAsPeripheralModuleFunctionInputPin 
000048f9  GPIO_setAsPeripheralModuleFunctionOutputPin
00004981  __aeabi_cdcmpeq                            
00004981  __aeabi_cdcmple                            
00004a07  __aeabi_cdrcmple                           
00004a8d  Interrupt_enableInterrupt                  
00004b0d  __aeabi_memclr                             
00004b0d  __aeabi_memclr4                            
00004b0d  __aeabi_memclr8                            
00004b0f  __aeabi_memset                             
00004b0f  __aeabi_memset4                            
00004b0f  __aeabi_memset8                            
00004b15  memset                                     
00004b89  initialize                                 
00004c01  Timer_A_generatePWM                        
00004ce5  Splash                                     
00004d4d  Timer32_initModule                         
00004db5  __TI_decompress_lzss                       
00004e81  frexp                                      
00004e81  frexpl                                     
00004ee5  initHWTimer0                               
00004f49  initHWTimer1                               
0000506d  Graphics_drawPixel                         
0000511d  startHWTimer                               
00005175  ADC14_initModule                           
000051c9  Crystalfontz128x128_SetOrientation         
0000521d  ltoa                                       
00005271  Graphics_initContext                       
00005315  DrawFirstFret                              
00005361  DrawFourthFret                             
000053ad  DrawLeftSide                               
000053f9  DrawRightSide                              
00005445  DrawSecondFret                             
00005491  DrawThirdFret                              
000054dd  DrawVerticalFour                           
00005529  DrawVerticalOne                            
00005575  DrawVerticalThree                          
000055c1  DrawVerticalTwo                            
0000560d  Point                                      
00005659  atoi                                       
000056a5  __aeabi_d2iz                               
000056ed  InitGraphics                               
00005731  PlaySong                                   
00005775  __TI_auto_init_nobinit_nopinit             
000057b9  __aeabi_d2uiz                              
0000583d  GPIO_setAsOutputPin                        
000058bd  HAL_LCD_SpiInit                            
0000593d  sprintf                                    
000059bd  HAL_LCD_writeCommand                       
000059f5  Timer32_startTimer                         
00005a2d  _c_int00_noargs                            
00005a65  Graphics_drawHorizontalLineOnDisplay       
00005a9b  Graphics_drawVerticalLineOnDisplay         
00005ad1  ADC14_enableSampleTimer                    
00005b05  DrawGreenCircle                            
00005b39  DrawRedCircle                              
00005b6d  DrawYellowCircle                           
00005ba1  Timer32_setCount                           
00005bd5  DrawBlueCircle                             
00005c05  GPIO_getInputPinValue                      
00005c35  HAL_LCD_PortInit                           
00005c65  initJoyStick                               
00005c95  __aeabi_i2d                                
00005cc5  ADC14_toggleConversionTrigger              
00005d1d  Graphics_drawPixelOnDisplay                
00005d49  HAL_LCD_writeData                          
00005d75  ADC14_enableConversion                     
00005dc5  GPIO_setOutputHighOnPin                    
00005ded  GPIO_setOutputLowOnPin                     
00005e15  WaitCycles                                 
00005e3d  WDT_A_holdTimer                            
00005e61  initADC                                    
00005e85  InitOneShotSWTimer                         
00005ea3  StartOneShotSWTimer                        
00005ec1  ADC14_getResult                            
00005edd  SPI_enableModule                           
00005ef9  T32_INT1_IRQHandler                        
00005ef9  T32_INT1_IRQHandler                        
00005f15  getSampleJoyStick                          
00005f31  memccpy                                    
00005f4d  Graphics_clearDisplayOnDisplay             
00005f67  Graphics_setBackgroundColor                
00005f81  Graphics_setFont                           
00005fb3  __aeabi_lmul                               
00005fcb  EUSCI_A_SPI_enable                         
00005fe1  EUSCI_B_SPI_enable                         
00005ff7  Graphics_setForegroundColor                
0000600d  Graphics_translateColorOnDisplay           
00006023  strchr                                     
00006039  BoosterpackBottomButton_pressed            
0000604d  BoosterpackTopButton_pressed               
00006061  Timer32_clearInterruptFlag                 
00006075  Timer_A_stopTimer                          
00006089  copysign                                   
00006089  copysignl                                  
0000609d  strlen                                     
000060b1  Graphics_clearDisplay                      
000060c3  wcslen                                     
000060e5  InitFonts                                  
000060f3  InitSound                                  
00006101  Timer32_getValue                           
0000610f  __TI_decompress_none                       
0000611d  ADC14_enableModule                         
00006129  Reset_Handler                              
00006135  __TI_zero_init                             
00006141  initialize_BoosterpackLED_blue             
0000614d  initialize_BoosterpackLED_green            
00006159  initialize_BoosterpackLED_red              
00006165  initialize_LaunchpadLED1                   
00006171  initialize_LaunchpadLED2_blue              
0000617d  initialize_LaunchpadLED2_green             
00006189  initialize_LaunchpadLED2_red               
00006195  startADC                                   
000061a1  turnOff_BoosterpackLED_blue                
000061ad  turnOff_BoosterpackLED_green               
000061b9  turnOff_LaunchpadLED1                      
000061c5  turnOff_LaunchpadLED2_blue                 
000061d1  turnOff_LaunchpadLED2_green                
000061dd  turnOff_LaunchpadLED2_red                  
000061e9  turnOn_BoosterpackLED_red                  
00006209  __aeabi_errno_addr                         
00006211  _system_pre_init                           
00006215  C$$EXIT                                    
00006215  abort                                      
00006ab0  _ctypes_                                   
00006bb4  g_sFontCmtt16                              
00006df4  g_sCrystalfontz128x128_funcs               
00007150  __TI_Handler_Table_Base                    
0000715c  __TI_Handler_Table_Limit                   
00007168  __TI_CINIT_Base                            
00007178  __TI_CINIT_Limit                           
20000000  enter_sandman                              
20000328  hokie_fight                                
20000700  g_sContext                                 
2000071c  timer0                                     
20000734  timer1                                     
2000079c  Lcd_ScreenHeigth                           
2000079e  Lcd_ScreenWidth                            
200007a0  Lcd_TouchTrim                              
200007a2  Lcd_FlagRead                               
200007a3  Lcd_FontSolid                              
200007a4  Lcd_Orientation                            
200007a5  Lcd_PenSolid                               
20000810  g_sCrystalfontz128x128                     
20000820  errno                                      
2000fe00  __stack                                    
20010000  __STACK_END                                
4000480c  WDTCTL_SYM                                 
ffffffff  __TI_pprof_out_hndl                        
ffffffff  __TI_prof_data_size                        
ffffffff  __TI_prof_data_start                       
ffffffff  __binit__                                  
ffffffff  __c_args__                                 
ffffffff  binit                                      
UNDEFED   __mpu_init                                 
UNDEFED   _system_post_cinit                         

[251 symbols]
